<html>
<body>
<pre>
<h1>礦ision Build Log</h1>
<h2>Tool Versions:</h2>
IDE-Version: μVision V5.14.2
Copyright (C) 2015 ARM Ltd and ARM Germany GmbH. All rights reserved.
License Information: Cortex-M3, char, LIC=0VRAR-K7FAB-NRZXL-0DM5J-5GI91-RI7PS
 
Tool Versions:
Toolchain:       MDK-ARM Professional  Version: 5.14.0.0
Toolchain Path:  D:\keil5\ARM\ARMCC\Bin
C Compiler:      Armcc.exe V5.05 update 1 (build 106)
Assembler:       Armasm.exe V5.05 update 1 (build 106)
Linker/Locator:  ArmLink.exe V5.05 update 1 (build 106)
Library Manager: ArmAr.exe V5.05 update 1 (build 106)
Hex Converter:   FromElf.exe V5.05 update 1 (build 106)
CPU DLL:         SARMCM3.DLL V5.14.0.0
Dialog DLL:      DCM.DLL V1.13.1.0
Target DLL:      STLink\ST-LINKIII-KEIL_SWO.dll V2.0.14.0_KEIL
Dialog DLL:      TCM.DLL V1.14.4.0
 
<h2>Project:</h2>
D:\项目\差速ROS小车\PID\car\USER\USART.uvprojx
Project File Date:  05/15/2019

<h2>Output:</h2>
*** Using Compiler 'V5.05 update 1 (build 106)', folder: 'D:\keil5\ARM\ARMCC\Bin'
Build target 'Target 1'
compiling main.c...
compiling stm32f10x_it.c...
compiling system_stm32f10x.c...
compiling timer.c...
compiling led.c...
compiling control.c...
..\HARDWARE\CONTROL\control.c(66): warning:  #223-D: function "abs" declared implicitly
        LeftWheel.MotoPwm =myabs( LeftIncremental_PI(abs(GetEncoder.V5) ,LeftWheel.AimsEncoder ));//获得PID调速后的PWM
..\HARDWARE\CONTROL\control.c: 1 warning, 0 errors
compiling mpu6050.c...
..\HARDWARE\MPU6050\mpu6050.c(7): warning:  #223-D: function "Single_Write" declared implicitly
         Single_Write(0x1A,0x0B,0x01); 
..\HARDWARE\MPU6050\mpu6050.c: 1 warning, 0 errors
compiling kalman.c...
compiling dealdata.c...
compiling Encoder.c...
compiling myiic.c...
compiling delay.c...
compiling sys.c...
compiling usart.c...
compiling core_cm3.c...
compiling misc.c...
compiling stm32f10x_gpio.c...
compiling stm32f10x_rcc.c...
compiling stm32f10x_usart.c...
compiling stm32f10x_tim.c...
compiling stm32f10x_adc.c...
linking...
Program Size: Code=21912 RO-data=852 RW-data=164 ZI-data=2972  
FromELF: creating hex file...
"..\OBJ\USART.axf" - 0 Error(s), 2 Warning(s).

<h2>Collection of Component include folders:</h2>
  D:\项目\差速ROS小车\PID\car\USER\RTE
  D:\keil5\ARM\PACK\Keil\STM32F1xx_DFP\2.1.0\Device\Include

<h2>Collection of Component Files used:</h2>
</pre>
</body>
</html>
