Component: ARM Compiler 5.05 update 1 (build 106) Tool: armlink [4d0efa]

==============================================================================

Section Cross References

    system_stm32f10x.o(.text) refers to system_stm32f10x.o(.data) for SystemCoreClock
    timer.o(.text) refers to stm32f10x_rcc.o(.text) for RCC_APB2PeriphClockCmd
    timer.o(.text) refers to stm32f10x_gpio.o(.text) for GPIO_Init
    timer.o(.text) refers to stm32f10x_tim.o(.text) for TIM_TimeBaseInit
    led.o(.text) refers to stm32f10x_rcc.o(.text) for RCC_APB2PeriphClockCmd
    led.o(.text) refers to stm32f10x_gpio.o(.text) for GPIO_Init
    led.o(.text) refers to led.o(.data) for Buzzer_flag
    control.o(.text) refers to dflt_clz.o(x$fpl$dflt) for __aeabi_i2d
    control.o(.text) refers to ddiv.o(x$fpl$ddiv) for __aeabi_ddiv
    control.o(.text) refers to daddsub_clz.o(x$fpl$dadd) for __aeabi_dadd
    control.o(.text) refers to dfix.o(x$fpl$dfix) for __aeabi_d2iz
    control.o(.text) refers to stm32f10x_tim.o(.text) for TIM_SetCompare1
    control.o(.text) refers to fflt_clz.o(x$fpl$fflt) for __aeabi_i2f
    control.o(.text) refers to fmul.o(x$fpl$fmul) for __aeabi_fmul
    control.o(.text) refers to faddsub_clz.o(x$fpl$fsub) for __aeabi_fsub
    control.o(.text) refers to faddsub_clz.o(x$fpl$fadd) for __aeabi_fadd
    control.o(.text) refers to frleqf.o(x$fpl$frleqf) for __aeabi_cfrcmple
    control.o(.text) refers to fleqf.o(x$fpl$fleqf) for __aeabi_cfcmple
    control.o(.text) refers to ffix.o(x$fpl$ffix) for __aeabi_f2iz
    control.o(.text) refers to control.o(.bss) for LeftWheel
    control.o(.text) refers to control.o(.data) for Bias
    control.o(.text) refers to feqf.o(x$fpl$feqf) for __aeabi_cfcmpeq
    control.o(.text) refers to sin.o(i.sin) for sin
    control.o(.text) refers to dmul.o(x$fpl$dmul) for __aeabi_dmul
    control.o(.text) refers to cos.o(i.cos) for cos
    control.o(.text) refers to daddsub_clz.o(x$fpl$dsub) for __aeabi_dsub
    control.o(.text) refers to encoder.o(.bss) for GetEncoder
    dealdata.o(.text) refers to bsp_usart.o(.text) for USART2_DMA_TX
    dealdata.o(.text) refers to gy85.o(.text) for GetData
    dealdata.o(.text) refers to control.o(.text) for LeftWheelSpeedSet
    dealdata.o(.text) refers to bsp_usart.o(.bss) for TXData
    dealdata.o(.text) refers to control.o(.bss) for AllWheel
    dealdata.o(.text) refers to encoder.o(.bss) for GetEncoder
    dealdata.o(.text) refers to dealdata.o(.data) for temp
    encoder.o(.text) refers to encoder.o(.bss) for GetEncoder
    myiic.o(.text) refers to stm32f10x_rcc.o(.text) for RCC_APB2PeriphClockCmd
    myiic.o(.text) refers to stm32f10x_gpio.o(.text) for GPIO_Init
    gy85.o(.text) refers to myiic.o(.text) for I2C_GPIO_Config
    sys.o(.text) refers to misc.o(.text) for NVIC_PriorityGroupConfig
    bsp_usart.o(.text) refers (Special) to use_no_semi_2.o(.text) for __use_no_semihosting
    bsp_usart.o(.text) refers to stm32f10x_dma.o(.text) for DMA_Cmd
    bsp_usart.o(.text) refers to rt_memcpy_v6.o(.text) for __aeabi_memcpy
    bsp_usart.o(.text) refers to stm32f10x_rcc.o(.text) for RCC_AHBPeriphClockCmd
    bsp_usart.o(.text) refers to stm32f10x_usart.o(.text) for USART_DMACmd
    bsp_usart.o(.text) refers to misc.o(.text) for NVIC_Init
    bsp_usart.o(.text) refers to stm32f10x_gpio.o(.text) for GPIO_Init
    bsp_usart.o(.text) refers to fsc_stos.o(.text) for OSIntEnter
    bsp_usart.o(.text) refers to dealdata.o(.text) for DealRXData
    bsp_usart.o(.text) refers to bsp_usart.o(.bss) for USART2_Tx_Buff
    bsp_usart.o(.text) refers to c89vsnprintf.o(.text) for __c89vsnprintf
    bsp_usart.o(.bss) refers (Special) to use_no_semi_2.o(.text) for __use_no_semihosting
    bsp_usart.o(.data) refers (Special) to use_no_semi_2.o(.text) for __use_no_semihosting
    startup_stm32f10x_hd.o(STACK) refers (Special) to heapauxi.o(.text) for __use_two_region_memory
    startup_stm32f10x_hd.o(HEAP) refers (Special) to heapauxi.o(.text) for __use_two_region_memory
    startup_stm32f10x_hd.o(RESET) refers (Special) to heapauxi.o(.text) for __use_two_region_memory
    startup_stm32f10x_hd.o(RESET) refers to startup_stm32f10x_hd.o(STACK) for __initial_sp
    startup_stm32f10x_hd.o(RESET) refers to startup_stm32f10x_hd.o(.text) for Reset_Handler
    startup_stm32f10x_hd.o(RESET) refers to stm32f10x_it.o(.text) for NMI_Handler
    startup_stm32f10x_hd.o(RESET) refers to fsc_stos.o(.text) for PendSV_Handler
    startup_stm32f10x_hd.o(RESET) refers to fsc_stos.o(.text) for SysTick_Handler
    startup_stm32f10x_hd.o(RESET) refers to bsp_usart.o(.text) for DMA1_Channel3_IRQHandler
    startup_stm32f10x_hd.o(.text) refers (Special) to heapauxi.o(.text) for __use_two_region_memory
    startup_stm32f10x_hd.o(.text) refers to system_stm32f10x.o(.text) for SystemInit
    startup_stm32f10x_hd.o(.text) refers to __main.o(!!!main) for __main
    startup_stm32f10x_hd.o(.text) refers to startup_stm32f10x_hd.o(HEAP) for Heap_Mem
[...]
    _printf_ll                               0x080001c9   Thumb Code     0  _printf_ll.o(.ARM.Collect$$_printf_percent$$00000007)
    _printf_i                                0x080001d3   Thumb Code     0  _printf_i.o(.ARM.Collect$$_printf_percent$$00000008)
    _printf_d                                0x080001d9   Thumb Code     0  _printf_d.o(.ARM.Collect$$_printf_percent$$00000009)
    _printf_u                                0x080001df   Thumb Code     0  _printf_u.o(.ARM.Collect$$_printf_percent$$0000000A)
    _printf_o                                0x080001e5   Thumb Code     0  _printf_o.o(.ARM.Collect$$_printf_percent$$0000000B)
    _printf_x                                0x080001eb   Thumb Code     0  _printf_x.o(.ARM.Collect$$_printf_percent$$0000000C)
    _printf_lli                              0x080001f1   Thumb Code     0  _printf_lli.o(.ARM.Collect$$_printf_percent$$0000000D)
    _printf_lld                              0x080001f7   Thumb Code     0  _printf_lld.o(.ARM.Collect$$_printf_percent$$0000000E)
    _printf_llu                              0x080001fd   Thumb Code     0  _printf_llu.o(.ARM.Collect$$_printf_percent$$0000000F)
    _printf_llo                              0x08000203   Thumb Code     0  _printf_llo.o(.ARM.Collect$$_printf_percent$$00000010)
    _printf_llx                              0x08000209   Thumb Code     0  _printf_llx.o(.ARM.Collect$$_printf_percent$$00000011)
    _printf_l                                0x0800020f   Thumb Code     0  _printf_l.o(.ARM.Collect$$_printf_percent$$00000012)
    _printf_c                                0x08000219   Thumb Code     0  _printf_c.o(.ARM.Collect$$_printf_percent$$00000013)
    _printf_s                                0x0800021f   Thumb Code     0  _printf_s.o(.ARM.Collect$$_printf_percent$$00000014)
    _printf_lc                               0x08000225   Thumb Code     0  _printf_lc.o(.ARM.Collect$$_printf_percent$$00000015)
    _printf_ls                               0x0800022b   Thumb Code     0  _printf_ls.o(.ARM.Collect$$_printf_percent$$00000016)
    _printf_percent_end                      0x08000231   Thumb Code     0  _printf_percent_end.o(.ARM.Collect$$_printf_percent$$00000017)
    __rt_lib_init                            0x08000235   Thumb Code     0  libinit.o(.ARM.Collect$$libinit$$00000000)
    __rt_lib_init_fp_1                       0x08000237   Thumb Code     0  libinit2.o(.ARM.Collect$$libinit$$00000002)
    __rt_lib_init_heap_1                     0x08000237   Thumb Code     0  libinit2.o(.ARM.Collect$$libinit$$0000000A)
    __rt_lib_init_lc_common                  0x08000237   Thumb Code     0  libinit2.o(.ARM.Collect$$libinit$$0000000F)
    __rt_lib_init_preinit_1                  0x08000237   Thumb Code     0  libinit2.o(.ARM.Collect$$libinit$$00000004)
    __rt_lib_init_rand_1                     0x08000237   Thumb Code     0  libinit2.o(.ARM.Collect$$libinit$$0000000E)
    __rt_lib_init_user_alloc_1               0x08000237   Thumb Code     0  libinit2.o(.ARM.Collect$$libinit$$0000000C)
    __rt_lib_init_lc_collate_1               0x0800023d   Thumb Code     0  libinit2.o(.ARM.Collect$$libinit$$00000011)
    __rt_lib_init_lc_ctype_2                 0x0800023d   Thumb Code     0  libinit2.o(.ARM.Collect$$libinit$$00000012)
    __rt_lib_init_lc_ctype_1                 0x08000249   Thumb Code     0  libinit2.o(.ARM.Collect$$libinit$$00000013)
    __rt_lib_init_lc_monetary_1              0x08000249   Thumb Code     0  libinit2.o(.ARM.Collect$$libinit$$00000015)
    __rt_lib_init_lc_numeric_2               0x08000249   Thumb Code     0  libinit2.o(.ARM.Collect$$libinit$$00000016)
    __rt_lib_init_alloca_1                   0x08000253   Thumb Code     0  libinit2.o(.ARM.Collect$$libinit$$0000002E)
    __rt_lib_init_argv_1                     0x08000253   Thumb Code     0  libinit2.o(.ARM.Collect$$libinit$$0000002C)
    __rt_lib_init_atexit_1                   0x08000253   Thumb Code     0  libinit2.o(.ARM.Collect$$libinit$$0000001B)
    __rt_lib_init_clock_1                    0x08000253   Thumb Code     0  libinit2.o(.ARM.Collect$$libinit$$00000021)
    __rt_lib_init_cpp_1                      0x08000253   Thumb Code     0  libinit2.o(.ARM.Collect$$libinit$$00000032)
    __rt_lib_init_exceptions_1               0x08000253   Thumb Code     0  libinit2.o(.ARM.Collect$$libinit$$00000030)
    __rt_lib_init_fp_trap_1                  0x08000253   Thumb Code     0  libinit2.o(.ARM.Collect$$libinit$$0000001F)
    __rt_lib_init_getenv_1                   0x08000253   Thumb Code     0  libinit2.o(.ARM.Collect$$libinit$$00000023)
    __rt_lib_init_lc_numeric_1               0x08000253   Thumb Code     0  libinit2.o(.ARM.Collect$$libinit$$00000017)
    __rt_lib_init_lc_time_1                  0x08000253   Thumb Code     0  libinit2.o(.ARM.Collect$$libinit$$00000019)
    __rt_lib_init_return                     0x08000253   Thumb Code     0  libinit2.o(.ARM.Collect$$libinit$$00000033)
    __rt_lib_init_signal_1                   0x08000253   Thumb Code     0  libinit2.o(.ARM.Collect$$libinit$$0000001D)
    __rt_lib_init_stdio_1                    0x08000253   Thumb Code     0  libinit2.o(.ARM.Collect$$libinit$$00000025)
    __rt_lib_shutdown                        0x08000255   Thumb Code     0  libshutdown.o(.ARM.Collect$$libshutdown$$00000000)
    __rt_lib_shutdown_fp_trap_1              0x08000257   Thumb Code     0  libshutdown2.o(.ARM.Collect$$libshutdown$$00000006)
    __rt_lib_shutdown_heap_1                 0x08000257   Thumb Code     0  libshutdown2.o(.ARM.Collect$$libshutdown$$0000000E)
    __rt_lib_shutdown_return                 0x08000257   Thumb Code     0  libshutdown2.o(.ARM.Collect$$libshutdown$$0000000F)
    __rt_lib_shutdown_signal_1               0x08000257   Thumb Code     0  libshutdown2.o(.ARM.Collect$$libshutdown$$00000009)
    __rt_lib_shutdown_stdio_1                0x08000257   Thumb Code     0  libshutdown2.o(.ARM.Collect$$libshutdown$$00000003)
    __rt_lib_shutdown_user_alloc_1           0x08000257   Thumb Code     0  libshutdown2.o(.ARM.Collect$$libshutdown$$0000000B)
    __rt_entry                               0x08000259   Thumb Code     0  __rtentry.o(.ARM.Collect$$rtentry$$00000000)
    __rt_entry_presh_1                       0x08000259   Thumb Code     0  __rtentry2.o(.ARM.Collect$$rtentry$$00000002)
    __rt_entry_sh                            0x08000259   Thumb Code     0  __rtentry4.o(.ARM.Collect$$rtentry$$00000004)
    __rt_entry_li                            0x0800025f   Thumb Code     0  __rtentry2.o(.ARM.Collect$$rtentry$$0000000A)
    __rt_entry_postsh_1                      0x0800025f   Thumb Code     0  __rtentry2.o(.ARM.Collect$$rtentry$$00000009)
    __rt_entry_main                          0x08000263   Thumb Code     0  __rtentry2.o(.ARM.Collect$$rtentry$$0000000D)
    __rt_entry_postli_1                      0x08000263   Thumb Code     0  __rtentry2.o(.ARM.Collect$$rtentry$$0000000C)
    __rt_exit                                0x0800026b   Thumb Code     0  rtexit.o(.ARM.Collect$$rtexit$$00000000)
    __rt_exit_ls                             0x0800026d   Thumb Code     0  rtexit2.o(.ARM.Collect$$rtexit$$00000003)
    __rt_exit_prels_1                        0x0800026d   Thumb Code     0  rtexit2.o(.ARM.Collect$$rtexit$$00000002)
    __rt_exit_exit                           0x08000271   Thumb Code     0  rtexit2.o(.ARM.Collect$$rtexit$$00000004)
    NMI_Handler                              0x08000277   Thumb Code     2  stm32f10x_it.o(.text)
    HardFault_Handler                        0x08000279   Thumb Code     4  stm32f10x_it.o(.text)
    MemManage_Handler                        0x0800027d   Thumb Code     4  stm32f10x_it.o(.text)
    BusFault_Handler                         0x08000281   Thumb Code     4  stm32f10x_it.o(.text)
    UsageFault_Handler                       0x08000285   Thumb Code     4  stm32f10x_it.o(.text)
    SVC_Handler                              0x08000289   Thumb Code     2  stm32f10x_it.o(.text)
    DebugMon_Handler                         0x0800028b   Thumb Code     2  stm32f10x_it.o(.text)
    SystemInit                               0x0800036b   Thumb Code    78  system_stm32f10x.o(.text)
    SystemCoreClockUpdate                    0x080003b9   Thumb Code   142  system_stm32f10x.o(.text)
    TIM8_PWM_Init                            0x0800046d   Thumb Code   224  timer.o(.text)
    TIM1_PWM_Init                            0x0800054d   Thumb Code   224  timer.o(.text)
    TIM3_Configuration                       0x0800062d   Thumb Code   174  timer.o(.text)
    TIM4_Configuration                       0x080006db   Thumb Code   174  timer.o(.text)
    TIM5_Configuration                       0x08000789   Thumb Code   174  timer.o(.text)
    Time_Config                              0x08000837   Thumb Code    22  timer.o(.text)
    LeftWheelSpeedSet                        0x0800086d   Thumb Code   126  control.o(.text)
    RightWheelSpeedSet                       0x080008eb   Thumb Code   126  control.o(.text)
    ThreeWheelSpeedSet                       0x08000969   Thumb Code   126  control.o(.text)
    SetThree_Pwm                             0x080009e7   Thumb Code    56  control.o(.text)
    SetRight_Pwm                             0x08000a1f   Thumb Code    56  control.o(.text)
    SetLeft_Pwm                              0x08000a57   Thumb Code    56  control.o(.text)
    Xianfu_Pwm                               0x08000a8f   Thumb Code   104  control.o(.text)
    RightIncremental_PI                      0x08000af7   Thumb Code   144  control.o(.text)
    myabs                                    0x08000b87   Thumb Code    14  control.o(.text)
    LeftIncremental_PI                       0x08000b95   Thumb Code   144  control.o(.text)
    RunWheelcontrol                          0x08000c25   Thumb Code   278  control.o(.text)
    ThreeIncremental_PI                      0x08000d3b   Thumb Code   144  control.o(.text)
    Position_PID                             0x08000dcb   Thumb Code   126  control.o(.text)
    PID_AbsoluteMode                         0x08000e49   Thumb Code   206  control.o(.text)
    OmniWheelscontrol                        0x08000f17   Thumb Code   832  control.o(.text)
    TestSendData_To_Ros                      0x0800126d   Thumb Code    88  dealdata.o(.text)
    SendData_To_Ros                          0x080012c5   Thumb Code   398  dealdata.o(.text)
    DealSmallData                            0x08001453   Thumb Code    40  dealdata.o(.text)
    ExtractData                              0x0800147b   Thumb Code   132  dealdata.o(.text)
    DealRXData                               0x080014ff   Thumb Code   166  dealdata.o(.text)
    Get_Encoder_T2                           0x080015c1   Thumb Code   160  encoder.o(.text)
    Get_Encoder_T3                           0x08001661   Thumb Code   158  encoder.o(.text)
    Get_Encoder_T4                           0x080016ff   Thumb Code   158  encoder.o(.text)
    Get_Encoder_T5                           0x0800179d   Thumb Code   158  encoder.o(.text)
    Get_Encoder                              0x0800183b   Thumb Code    16  encoder.o(.text)
    I2C_GPIO_Config                          0x08001861   Thumb Code    72  myiic.o(.text)
    IICdelay_us                              0x080018a9   Thumb Code   158  myiic.o(.text)
    I2C_Start                                0x08001947   Thumb Code    92  myiic.o(.text)
    I2C_Stop                                 0x080019a3   Thumb Code    60  myiic.o(.text)
    I2C_Ack                                  0x080019df   Thumb Code    60  myiic.o(.text)
    I2C_NoAck                                0x08001a1b   Thumb Code    60  myiic.o(.text)
    I2C_WaitAck                              0x08001a57   Thumb Code    92  myiic.o(.text)
    I2C_SendByte                             0x08001ab3   Thumb Code    90  myiic.o(.text)
    I2C_RadeByte                             0x08001b0d   Thumb Code    86  myiic.o(.text)
    IIC_Write_One_Byte                       0x08001b63   Thumb Code    66  myiic.o(.text)
    IIC_Read_One_Byte                        0x08001ba5   Thumb Code    80  myiic.o(.text)
    InitGY85                                 0x08001bfd   Thumb Code   128  gy85.o(.text)
    GetData                                  0x08001c7d   Thumb Code    38  gy85.o(.text)
    GetQMC5883Data                           0x08001ca3   Thumb Code    38  gy85.o(.text)
    NVIC_Configuration                       0x08001cc9   Thumb Code    12  sys.o(.text)
    _sys_exit                                0x08001cd5   Thumb Code     4  bsp_usart.o(.text)
    fputc                                    0x08001cd9   Thumb Code     2  bsp_usart.o(.text)
    USART2_DMA_TX                            0x08001cdb   Thumb Code    52  bsp_usart.o(.text)
    USART2_Config                            0x08001df3   Thumb Code   150  bsp_usart.o(.text)
    USART2_IRQHandler                        0x08001e89   Thumb Code    96  bsp_usart.o(.text)
    DMA1_Channel6_IRQHandler                 0x08001ee9   Thumb Code    30  bsp_usart.o(.text)
    USART3_DMA_TX                            0x08001f07   Thumb Code    58  bsp_usart.o(.text)
    USART3_Config                            0x08002029   Thumb Code   196  bsp_usart.o(.text)
    USART3_IRQHandler                        0x080020ed   Thumb Code    64  bsp_usart.o(.text)
    DMA1_Channel3_IRQHandler                 0x0800212d   Thumb Code    30  bsp_usart.o(.text)
    u3_printf                                0x0800214b   Thumb Code    40  bsp_usart.o(.text)
    Reset_Handler                            0x08002181   Thumb Code     8  startup_stm32f10x_hd.o(.text)
    ADC1_2_IRQHandler                        0x0800219b   Thumb Code     0  startup_stm32f10x_hd.o(.text)
    ADC3_IRQHandler                          0x0800219b   Thumb Code     0  startup_stm32f10x_hd.o(.text)
    CAN1_RX1_IRQHandler                      0x0800219b   Thumb Code     0  startup_stm32f10x_hd.o(.text)
    CAN1_SCE_IRQHandler                      0x0800219b   Thumb Code     0  startup_stm32f10x_hd.o(.text)
    DMA1_Channel1_IRQHandler                 0x0800219b   Thumb Code     0  startup_stm32f10x_hd.o(.text)
    DMA1_Channel2_IRQHandler                 0x0800219b   Thumb Code     0  startup_stm32f10x_hd.o(.text)
    DMA1_Channel4_IRQHandler                 0x0800219b   Thumb Code     0  startup_stm32f10x_hd.o(.text)
    DMA1_Channel5_IRQHandler                 0x0800219b   Thumb Code     0  startup_stm32f10x_hd.o(.text)
    DMA1_Channel7_IRQHandler                 0x0800219b   Thumb Code     0  startup_stm32f10x_hd.o(.text)
    DMA2_Channel1_IRQHandler                 0x0800219b   Thumb Code     0  startup_stm32f10x_hd.o(.text)
    DMA2_Channel2_IRQHandler                 0x0800219b   Thumb Code     0  startup_stm32f10x_hd.o(.text)
    DMA2_Channel3_IRQHandler                 0x0800219b   Thumb Code     0  startup_stm32f10x_hd.o(.text)
    DMA2_Channel4_5_IRQHandler               0x0800219b   Thumb Code     0  startup_stm32f10x_hd.o(.text)
    EXTI0_IRQHandler                         0x0800219b   Thumb Code     0  startup_stm32f10x_hd.o(.text)
    EXTI15_10_IRQHandler                     0x0800219b   Thumb Code     0  startup_stm32f10x_hd.o(.text)
    EXTI1_IRQHandler                         0x0800219b   Thumb Code     0  startup_stm32f10x_hd.o(.text)
    EXTI2_IRQHandler                         0x0800219b   Thumb Code     0  startup_stm32f10x_hd.o(.text)
    EXTI3_IRQHandler                         0x0800219b   Thumb Code     0  startup_stm32f10x_hd.o(.text)
    EXTI4_IRQHandler                         0x0800219b   Thumb Code     0  startup_stm32f10x_hd.o(.text)
    EXTI9_5_IRQHandler                       0x0800219b   Thumb Code     0  startup_stm32f10x_hd.o(.text)
    FLASH_IRQHandler                         0x0800219b   Thumb Code     0  startup_stm32f10x_hd.o(.text)
    FSMC_IRQHandler                          0x0800219b   Thumb Code     0  startup_stm32f10x_hd.o(.text)
    I2C1_ER_IRQHandler                       0x0800219b   Thumb Code     0  startup_stm32f10x_hd.o(.text)
    I2C1_EV_IRQHandler                       0x0800219b   Thumb Code     0  startup_stm32f10x_hd.o(.text)
    I2C2_ER_IRQHandler                       0x0800219b   Thumb Code     0  startup_stm32f10x_hd.o(.text)
    I2C2_EV_IRQHandler                       0x0800219b   Thumb Code     0  startup_stm32f10x_hd.o(.text)
    PVD_IRQHandler                           0x0800219b   Thumb Code     0  startup_stm32f10x_hd.o(.text)
    RCC_IRQHandler                           0x0800219b   Thumb Code     0  startup_stm32f10x_hd.o(.text)
    RTCAlarm_IRQHandler                      0x0800219b   Thumb Code     0  startup_stm32f10x_hd.o(.text)
    RTC_IRQHandler                           0x0800219b   Thumb Code     0  startup_stm32f10x_hd.o(.text)
    SDIO_IRQHandler                          0x0800219b   Thumb Code     0  startup_stm32f10x_hd.o(.text)
    SPI1_IRQHandler                          0x0800219b   Thumb Code     0  startup_stm32f10x_hd.o(.text)
    SPI2_IRQHandler                          0x0800219b   Thumb Code     0  startup_stm32f10x_hd.o(.text)
    SPI3_IRQHandler                          0x0800219b   Thumb Code     0  startup_stm32f10x_hd.o(.text)
    TAMPER_IRQHandler                        0x0800219b   Thumb Code     0  startup_stm32f10x_hd.o(.text)
    TIM1_BRK_IRQHandler                      0x0800219b   Thumb Code     0  startup_stm32f10x_hd.o(.text)
    TIM1_CC_IRQHandler                       0x0800219b   Thumb Code     0  startup_stm32f10x_hd.o(.text)
    TIM1_TRG_COM_IRQHandler                  0x0800219b   Thumb Code     0  startup_stm32f10x_hd.o(.text)
    TIM1_UP_IRQHandler                       0x0800219b   Thumb Code     0  startup_stm32f10x_hd.o(.text)
    TIM2_IRQHandler                          0x0800219b   Thumb Code     0  startup_stm32f10x_hd.o(.text)
    TIM3_IRQHandler                          0x0800219b   Thumb Code     0  startup_stm32f10x_hd.o(.text)
    TIM4_IRQHandler                          0x0800219b   Thumb Code     0  startup_stm32f10x_hd.o(.text)
    TIM5_IRQHandler                          0x0800219b   Thumb Code     0  startup_stm32f10x_hd.o(.text)
    TIM6_IRQHandler                          0x0800219b   Thumb Code     0  startup_stm32f10x_hd.o(.text)
    TIM7_IRQHandler                          0x0800219b   Thumb Code     0  startup_stm32f10x_hd.o(.text)
    TIM8_BRK_IRQHandler                      0x0800219b   Thumb Code     0  startup_stm32f10x_hd.o(.text)
    TIM8_CC_IRQHandler                       0x0800219b   Thumb Code     0  startup_stm32f10x_hd.o(.text)
    TIM8_TRG_COM_IRQHandler                  0x0800219b   Thumb Code     0  startup_stm32f10x_hd.o(.text)
    TIM8_UP_IRQHandler                       0x0800219b   Thumb Code     0  startup_stm32f10x_hd.o(.text)
    UART4_IRQHandler                         0x0800219b   Thumb Code     0  startup_stm32f10x_hd.o(.text)
    UART5_IRQHandler                         0x0800219b   Thumb Code     0  startup_stm32f10x_hd.o(.text)
    USART1_IRQHandler                        0x0800219b   Thumb Code     0  startup_stm32f10x_hd.o(.text)
    USBWakeUp_IRQHandler                     0x0800219b   Thumb Code     0  startup_stm32f10x_hd.o(.text)
    USB_HP_CAN1_TX_IRQHandler                0x0800219b   Thumb Code     0  startup_stm32f10x_hd.o(.text)
    USB_LP_CAN1_RX0_IRQHandler               0x0800219b   Thumb Code     0  startup_stm32f10x_hd.o(.text)
    WWDG_IRQHandler                          0x0800219b   Thumb Code     0  startup_stm32f10x_hd.o(.text)
    __user_initial_stackheap                 0x0800219d   Thumb Code     0  startup_stm32f10x_hd.o(.text)
    NVIC_PriorityGroupConfig                 0x080021c1   Thumb Code    10  misc.o(.text)
    NVIC_Init                                0x080021cb   Thumb Code   100  misc.o(.text)
    NVIC_SetVectorTable                      0x0800222f   Thumb Code    14  misc.o(.text)
    NVIC_SystemLPConfig                      0x0800223d   Thumb Code    34  misc.o(.text)
    SysTick_CLKSourceConfig                  0x0800225f   Thumb Code    40  misc.o(.text)
    GPIO_DeInit                              0x0800229d   Thumb Code   172  stm32f10x_gpio.o(.text)
    GPIO_AFIODeInit                          0x08002349   Thumb Code    20  stm32f10x_gpio.o(.text)
    GPIO_Init                                0x0800235d   Thumb Code   278  stm32f10x_gpio.o(.text)
    GPIO_StructInit                          0x08002473   Thumb Code    16  stm32f10x_gpio.o(.text)
    GPIO_ReadInputDataBit                    0x08002483   Thumb Code    18  stm32f10x_gpio.o(.text)
    GPIO_ReadInputData                       0x08002495   Thumb Code     8  stm32f10x_gpio.o(.text)
    GPIO_ReadOutputDataBit                   0x0800249d   Thumb Code    18  stm32f10x_gpio.o(.text)
    GPIO_ReadOutputData                      0x080024af   Thumb Code     8  stm32f10x_gpio.o(.text)
    GPIO_SetBits                             0x080024b7   Thumb Code     4  stm32f10x_gpio.o(.text)
    GPIO_ResetBits                           0x080024bb   Thumb Code     4  stm32f10x_gpio.o(.text)
    GPIO_WriteBit                            0x080024bf   Thumb Code    10  stm32f10x_gpio.o(.text)
    GPIO_Write                               0x080024c9   Thumb Code     4  stm32f10x_gpio.o(.text)
    GPIO_PinLockConfig                       0x080024cd   Thumb Code    18  stm32f10x_gpio.o(.text)
    GPIO_EventOutputConfig                   0x080024df   Thumb Code    26  stm32f10x_gpio.o(.text)
    GPIO_EventOutputCmd                      0x080024f9   Thumb Code     6  stm32f10x_gpio.o(.text)
    GPIO_PinRemapConfig                      0x080024ff   Thumb Code   138  stm32f10x_gpio.o(.text)
    GPIO_EXTILineConfig                      0x08002589   Thumb Code    66  stm32f10x_gpio.o(.text)
    GPIO_ETH_MediaInterfaceConfig            0x080025cb   Thumb Code     8  stm32f10x_gpio.o(.text)
    RCC_DeInit                               0x080025f9   Thumb Code    64  stm32f10x_rcc.o(.text)
    RCC_HSEConfig                            0x08002639   Thumb Code    70  stm32f10x_rcc.o(.text)
    RCC_GetFlagStatus                        0x0800267f   Thumb Code    56  stm32f10x_rcc.o(.text)
    RCC_WaitForHSEStartUp                    0x080026b7   Thumb Code    56  stm32f10x_rcc.o(.text)
    RCC_AdjustHSICalibrationValue            0x080026ef   Thumb Code    20  stm32f10x_rcc.o(.text)
    RCC_HSICmd                               0x08002703   Thumb Code     6  stm32f10x_rcc.o(.text)
    RCC_PLLConfig                            0x08002709   Thumb Code    24  stm32f10x_rcc.o(.text)
    RCC_PLLCmd                               0x08002721   Thumb Code     6  stm32f10x_rcc.o(.text)
    RCC_SYSCLKConfig                         0x08002727   Thumb Code    18  stm32f10x_rcc.o(.text)
    RCC_GetSYSCLKSource                      0x08002739   Thumb Code    10  stm32f10x_rcc.o(.text)
    RCC_HCLKConfig                           0x08002743   Thumb Code    18  stm32f10x_rcc.o(.text)
    RCC_PCLK1Config                          0x08002755   Thumb Code    18  stm32f10x_rcc.o(.text)
    RCC_PCLK2Config                          0x08002767   Thumb Code    20  stm32f10x_rcc.o(.text)
    RCC_ITConfig                             0x0800277b   Thumb Code    26  stm32f10x_rcc.o(.text)
    RCC_USBCLKConfig                         0x08002795   Thumb Code     8  stm32f10x_rcc.o(.text)
    RCC_ADCCLKConfig                         0x0800279d   Thumb Code    18  stm32f10x_rcc.o(.text)
    RCC_LSEConfig                            0x080027af   Thumb Code    50  stm32f10x_rcc.o(.text)
    RCC_LSICmd                               0x080027e1   Thumb Code     6  stm32f10x_rcc.o(.text)
    RCC_RTCCLKConfig                         0x080027e7   Thumb Code    12  stm32f10x_rcc.o(.text)
    RCC_RTCCLKCmd                            0x080027f3   Thumb Code     8  stm32f10x_rcc.o(.text)
    RCC_GetClocksFreq                        0x080027fb   Thumb Code   192  stm32f10x_rcc.o(.text)
    RCC_AHBPeriphClockCmd                    0x080028bb   Thumb Code    26  stm32f10x_rcc.o(.text)
    RCC_APB2PeriphClockCmd                   0x080028d5   Thumb Code    26  stm32f10x_rcc.o(.text)
    RCC_APB1PeriphClockCmd                   0x080028ef   Thumb Code    26  stm32f10x_rcc.o(.text)
    RCC_APB2PeriphResetCmd                   0x08002909   Thumb Code    26  stm32f10x_rcc.o(.text)
    RCC_APB1PeriphResetCmd                   0x08002923   Thumb Code    26  stm32f10x_rcc.o(.text)
    RCC_BackupResetCmd                       0x0800293d   Thumb Code     8  stm32f10x_rcc.o(.text)
    RCC_ClockSecuritySystemCmd               0x08002945   Thumb Code     6  stm32f10x_rcc.o(.text)
    RCC_MCOConfig                            0x0800294b   Thumb Code     6  stm32f10x_rcc.o(.text)
    RCC_ClearFlag                            0x08002951   Thumb Code    14  stm32f10x_rcc.o(.text)
    RCC_GetITStatus                          0x0800295f   Thumb Code    20  stm32f10x_rcc.o(.text)
    RCC_ClearITPendingBit                    0x08002973   Thumb Code     6  stm32f10x_rcc.o(.text)
    USART_DeInit                             0x0800299d   Thumb Code   134  stm32f10x_usart.o(.text)
    USART_Init                               0x08002a23   Thumb Code   210  stm32f10x_usart.o(.text)
    USART_StructInit                         0x08002af5   Thumb Code    24  stm32f10x_usart.o(.text)
    USART_ClockInit                          0x08002b0d   Thumb Code    34  stm32f10x_usart.o(.text)
    USART_ClockStructInit                    0x08002b2f   Thumb Code    12  stm32f10x_usart.o(.text)
    USART_Cmd                                0x08002b3b   Thumb Code    24  stm32f10x_usart.o(.text)
    USART_ITConfig                           0x08002b53   Thumb Code    74  stm32f10x_usart.o(.text)
    USART_DMACmd                             0x08002b9d   Thumb Code    18  stm32f10x_usart.o(.text)
    USART_SetAddress                         0x08002baf   Thumb Code    18  stm32f10x_usart.o(.text)
    USART_WakeUpConfig                       0x08002bc1   Thumb Code    18  stm32f10x_usart.o(.text)
    USART_ReceiverWakeUpCmd                  0x08002bd3   Thumb Code    24  stm32f10x_usart.o(.text)
    USART_LINBreakDetectLengthConfig         0x08002beb   Thumb Code    18  stm32f10x_usart.o(.text)
    USART_LINCmd                             0x08002bfd   Thumb Code    24  stm32f10x_usart.o(.text)
    USART_SendData                           0x08002c15   Thumb Code     8  stm32f10x_usart.o(.text)
    USART_ReceiveData                        0x08002c1d   Thumb Code    10  stm32f10x_usart.o(.text)
    USART_SendBreak                          0x08002c27   Thumb Code    10  stm32f10x_usart.o(.text)
    USART_SetGuardTime                       0x08002c31   Thumb Code    16  stm32f10x_usart.o(.text)
    USART_SetPrescaler                       0x08002c41   Thumb Code    16  stm32f10x_usart.o(.text)
    USART_SmartCardCmd                       0x08002c51   Thumb Code    24  stm32f10x_usart.o(.text)
    USART_SmartCardNACKCmd                   0x08002c69   Thumb Code    24  stm32f10x_usart.o(.text)
    USART_HalfDuplexCmd                      0x08002c81   Thumb Code    24  stm32f10x_usart.o(.text)
    USART_OverSampling8Cmd                   0x08002c99   Thumb Code    22  stm32f10x_usart.o(.text)
    USART_OneBitMethodCmd                    0x08002caf   Thumb Code    24  stm32f10x_usart.o(.text)
    USART_IrDAConfig                         0x08002cc7   Thumb Code    18  stm32f10x_usart.o(.text)
    USART_IrDACmd                            0x08002cd9   Thumb Code    24  stm32f10x_usart.o(.text)
    USART_GetFlagStatus                      0x08002cf1   Thumb Code    26  stm32f10x_usart.o(.text)
    USART_ClearFlag                          0x08002d0b   Thumb Code    18  stm32f10x_usart.o(.text)
    USART_GetITStatus                        0x08002d1d   Thumb Code    84  stm32f10x_usart.o(.text)
    USART_ClearITPendingBit                  0x08002d71   Thumb Code    52  stm32f10x_usart.o(.text)
    TIM_DeInit                               0x08002da5   Thumb Code   424  stm32f10x_tim.o(.text)
    TIM_TimeBaseInit                         0x08002f4d   Thumb Code   122  stm32f10x_tim.o(.text)
    TIM_OC1Init                              0x08002fc7   Thumb Code   132  stm32f10x_tim.o(.text)
    TIM_OC2Init                              0x0800304b   Thumb Code   154  stm32f10x_tim.o(.text)
    TIM_OC3Init                              0x080030e5   Thumb Code   150  stm32f10x_tim.o(.text)
    TIM_OC4Init                              0x0800317b   Thumb Code   182  stm32f10x_tim.o(.text)
    TIM_SetIC4Prescaler                      0x08003231   Thumb Code    26  stm32f10x_tim.o(.text)
    TIM_SetIC3Prescaler                      0x080032cd   Thumb Code    18  stm32f10x_tim.o(.text)
    TIM_SetIC2Prescaler                      0x08003359   Thumb Code    26  stm32f10x_tim.o(.text)
    TIM_SetIC1Prescaler                      0x080033f5   Thumb Code    18  stm32f10x_tim.o(.text)
    TIM_ICInit                               0x08003473   Thumb Code   150  stm32f10x_tim.o(.text)
    TIM_PWMIConfig                           0x08003509   Thumb Code   124  stm32f10x_tim.o(.text)
    TIM_BDTRConfig                           0x08003585   Thumb Code    32  stm32f10x_tim.o(.text)
    TIM_TimeBaseStructInit                   0x080035a5   Thumb Code    18  stm32f10x_tim.o(.text)
    TIM_OCStructInit                         0x080035b7   Thumb Code    20  stm32f10x_tim.o(.text)
    TIM_ICStructInit                         0x080035cb   Thumb Code    18  stm32f10x_tim.o(.text)
    TIM_BDTRStructInit                       0x080035dd   Thumb Code    40  stm32f10x_tim.o(.text)
    TIM_Cmd                                  0x08003605   Thumb Code    24  stm32f10x_tim.o(.text)
    TIM_CtrlPWMOutputs                       0x0800361d   Thumb Code    30  stm32f10x_tim.o(.text)
    TIM_ITConfig                             0x0800363b   Thumb Code    18  stm32f10x_tim.o(.text)
    TIM_GenerateEvent                        0x0800364d   Thumb Code     4  stm32f10x_tim.o(.text)
    TIM_DMAConfig                            0x08003651   Thumb Code    10  stm32f10x_tim.o(.text)
    TIM_DMACmd                               0x0800365b   Thumb Code    18  stm32f10x_tim.o(.text)
    TIM_InternalClockConfig                  0x0800366d   Thumb Code    12  stm32f10x_tim.o(.text)
    TIM_SelectInputTrigger                   0x08003679   Thumb Code    18  stm32f10x_tim.o(.text)
    TIM_ITRxExternalClockConfig              0x0800368b   Thumb Code    24  stm32f10x_tim.o(.text)
    TIM_TIxExternalClockConfig               0x080036a3   Thumb Code    62  stm32f10x_tim.o(.text)
    TIM_ETRConfig                            0x080036e1   Thumb Code    28  stm32f10x_tim.o(.text)
    TIM_ETRClockMode1Config                  0x080036fd   Thumb Code    54  stm32f10x_tim.o(.text)
    TIM_ETRClockMode2Config                  0x08003733   Thumb Code    32  stm32f10x_tim.o(.text)
    TIM_PrescalerConfig                      0x08003753   Thumb Code     6  stm32f10x_tim.o(.text)
    TIM_CounterModeConfig                    0x08003759   Thumb Code    18  stm32f10x_tim.o(.text)
    TIM_EncoderInterfaceConfig               0x0800376b   Thumb Code    66  stm32f10x_tim.o(.text)
    TIM_ForcedOC1Config                      0x080037ad   Thumb Code    18  stm32f10x_tim.o(.text)
    TIM_ForcedOC2Config                      0x080037bf   Thumb Code    26  stm32f10x_tim.o(.text)
    TIM_ForcedOC3Config                      0x080037d9   Thumb Code    18  stm32f10x_tim.o(.text)
    TIM_ForcedOC4Config                      0x080037eb   Thumb Code    26  stm32f10x_tim.o(.text)
    TIM_ARRPreloadConfig                     0x08003805   Thumb Code    24  stm32f10x_tim.o(.text)
    TIM_SelectCOM                            0x0800381d   Thumb Code    24  stm32f10x_tim.o(.text)
    TIM_SelectCCDMA                          0x08003835   Thumb Code    24  stm32f10x_tim.o(.text)
    TIM_CCPreloadControl                     0x0800384d   Thumb Code    24  stm32f10x_tim.o(.text)
    TIM_OC1PreloadConfig                     0x08003865   Thumb Code    18  stm32f10x_tim.o(.text)
    TIM_OC2PreloadConfig                     0x08003877   Thumb Code    26  stm32f10x_tim.o(.text)
    TIM_OC3PreloadConfig                     0x08003891   Thumb Code    18  stm32f10x_tim.o(.text)
    TIM_OC4PreloadConfig                     0x080038a3   Thumb Code    26  stm32f10x_tim.o(.text)
    TIM_OC1FastConfig                        0x080038bd   Thumb Code    18  stm32f10x_tim.o(.text)
    TIM_OC2FastConfig                        0x080038cf   Thumb Code    26  stm32f10x_tim.o(.text)
    TIM_OC3FastConfig                        0x080038e9   Thumb Code    18  stm32f10x_tim.o(.text)
    TIM_OC4FastConfig                        0x080038fb   Thumb Code    26  stm32f10x_tim.o(.text)
    TIM_ClearOC1Ref                          0x08003915   Thumb Code    18  stm32f10x_tim.o(.text)
    TIM_ClearOC2Ref                          0x08003927   Thumb Code    24  stm32f10x_tim.o(.text)
    TIM_ClearOC3Ref                          0x0800393f   Thumb Code    18  stm32f10x_tim.o(.text)
    TIM_ClearOC4Ref                          0x08003951   Thumb Code    24  stm32f10x_tim.o(.text)
    TIM_OC1PolarityConfig                    0x08003969   Thumb Code    18  stm32f10x_tim.o(.text)
    TIM_OC1NPolarityConfig                   0x0800397b   Thumb Code    18  stm32f10x_tim.o(.text)
    TIM_OC2PolarityConfig                    0x0800398d   Thumb Code    26  stm32f10x_tim.o(.text)
    TIM_OC2NPolarityConfig                   0x080039a7   Thumb Code    26  stm32f10x_tim.o(.text)
    TIM_OC3PolarityConfig                    0x080039c1   Thumb Code    26  stm32f10x_tim.o(.text)
    TIM_OC3NPolarityConfig                   0x080039db   Thumb Code    26  stm32f10x_tim.o(.text)
    TIM_OC4PolarityConfig                    0x080039f5   Thumb Code    26  stm32f10x_tim.o(.text)
    TIM_CCxCmd                               0x08003a0f   Thumb Code    30  stm32f10x_tim.o(.text)
    TIM_CCxNCmd                              0x08003a2d   Thumb Code    30  stm32f10x_tim.o(.text)
    TIM_SelectOCxM                           0x08003a4b   Thumb Code    82  stm32f10x_tim.o(.text)
    TIM_UpdateDisableConfig                  0x08003a9d   Thumb Code    24  stm32f10x_tim.o(.text)
    TIM_UpdateRequestConfig                  0x08003ab5   Thumb Code    24  stm32f10x_tim.o(.text)
    TIM_SelectHallSensor                     0x08003acd   Thumb Code    24  stm32f10x_tim.o(.text)
    TIM_SelectOnePulseMode                   0x08003ae5   Thumb Code    18  stm32f10x_tim.o(.text)
    TIM_SelectOutputTrigger                  0x08003af7   Thumb Code    18  stm32f10x_tim.o(.text)
    TIM_SelectSlaveMode                      0x08003b09   Thumb Code    18  stm32f10x_tim.o(.text)
    TIM_SelectMasterSlaveMode                0x08003b1b   Thumb Code    18  stm32f10x_tim.o(.text)
    TIM_SetCounter                           0x08003b2d   Thumb Code     4  stm32f10x_tim.o(.text)
    TIM_SetAutoreload                        0x08003b31   Thumb Code     4  stm32f10x_tim.o(.text)
    TIM_SetCompare1                          0x08003b35   Thumb Code     4  stm32f10x_tim.o(.text)
    TIM_SetCompare2                          0x08003b39   Thumb Code     4  stm32f10x_tim.o(.text)
    TIM_SetCompare3                          0x08003b3d   Thumb Code     4  stm32f10x_tim.o(.text)
    TIM_SetCompare4                          0x08003b41   Thumb Code     6  stm32f10x_tim.o(.text)
    TIM_SetClockDivision                     0x08003b47   Thumb Code    18  stm32f10x_tim.o(.text)
    TIM_GetCapture1                          0x08003b59   Thumb Code     6  stm32f10x_tim.o(.text)
    TIM_GetCapture2                          0x08003b5f   Thumb Code     6  stm32f10x_tim.o(.text)
    TIM_GetCapture3                          0x08003b65   Thumb Code     6  stm32f10x_tim.o(.text)
    TIM_GetCapture4                          0x08003b6b   Thumb Code     8  stm32f10x_tim.o(.text)
    TIM_GetCounter                           0x08003b73   Thumb Code     6  stm32f10x_tim.o(.text)
    TIM_GetPrescaler                         0x08003b79   Thumb Code     6  stm32f10x_tim.o(.text)
    TIM_GetFlagStatus                        0x08003b7f   Thumb Code    18  stm32f10x_tim.o(.text)
    TIM_ClearFlag                            0x08003b91   Thumb Code     6  stm32f10x_tim.o(.text)
    TIM_GetITStatus                          0x08003b97   Thumb Code    34  stm32f10x_tim.o(.text)
    TIM_ClearITPendingBit                    0x08003bb9   Thumb Code     6  stm32f10x_tim.o(.text)
    DMA_DeInit                               0x08003bc1   Thumb Code   324  stm32f10x_dma.o(.text)
    DMA_Init                                 0x08003d05   Thumb Code    60  stm32f10x_dma.o(.text)
    DMA_StructInit                           0x08003d41   Thumb Code    26  stm32f10x_dma.o(.text)
    DMA_Cmd                                  0x08003d5b   Thumb Code    24  stm32f10x_dma.o(.text)
    DMA_ITConfig                             0x08003d73   Thumb Code    18  stm32f10x_dma.o(.text)
    DMA_SetCurrDataCounter                   0x08003d85   Thumb Code     4  stm32f10x_dma.o(.text)
    DMA_GetCurrDataCounter                   0x08003d89   Thumb Code     8  stm32f10x_dma.o(.text)
    DMA_GetFlagStatus                        0x08003d91   Thumb Code    40  stm32f10x_dma.o(.text)
    DMA_ClearFlag                            0x08003db9   Thumb Code    22  stm32f10x_dma.o(.text)
    DMA_GetITStatus                          0x08003dcf   Thumb Code    40  stm32f10x_dma.o(.text)
    DMA_ClearITPendingBit                    0x08003df7   Thumb Code    22  stm32f10x_dma.o(.text)
    OSTaskStkInit                            0x08003e15   Thumb Code   156  fsc_stos.o(.text)
    SysTickInit                              0x08003eb1   Thumb Code    58  fsc_stos.o(.text)
    OS_delayMs                               0x08003eeb   Thumb Code    48  fsc_stos.o(.text)
    OSSchedUnlock                            0x08003f1b   Thumb Code    72  fsc_stos.o(.text)
    OSTaskStateSet                           0x08003f63   Thumb Code   128  fsc_stos.o(.text)
    OSSchedLock                              0x08003fe3   Thumb Code    44  fsc_stos.o(.text)
    OS_TaskManage                            0x0800400f   Thumb Code   614  fsc_stos.o(.text)
    OSCreatTaskManage                        0x08004275   Thumb Code   340  fsc_stos.o(.text)
    OS_TaskIdle                              0x080043c9   Thumb Code     4  fsc_stos.o(.text)
    OS_CreatTaskIdle                         0x080043cd   Thumb Code    38  fsc_stos.o(.text)
    OSInit                                   0x080043f3   Thumb Code   264  fsc_stos.o(.text)
    OSTaskCreate                             0x080044fb   Thumb Code   160  fsc_stos.o(.text)
    SysTick_Handler                          0x0800459b   Thumb Code    20  fsc_stos.o(.text)
    OSTaskStateGet                           0x080045af   Thumb Code    58  fsc_stos.o(.text)
    OSTaskSwitchBack                         0x080045e9   Thumb Code   100  fsc_stos.o(.text)
    OSTaskSwitch                             0x0800464d   Thumb Code   114  fsc_stos.o(.text)
    OSIntEnter                               0x080046bf   Thumb Code    30  fsc_stos.o(.text)
    OSIntExit                                0x080046dd   Thumb Code    30  fsc_stos.o(.text)
    OSTaskSwISR                              0x080046fb   Thumb Code    20  fsc_stos.o(.text)
    OSFlagPost                               0x0800470f   Thumb Code    10  fsc_stos.o(.text)
    OSFlagPend                               0x08004719   Thumb Code    22  fsc_stos.o(.text)
    OSMutexPost                              0x0800472f   Thumb Code    36  fsc_stos.o(.text)
    OSMutexPend                              0x08004753   Thumb Code    44  fsc_stos.o(.text)
    OSMboxPost                               0x0800477f   Thumb Code    10  fsc_stos.o(.text)
    OSMboxPend                               0x08004789   Thumb Code    80  fsc_stos.o(.text)
    GetOSSliceTime                           0x080047d9   Thumb Code     6  fsc_stos.o(.text)
    GetOSTimerVal                            0x080047df   Thumb Code     8  fsc_stos.o(.text)
    delay_us                                 0x080047e7   Thumb Code   104  fsc_stos.o(.text)
    delay_ms                                 0x0800484f   Thumb Code    44  fsc_stos.o(.text)
    Task5                                    0x0800488d   Thumb Code   112  main_1.o(.text)
    Task4                                    0x080048fd   Thumb Code    88  main_1.o(.text)
    Task3                                    0x08004955   Thumb Code    14  main_1.o(.text)
    Task2                                    0x08004963   Thumb Code    22  main_1.o(.text)
    Task1                                    0x08004979   Thumb Code    14  main_1.o(.text)
    main                                     0x08004987   Thumb Code   112  main_1.o(.text)
    OS_INT_OFF                               0x08004a8d   Thumb Code     0  fsc_stos.o(.text)
    OS_INT_ON                                0x08004a91   Thumb Code     0  fsc_stos.o(.text)
    OSStart                                  0x08004a95   Thumb Code     0  fsc_stos.o(.text)
    PendSV_Handler                           0x08004ab3   Thumb Code     0  fsc_stos.o(.text)
    OSCtxSw                                  0x08004b4f   Thumb Code     0  fsc_stos.o(.text)
    __use_no_semihosting                     0x08004bbd   Thumb Code     2  use_no_semi_2.o(.text)
    __c89vsnprintf                           0x08004bc1   Thumb Code    48  c89vsnprintf.o(.text)
    __2printf                                0x08004bf5   Thumb Code    20  __2printf.o(.text)
    _printf_str                              0x08004c0d   Thumb Code    82  _printf_str.o(.text)
    _printf_int_dec                          0x08004c61   Thumb Code   104  _printf_dec.o(.text)
    __printf                                 0x08004cd9   Thumb Code   388  __printf_flags_ss_wp.o(.text)
    strtok                                   0x08004e61   Thumb Code     6  strtok.o(.text)
    __aeabi_memcpy                           0x08004e6d   Thumb Code     0  rt_memcpy_v6.o(.text)
    __rt_memcpy                              0x08004e6d   Thumb Code   138  rt_memcpy_v6.o(.text)
    _memcpy_lastbytes                        0x08004ed3   Thumb Code     0  rt_memcpy_v6.o(.text)
    strcmp                                   0x08004ef9   Thumb Code   128  strcmpv7m.o(.text)
    __use_two_region_memory                  0x08004f79   Thumb Code     2  heapauxi.o(.text)
    __rt_heap_escrow$2region                 0x08004f7b   Thumb Code     2  heapauxi.o(.text)
    __rt_heap_expand$2region                 0x08004f7d   Thumb Code     2  heapauxi.o(.text)
    __I$use$semihosting                      0x08004f7f   Thumb Code     0  use_no_semi.o(.text)
    __use_no_semihosting_swi                 0x08004f7f   Thumb Code     2  use_no_semi.o(.text)
    __read_errno                             0x08004f81   Thumb Code    10  _rserrno.o(.text)
    __set_errno                              0x08004f8b   Thumb Code    12  _rserrno.o(.text)
    _printf_pre_padding                      0x08004f97   Thumb Code    44  _printf_pad.o(.text)
    _printf_post_padding                     0x08004fc3   Thumb Code    34  _printf_pad.o(.text)
    _printf_truncate_signed                  0x08004fe5   Thumb Code    18  _printf_truncate.o(.text)
    _printf_truncate_unsigned                0x08004ff7   Thumb Code    18  _printf_truncate.o(.text)
    _printf_int_common                       0x08005009   Thumb Code   178  _printf_intcommon.o(.text)
    _printf_charcount                        0x080050bb   Thumb Code    40  _printf_charcount.o(.text)
    __lib_sel_fp_printf                      0x080050e3   Thumb Code     2  _printf_fp_dec.o(.text)
    _printf_fp_dec_real                      0x08005291   Thumb Code   620  _printf_fp_dec.o(.text)
    _printf_char_common                      0x08005507   Thumb Code    32  _printf_char_common.o(.text)
    _sputc                                   0x0800552d   Thumb Code    10  _sputc.o(.text)
    _snputc                                  0x08005537   Thumb Code    16  _snputc.o(.text)
    _printf_cs_common                        0x08005547   Thumb Code    20  _printf_char.o(.text)
    _printf_char                             0x0800555b   Thumb Code    16  _printf_char.o(.text)
    _printf_string                           0x0800556b   Thumb Code     8  _printf_char.o(.text)
    _printf_char_file                        0x08005575   Thumb Code    32  _printf_char_file.o(.text)
    _printf_wctomb                           0x08005599   Thumb Code   182  _printf_wctomb.o(.text)
    _printf_longlong_dec                     0x08005655   Thumb Code   108  _printf_longlong_dec.o(.text)
    _printf_longlong_oct                     0x080056d1   Thumb Code    68  _printf_oct_int_ll.o(.text)
    _printf_int_oct                          0x08005715   Thumb Code    24  _printf_oct_int_ll.o(.text)
    _printf_ll_oct                           0x0800572d   Thumb Code    12  _printf_oct_int_ll.o(.text)
    _printf_longlong_hex                     0x08005741   Thumb Code    86  _printf_hex_int_ll_ptr.o(.text)
    _printf_int_hex                          0x08005797   Thumb Code    28  _printf_hex_int_ll_ptr.o(.text)
    _printf_ll_hex                           0x080057b3   Thumb Code    12  _printf_hex_int_ll_ptr.o(.text)
    _printf_hex_ptr                          0x080057bf   Thumb Code    18  _printf_hex_int_ll_ptr.o(.text)
    __strtok_internal                        0x080057d5   Thumb Code    64  strtok_int.o(.text)
    __aeabi_memcpy4                          0x08005819   Thumb Code     0  rt_memcpy_w.o(.text)
    __aeabi_memcpy8                          0x08005819   Thumb Code     0  rt_memcpy_w.o(.text)
    __rt_memcpy_w                            0x08005819   Thumb Code   100  rt_memcpy_w.o(.text)
    _memcpy_lastbytes_aligned                0x08005861   Thumb Code     0  rt_memcpy_w.o(.text)
    __rt_locale                              0x0800587d   Thumb Code     8  rt_locale_intlibspace.o(.text)
    __aeabi_errno_addr                       0x08005885   Thumb Code     8  rt_errno_addr_intlibspace.o(.text)
    __errno$intlibspace                      0x08005885   Thumb Code     0  rt_errno_addr_intlibspace.o(.text)
    __rt_errno_addr$intlibspace              0x08005885   Thumb Code     0  rt_errno_addr_intlibspace.o(.text)
    _ll_udiv10                               0x0800588d   Thumb Code   138  lludiv10.o(.text)
    _printf_fp_infnan                        0x08005919   Thumb Code   112  _printf_fp_infnan.o(.text)
    _printf_lcs_common                       0x08005999   Thumb Code    20  _printf_wchar.o(.text)
    _printf_wchar                            0x080059ad   Thumb Code    16  _printf_wchar.o(.text)
    _printf_wstring                          0x080059bd   Thumb Code     8  _printf_wchar.o(.text)
    _btod_etento                             0x080059c5   Thumb Code   216  bigflt0.o(.text)
    ferror                                   0x08005aa1   Thumb Code     8  ferror.o(.text)
    _wcrtomb                                 0x08005aa9   Thumb Code    64  _wcrtomb.o(.text)
    strcspn                                  0x08005ae9   Thumb Code    32  strcspn.o(.text)
    strspn                                   0x08005b09   Thumb Code    28  strspn.o(.text)
    __user_libspace                          0x08005b25   Thumb Code     8  libspace.o(.text)
    __user_perproc_libspace                  0x08005b25   Thumb Code     0  libspace.o(.text)
    __user_perthread_libspace                0x08005b25   Thumb Code     0  libspace.o(.text)
    __user_setup_stackheap                   0x08005b2d   Thumb Code    74  sys_stackheap_outer.o(.text)
    __rt_ctype_table                         0x08005b79   Thumb Code    16  rt_ctype_table.o(.text)
    exit                                     0x08005b89   Thumb Code    12  exit.o(.text)
    _btod_d2e                                0x08005b95   Thumb Code    62  btod.o(CL$$btod_d2e)
    _d2e_denorm_low                          0x08005bd3   Thumb Code    70  btod.o(CL$$btod_d2e_denorm_low)
    _d2e_norm_op1                            0x08005c19   Thumb Code    96  btod.o(CL$$btod_d2e_norm_op1)
    __btod_div_common                        0x08005c79   Thumb Code   696  btod.o(CL$$btod_div_common)
    _e2e                                     0x08005fb1   Thumb Code   198  btod.o(CL$$btod_e2e)
    _btod_ediv                               0x08006077   Thumb Code    40  btod.o(CL$$btod_ediv)
    _btod_emul                               0x0800609f   Thumb Code    40  btod.o(CL$$btod_emul)
    __btod_mult_common                       0x080060c7   Thumb Code   580  btod.o(CL$$btod_mult_common)
    OSCoreSW                                 0x0800630d   Thumb Code   456  fsc_stos_a.o(i.OSCoreSW)
    __ARM_fpclassify                         0x080064e9   Thumb Code    40  fpclassify.o(i.__ARM_fpclassify)
    __ieee754_rem_pio2                       0x08006511   Thumb Code   828  rred.o(i.__ieee754_rem_pio2)
    __kernel_cos                             0x08006899   Thumb Code   230  cos_i.o(i.__kernel_cos)
    __kernel_poly                            0x08006995   Thumb Code   170  poly.o(i.__kernel_poly)
    __kernel_sin                             0x08006a41   Thumb Code   224  sin_i.o(i.__kernel_sin)
    __mathlib_dbl_infnan                     0x08006b2d   Thumb Code     6  dunder.o(i.__mathlib_dbl_infnan)
    __mathlib_dbl_invalid                    0x08006b33   Thumb Code    12  dunder.o(i.__mathlib_dbl_invalid)
    __mathlib_dbl_underflow                  0x08006b41   Thumb Code    10  dunder.o(i.__mathlib_dbl_underflow)
    _is_digit                                0x08006b51   Thumb Code    14  __printf_wp.o(i._is_digit)
    cos                                      0x08006b61   Thumb Code   148  cos.o(i.cos)
    sin                                      0x08006bfd   Thumb Code   150  sin.o(i.sin)
    _get_lc_numeric                          0x08006c9d   Thumb Code    44  lc_numeric_c.o(locale$$code)
    _get_lc_ctype                            0x08006cc9   Thumb Code    44  lc_ctype_c.o(locale$$code)
    __aeabi_dadd                             0x08006cf5   Thumb Code     0  daddsub_clz.o(x$fpl$dadd)
    _dadd                                    0x08006cf5   Thumb Code   332  daddsub_clz.o(x$fpl$dadd)
    __fpl_dcheck_NaN1                        0x08006e45   Thumb Code    10  dcheck1.o(x$fpl$dcheck1)
    __aeabi_ddiv                             0x08006e55   Thumb Code     0  ddiv.o(x$fpl$ddiv)
    _ddiv                                    0x08006e55   Thumb Code   552  ddiv.o(x$fpl$ddiv)
    __aeabi_d2iz                             0x08007105   Thumb Code     0  dfix.o(x$fpl$dfix)
    _dfix                                    0x08007105   Thumb Code    94  dfix.o(x$fpl$dfix)
    __aeabi_i2d                              0x08007163   Thumb Code     0  dflt_clz.o(x$fpl$dflt)
    _dflt                                    0x08007163   Thumb Code    46  dflt_clz.o(x$fpl$dflt)
    __aeabi_ui2d                             0x08007191   Thumb Code     0  dflt_clz.o(x$fpl$dfltu)
    _dfltu                                   0x08007191   Thumb Code    38  dflt_clz.o(x$fpl$dfltu)
    __aeabi_dmul                             0x080071b9   Thumb Code     0  dmul.o(x$fpl$dmul)
    _dmul                                    0x080071b9   Thumb Code   332  dmul.o(x$fpl$dmul)
    __fpl_dnaninf                            0x0800730d   Thumb Code   156  dnaninf.o(x$fpl$dnaninf)
    __fpl_dretinf                            0x080073a9   Thumb Code    12  dretinf.o(x$fpl$dretinf)
    __aeabi_drsub                            0x080073b5   Thumb Code     0  daddsub_clz.o(x$fpl$drsb)
    _drsb                                    0x080073b5   Thumb Code    22  daddsub_clz.o(x$fpl$drsb)
    __aeabi_dsub                             0x080073cd   Thumb Code     0  daddsub_clz.o(x$fpl$dsub)
    _dsub                                    0x080073cd   Thumb Code   464  daddsub_clz.o(x$fpl$dsub)
    __aeabi_fadd                             0x080075a1   Thumb Code     0  faddsub_clz.o(x$fpl$fadd)
    _fadd                                    0x080075a1   Thumb Code   196  faddsub_clz.o(x$fpl$fadd)
    __fpl_fcmp_Inf                           0x08007665   Thumb Code    24  fcmpi.o(x$fpl$fcmpinf)
    __aeabi_cfcmpeq                          0x0800767d   Thumb Code     0  feqf.o(x$fpl$feqf)
    _fcmpeq                                  0x0800767d   Thumb Code   104  feqf.o(x$fpl$feqf)
    __aeabi_f2iz                             0x080076e5   Thumb Code     0  ffix.o(x$fpl$ffix)
    _ffix                                    0x080076e5   Thumb Code    54  ffix.o(x$fpl$ffix)
    __aeabi_i2f                              0x0800771d   Thumb Code     0  fflt_clz.o(x$fpl$fflt)
    _fflt                                    0x0800771d   Thumb Code    48  fflt_clz.o(x$fpl$fflt)
    __aeabi_cfcmple                          0x0800774d   Thumb Code     0  fleqf.o(x$fpl$fleqf)
    _fcmple                                  0x0800774d   Thumb Code   104  fleqf.o(x$fpl$fleqf)
    __fpl_fcmple_InfNaN                      0x0800779f   Thumb Code     0  fleqf.o(x$fpl$fleqf)
    __aeabi_fmul                             0x080077b5   Thumb Code     0  fmul.o(x$fpl$fmul)
    _fmul                                    0x080077b5   Thumb Code   258  fmul.o(x$fpl$fmul)
    __fpl_fnaninf                            0x080078b7   Thumb Code   140  fnaninf.o(x$fpl$fnaninf)
    __fpl_fretinf                            0x08007943   Thumb Code    10  fretinf.o(x$fpl$fretinf)
    __aeabi_cfrcmple                         0x0800794d   Thumb Code     0  frleqf.o(x$fpl$frleqf)
    _frcmple                                 0x0800794d   Thumb Code    98  frleqf.o(x$fpl$frleqf)
    __aeabi_fsub                             0x080079b1   Thumb Code     0  faddsub_clz.o(x$fpl$fsub)
    _fsub                                    0x080079b1   Thumb Code   234  faddsub_clz.o(x$fpl$fsub)
    _printf_fp_dec                           0x08007a9b   Thumb Code     4  printf1.o(x$fpl$printf1)
    __fpl_return_NaN                         0x08007a9f   Thumb Code   100  retnan.o(x$fpl$retnan)
    __ARM_scalbn                             0x08007b03   Thumb Code    92  scalbn.o(x$fpl$scalbn)
    __fpl_cmpreturn                          0x08007b5f   Thumb Code    48  trapv.o(x$fpl$trapveneer)
    __I$use$fp                               0x08007b8e   Number         0  usenofp.o(x$fpl$usenofp)
    Region$$Table$$Base                      0x08007d84   Number         0  anon$$obj.o(Region$$Table)
    Region$$Table$$Limit                     0x08007da4   Number         0  anon$$obj.o(Region$$Table)
    __ctype                                  0x08007dcd   Data           0  lc_ctype_c.o(locale$$data)
    SystemCoreClock                          0x20000000   Data           4  system_stm32f10x.o(.data)
    AHBPrescTable                            0x20000004   Data          16  system_stm32f10x.o(.data)
    Amplitude_PKP                            0x20000018   Data           4  control.o(.data)
    Amplitude_PKI                            0x2000001c   Data           4  control.o(.data)
    Amplitude_PKD                            0x20000020   Data           4  control.o(.data)
    Amplitude_VKP                            0x20000024   Data           4  control.o(.data)
    Amplitude_VKI                            0x20000028   Data           4  control.o(.data)
    LVelocity_KP                             0x2000002c   Data           4  control.o(.data)
    LVelocity_KI                             0x20000030   Data           4  control.o(.data)
    RVelocity_KP                             0x20000034   Data           4  control.o(.data)
    RVelocity_KI                             0x20000038   Data           4  control.o(.data)
    TVelocity_KP                             0x2000003c   Data           4  control.o(.data)
    TVelocity_KI                             0x20000040   Data           4  control.o(.data)
    Position_KP                              0x20000044   Data           4  control.o(.data)
    Position_KI                              0x20000048   Data           4  control.o(.data)
    Position_KD                              0x2000004c   Data           4  control.o(.data)
    DealData_Rx                              0x200000a0   Data           8  dealdata.o(.data)
    __stdout                                 0x200000ac   Data           4  bsp_usart.o(.data)
    Systick_priority                         0x200000c4   Data           4  fsc_stos.o(.data)
    Null                                     0x200000c8   Data           4  fsc_stos.o(.data)
    MutexOSTaskNum                           0x200000cc   Data           8  fsc_stos.o(.data)
    OSTCBRun                                 0x200000d4   Data           4  fsc_stos.o(.data)
    OSTCBCur                                 0x200000d8   Data           4  fsc_stos.o(.data)
    OSTCBNext                                0x200000dc   Data           4  fsc_stos.o(.data)
    cmd                                      0x200000e0   Data           8  fsc_stos.o(.data)
    LeftWheel                                0x200000f0   Data          20  control.o(.bss)
    RightWheel                               0x20000104   Data          20  control.o(.bss)
    ThreeWheel                               0x20000118   Data          20  control.o(.bss)
    AllWheel                                 0x2000012c   Data          20  control.o(.bss)
    PID_Control                              0x20000140   Data          40  control.o(.bss)
    GetEncoder                               0x20000168   Data          40  encoder.o(.bss)
    TXData                                   0x20000320   Data         100  bsp_usart.o(.bss)
    RXData                                   0x20000384   Data         100  bsp_usart.o(.bss)
    TASK_IDLE_STK                            0x200005b0   Data          64  fsc_stos.o(.bss)
    TASK_MANAGE_STK                          0x200005f0   Data         512  fsc_stos.o(.bss)
    OS_Sys                                   0x200007f0   Data          80  fsc_stos.o(.bss)
    OS_Perip                                 0x20000840   Data          33  fsc_stos.o(.bss)
    OS_System                                0x20000864   Data          20  fsc_stos.o(.bss)
    OSTCBTbl                                 0x20000878   Data         832  fsc_stos.o(.bss)
    Task1_Stk                                0x20000bb8   Data         512  main_1.o(.bss)
    Task2_Stk                                0x20000db8   Data         512  main_1.o(.bss)
    Task3_Stk                                0x20000fb8   Data         512  main_1.o(.bss)
    Task4_Stk                                0x200011b8   Data         512  main_1.o(.bss)
    Task5_Stk                                0x200013b8   Data         512  main_1.o(.bss)
    __libspace_start                         0x200015b8   Data          96  libspace.o(.bss)
    __temporary_stack_top$libspace           0x20001618   Data           0  libspace.o(.bss)



==============================================================================

Memory Map of the image

  Image Entry point : 0x08000131

  Load Region LR_IROM1 (Base: 0x08000000, Size: 0x00007fc0, Max: 0x00080000, ABSOLUTE)

    Execution Region ER_IROM1 (Base: 0x08000000, Size: 0x00007ed0, Max: 0x00080000, ABSOLUTE)

    Base Addr    Size         Type   Attr      Idx    E Section Name        Object

    0x08000000   0x00000130   Data   RO          323    RESET               startup_stm32f10x_hd.o
    0x08000130   0x00000008   Code   RO          634  * !!!main             c_w.l(__main.o)
    0x08000138   0x00000034   Code   RO         1044    !!!scatter          c_w.l(__scatter.o)
    0x0800016c   0x0000001a   Code   RO         1046    !!handler_copy      c_w.l(__scatter_copy.o)
    0x08000186   0x00000002   PAD
    0x08000188   0x0000001c   Code   RO         1048    !!handler_zi        c_w.l(__scatter_zi.o)
    0x080001a4   0x00000000   Code   RO          624    .ARM.Collect$$_printf_percent$$00000000  c_w.l(_printf_percent.o)
    0x080001a4   0x00000006   Code   RO          758    .ARM.Collect$$_printf_percent$$00000001  c_w.l(_printf_n.o)
    0x080001aa   0x00000006   Code   RO          760    .ARM.Collect$$_printf_percent$$00000002  c_w.l(_printf_p.o)
    0x080001b0   0x00000006   Code   RO          623    .ARM.Collect$$_printf_percent$$00000003  c_w.l(_printf_f.o)
    0x080001b6   0x00000006   Code   RO          764    .ARM.Collect$$_printf_percent$$00000004  c_w.l(_printf_e.o)
    0x080001bc   0x00000006   Code   RO          765    .ARM.Collect$$_printf_percent$$00000005  c_w.l(_printf_g.o)
    0x080001c2   0x00000006   Code   RO          766    .ARM.Collect$$_printf_percent$$00000006  c_w.l(_printf_a.o)
    0x080001c8   0x0000000a   Code   RO          771    .ARM.Collect$$_printf_percent$$00000007  c_w.l(_printf_ll.o)
    0x080001d2   0x00000006   Code   RO          762    .ARM.Collect$$_printf_percent$$00000008  c_w.l(_printf_i.o)
    0x080001d8   0x00000006   Code   RO          622    .ARM.Collect$$_printf_percent$$00000009  c_w.l(_printf_d.o)
    0x080001de   0x00000006   Code   RO          763    .ARM.Collect$$_printf_percent$$0000000A  c_w.l(_printf_u.o)
    0x080001e4   0x00000006   Code   RO          761    .ARM.Collect$$_printf_percent$$0000000B  c_w.l(_printf_o.o)
    0x080001ea   0x00000006   Code   RO          759    .ARM.Collect$$_printf_percent$$0000000C  c_w.l(_printf_x.o)
    0x080001f0   0x00000006   Code   RO          768    .ARM.Collect$$_printf_percent$$0000000D  c_w.l(_printf_lli.o)
    0x080001f6   0x00000006   Code   RO          769    .ARM.Collect$$_printf_percent$$0000000E  c_w.l(_printf_lld.o)
    0x080001fc   0x00000006   Code   RO          770    .ARM.Collect$$_printf_percent$$0000000F  c_w.l(_printf_llu.o)
    0x08000202   0x00000006   Code   RO          775    .ARM.Collect$$_printf_percent$$00000010  c_w.l(_printf_llo.o)
    0x08000208   0x00000006   Code   RO          776    .ARM.Collect$$_printf_percent$$00000011  c_w.l(_printf_llx.o)
    0x0800020e   0x0000000a   Code   RO          772    .ARM.Collect$$_printf_percent$$00000012  c_w.l(_printf_l.o)
    0x08000218   0x00000006   Code   RO          757    .ARM.Collect$$_printf_percent$$00000013  c_w.l(_printf_c.o)
    0x0800021e   0x00000006   Code   RO          621    .ARM.Collect$$_printf_percent$$00000014  c_w.l(_printf_s.o)
    0x08000224   0x00000006   Code   RO          773    .ARM.Collect$$_printf_percent$$00000015  c_w.l(_printf_lc.o)
    0x0800022a   0x00000006   Code   RO          774    .ARM.Collect$$_printf_percent$$00000016  c_w.l(_printf_ls.o)
    0x08000230   0x00000004   Code   RO          767    .ARM.Collect$$_printf_percent$$00000017  c_w.l(_printf_percent_end.o)
    0x08000234   0x00000002   Code   RO          913    .ARM.Collect$$libinit$$00000000  c_w.l(libinit.o)
    0x08000236   0x00000000   Code   RO          915    .ARM.Collect$$libinit$$00000002  c_w.l(libinit2.o)
    0x08000236   0x00000000   Code   RO          917    .ARM.Collect$$libinit$$00000004  c_w.l(libinit2.o)
    0x08000236   0x00000000   Code   RO          920    .ARM.Collect$$libinit$$0000000A  c_w.l(libinit2.o)
    0x08000236   0x00000000   Code   RO          922    .ARM.Collect$$libinit$$0000000C  c_w.l(libinit2.o)
    0x08000236   0x00000000   Code   RO          924    .ARM.Collect$$libinit$$0000000E  c_w.l(libinit2.o)
    0x08000236   0x00000006   Code   RO          925    .ARM.Collect$$libinit$$0000000F  c_w.l(libinit2.o)
    0x0800023c   0x00000000   Code   RO          927    .ARM.Collect$$libinit$$00000011  c_w.l(libinit2.o)
    0x0800023c   0x0000000c   Code   RO          928    .ARM.Collect$$libinit$$00000012  c_w.l(libinit2.o)
    0x08000248   0x00000000   Code   RO          929    .ARM.Collect$$libinit$$00000013  c_w.l(libinit2.o)
    0x08000248   0x00000000   Code   RO          931    .ARM.Collect$$libinit$$00000015  c_w.l(libinit2.o)
    0x08000248   0x0000000a   Code   RO          932    .ARM.Collect$$libinit$$00000016  c_w.l(libinit2.o)
    0x08000252   0x00000000   Code   RO          933    .ARM.Collect$$libinit$$00000017  c_w.l(libinit2.o)
    0x08000252   0x00000000   Code   RO          935    .ARM.Collect$$libinit$$00000019  c_w.l(libinit2.o)
    0x08000252   0x00000000   Code   RO          937    .ARM.Collect$$libinit$$0000001B  c_w.l(libinit2.o)
    0x08000252   0x00000000   Code   RO          939    .ARM.Collect$$libinit$$0000001D  c_w.l(libinit2.o)
    0x08000252   0x00000000   Code   RO          941    .ARM.Collect$$libinit$$0000001F  c_w.l(libinit2.o)
    0x08000252   0x00000000   Code   RO          943    .ARM.Collect$$libinit$$00000021  c_w.l(libinit2.o)
    0x08000252   0x00000000   Code   RO          945    .ARM.Collect$$libinit$$00000023  c_w.l(libinit2.o)
    0x08000252   0x00000000   Code   RO          947    .ARM.Collect$$libinit$$00000025  c_w.l(libinit2.o)
    0x08000252   0x00000000   Code   RO          951    .ARM.Collect$$libinit$$0000002C  c_w.l(libinit2.o)
    0x08000252   0x00000000   Code   RO          953    .ARM.Collect$$libinit$$0000002E  c_w.l(libinit2.o)
    0x08000252   0x00000000   Code   RO          955    .ARM.Collect$$libinit$$00000030  c_w.l(libinit2.o)
    0x08000252   0x00000000   Code   RO          957    .ARM.Collect$$libinit$$00000032  c_w.l(libinit2.o)
    0x08000252   0x00000002   Code   RO          958    .ARM.Collect$$libinit$$00000033  c_w.l(libinit2.o)
    0x08000254   0x00000002   Code   RO          995    .ARM.Collect$$libshutdown$$00000000  c_w.l(libshutdown.o)
    0x08000256   0x00000000   Code   RO         1005    .ARM.Collect$$libshutdown$$00000003  c_w.l(libshutdown2.o)
    0x08000256   0x00000000   Code   RO         1008    .ARM.Collect$$libshutdown$$00000006  c_w.l(libshutdown2.o)
    0x08000256   0x00000000   Code   RO         1011    .ARM.Collect$$libshutdown$$00000009  c_w.l(libshutdown2.o)
    0x08000256   0x00000000   Code   RO         1013    .ARM.Collect$$libshutdown$$0000000B  c_w.l(libshutdown2.o)
    0x08000256   0x00000000   Code   RO         1016    .ARM.Collect$$libshutdown$$0000000E  c_w.l(libshutdown2.o)
    0x08000256   0x00000002   Code   RO         1017    .ARM.Collect$$libshutdown$$0000000F  c_w.l(libshutdown2.o)
    0x08000258   0x00000000   Code   RO          702    .ARM.Collect$$rtentry$$00000000  c_w.l(__rtentry.o)
    0x08000258   0x00000000   Code   RO          821    .ARM.Collect$$rtentry$$00000002  c_w.l(__rtentry2.o)
    0x08000258   0x00000006   Code   RO          833    .ARM.Collect$$rtentry$$00000004  c_w.l(__rtentry4.o)
    0x0800025e   0x00000000   Code   RO          823    .ARM.Collect$$rtentry$$00000009  c_w.l(__rtentry2.o)
    0x0800025e   0x00000004   Code   RO          824    .ARM.Collect$$rtentry$$0000000A  c_w.l(__rtentry2.o)
    0x08000262   0x00000000   Code   RO          826    .ARM.Collect$$rtentry$$0000000C  c_w.l(__rtentry2.o)
    0x08000262   0x00000008   Code   RO          827    .ARM.Collect$$rtentry$$0000000D  c_w.l(__rtentry2.o)
    0x0800026a   0x00000002   Code   RO          961    .ARM.Collect$$rtexit$$00000000  c_w.l(rtexit.o)
    0x0800026c   0x00000000   Code   RO          973    .ARM.Collect$$rtexit$$00000002  c_w.l(rtexit2.o)
    0x0800026c   0x00000004   Code   RO          974    .ARM.Collect$$rtexit$$00000003  c_w.l(rtexit2.o)
    0x08000270   0x00000006   Code   RO          975    .ARM.Collect$$rtexit$$00000004  c_w.l(rtexit2.o)
    0x08000276   0x00000016   Code   RO            1    .text               stm32f10x_it.o
    0x0800028c   0x000001e0   Code   RO           74    .text               system_stm32f10x.o
    0x0800046c   0x00000400   Code   RO           92    .text               timer.o
    0x0800086c   0x00000a00   Code   RO          151    .text               control.o
    0x0800126c   0x00000354   Code   RO          182    .text               dealdata.o
    0x080015c0   0x000002a0   Code   RO          210    .text               encoder.o
    0x08001860   0x0000039c   Code   RO          228    .text               myiic.o
    0x08001bfc   0x000000cc   Code   RO          243    .text               gy85.o
    0x08001cc8   0x0000000c   Code   RO          255    .text               sys.o
    0x08001cd4   0x000004ac   Code   RO          267    .text               bsp_usart.o
    0x08002180   0x00000040   Code   RO          324    .text               startup_stm32f10x_hd.o
    0x080021c0   0x000000dc   Code   RO          328    .text               misc.o
    0x0800229c   0x0000035c   Code   RO          340    .text               stm32f10x_gpio.o
    0x080025f8   0x000003a4   Code   RO          352    .text               stm32f10x_rcc.o
    0x0800299c   0x00000408   Code   RO          366    .text               stm32f10x_usart.o
    0x08002da4   0x00000e1a   Code   RO          378    .text               stm32f10x_tim.o
    0x08003bbe   0x00000002   PAD
    0x08003bc0   0x00000254   Code   RO          405    .text               stm32f10x_dma.o
    0x08003e14   0x00000a78   Code   RO          417    .text               fsc_stos.o
    0x0800488c   0x00000200   Code   RO          446    .text               main_1.o
    0x08004a8c   0x00000130   Code   RO          470    .text               FSC_STOS.lib(fsc_stos.o)
    0x08004bbc   0x00000002   Code   RO          587    .text               c_w.l(use_no_semi_2.o)
    0x08004bbe   0x00000002   PAD
    0x08004bc0   0x00000034   Code   RO          589    .text               c_w.l(c89vsnprintf.o)
    0x08004bf4   0x00000018   Code   RO          591    .text               c_w.l(__2printf.o)
    0x08004c0c   0x00000052   Code   RO          597    .text               c_w.l(_printf_str.o)
    0x08004c5e   0x00000002   PAD
    0x08004c60   0x00000078   Code   RO          599    .text               c_w.l(_printf_dec.o)
    0x08004cd8   0x00000188   Code   RO          618    .text               c_w.l(__printf_flags_ss_wp.o)
    0x08004e60   0x0000000c   Code   RO          625    .text               c_w.l(strtok.o)
    0x08004e6c   0x0000008a   Code   RO          628    .text               c_w.l(rt_memcpy_v6.o)
    0x08004ef6   0x00000002   PAD
    0x08004ef8   0x00000080   Code   RO          630    .text               c_w.l(strcmpv7m.o)
    0x08004f78   0x00000006   Code   RO          632    .text               c_w.l(heapauxi.o)
    0x08004f7e   0x00000002   Code   RO          700    .text               c_w.l(use_no_semi.o)
    0x08004f80   0x00000016   Code   RO          703    .text               c_w.l(_rserrno.o)
    0x08004f96   0x0000004e   Code   RO          705    .text               c_w.l(_printf_pad.o)
    0x08004fe4   0x00000024   Code   RO          707    .text               c_w.l(_printf_truncate.o)
    0x08005008   0x000000b2   Code   RO          709    .text               c_w.l(_printf_intcommon.o)
    0x080050ba   0x00000028   Code   RO          711    .text               c_w.l(_printf_charcount.o)
    0x080050e2   0x0000041a   Code   RO          713    .text               c_w.l(_printf_fp_dec.o)
    0x080054fc   0x00000030   Code   RO          715    .text               c_w.l(_printf_char_common.o)
    0x0800552c   0x0000000a   Code   RO          717    .text               c_w.l(_sputc.o)
    0x08005536   0x00000010   Code   RO          719    .text               c_w.l(_snputc.o)
    0x08005546   0x0000002c   Code   RO          721    .text               c_w.l(_printf_char.o)
    0x08005572   0x00000002   PAD
    0x08005574   0x00000024   Code   RO          723    .text               c_w.l(_printf_char_file.o)
    0x08005598   0x000000bc   Code   RO          725    .text               c_w.l(_printf_wctomb.o)
    0x08005654   0x0000007c   Code   RO          728    .text               c_w.l(_printf_longlong_dec.o)
    0x080056d0   0x00000070   Code   RO          734    .text               c_w.l(_printf_oct_int_ll.o)
    0x08005740   0x00000094   Code   RO          754    .text               c_w.l(_printf_hex_int_ll_ptr.o)
    0x080057d4   0x00000044   Code   RO          777    .text               c_w.l(strtok_int.o)
    0x08005818   0x00000064   Code   RO          779    .text               c_w.l(rt_memcpy_w.o)
    0x0800587c   0x00000008   Code   RO          838    .text               c_w.l(rt_locale_intlibspace.o)
    0x08005884   0x00000008   Code   RO          843    .text               c_w.l(rt_errno_addr_intlibspace.o)
    0x0800588c   0x0000008a   Code   RO          845    .text               c_w.l(lludiv10.o)
    0x08005916   0x00000002   PAD
    0x08005918   0x00000080   Code   RO          847    .text               c_w.l(_printf_fp_infnan.o)
    0x08005998   0x0000002c   Code   RO          851    .text               c_w.l(_printf_wchar.o)
    0x080059c4   0x000000dc   Code   RO          853    .text               c_w.l(bigflt0.o)
    0x08005aa0   0x00000008   Code   RO          878    .text               c_w.l(ferror.o)
    0x08005aa8   0x00000040   Code   RO          882    .text               c_w.l(_wcrtomb.o)
    0x08005ae8   0x00000020   Code   RO          887    .text               c_w.l(strcspn.o)
    0x08005b08   0x0000001c   Code   RO          889    .text               c_w.l(strspn.o)
    0x08005b24   0x00000008   Code   RO          899    .text               c_w.l(libspace.o)
    0x08005b2c   0x0000004a   Code   RO          902    .text               c_w.l(sys_stackheap_outer.o)
    0x08005b76   0x00000002   PAD
    0x08005b78   0x00000010   Code   RO          904    .text               c_w.l(rt_ctype_table.o)
    0x08005b88   0x0000000c   Code   RO          906    .text               c_w.l(exit.o)
    0x08005b94   0x0000003e   Code   RO          856    CL$$btod_d2e        c_w.l(btod.o)
    0x08005bd2   0x00000046   Code   RO          858    CL$$btod_d2e_denorm_low  c_w.l(btod.o)
    0x08005c18   0x00000060   Code   RO          857    CL$$btod_d2e_norm_op1  c_w.l(btod.o)
    0x08005c78   0x00000338   Code   RO          866    CL$$btod_div_common  c_w.l(btod.o)
    0x08005fb0   0x000000c6   Code   RO          863    CL$$btod_e2e        c_w.l(btod.o)
    0x08006076   0x00000028   Code   RO          860    CL$$btod_ediv       c_w.l(btod.o)
    0x0800609e   0x00000028   Code   RO          859    CL$$btod_emul       c_w.l(btod.o)
    0x080060c6   0x00000244   Code   RO          865    CL$$btod_mult_common  c_w.l(btod.o)
    0x0800630a   0x00000002   PAD
    0x0800630c   0x000001dc   Code   RO          473    i.OSCoreSW          FSC_STOS.lib(fsc_stos_a.o)
    0x080064e8   0x00000028   Code   RO          895    i.__ARM_fpclassify  m_ws.l(fpclassify.o)
    0x08006510   0x00000388   Code   RO          809    i.__ieee754_rem_pio2  m_ws.l(rred.o)
    0x08006898   0x000000fc   Code   RO          792    i.__kernel_cos      m_ws.l(cos_i.o)
    0x08006994   0x000000aa   Code   RO          897    i.__kernel_poly     m_ws.l(poly.o)
    0x08006a3e   0x00000002   PAD
    0x08006a40   0x000000ec   Code   RO          814    i.__kernel_sin      m_ws.l(sin_i.o)
    0x08006b2c   0x00000006   Code   RO          796    i.__mathlib_dbl_infnan  m_ws.l(dunder.o)
    0x08006b32   0x0000000c   Code   RO          798    i.__mathlib_dbl_invalid  m_ws.l(dunder.o)
    0x08006b3e   0x00000002   PAD
    0x08006b40   0x00000010   Code   RO          801    i.__mathlib_dbl_underflow  m_ws.l(dunder.o)
    0x08006b50   0x0000000e   Code   RO          611    i._is_digit         c_w.l(__printf_wp.o)
    0x08006b5e   0x00000002   PAD
    0x08006b60   0x0000009c   Code   RO          685    i.cos               m_ws.l(cos.o)
    0x08006bfc   0x000000a0   Code   RO          693    i.sin               m_ws.l(sin.o)
    0x08006c9c   0x0000002c   Code   RO          885    locale$$code        c_w.l(lc_numeric_c.o)
    0x08006cc8   0x0000002c   Code   RO          964    locale$$code        c_w.l(lc_ctype_c.o)
    0x08006cf4   0x00000150   Code   RO          636    x$fpl$dadd          fz_ws.l(daddsub_clz.o)
    0x08006e44   0x00000010   Code   RO          959    x$fpl$dcheck1       fz_ws.l(dcheck1.o)
    0x08006e54   0x000002b0   Code   RO          643    x$fpl$ddiv          fz_ws.l(ddiv.o)
    0x08007104   0x0000005e   Code   RO          646    x$fpl$dfix          fz_ws.l(dfix.o)
    0x08007162   0x0000002e   Code   RO          651    x$fpl$dflt          fz_ws.l(dflt_clz.o)
    0x08007190   0x00000026   Code   RO          650    x$fpl$dfltu         fz_ws.l(dflt_clz.o)
    0x080071b6   0x00000002   PAD
    0x080071b8   0x00000154   Code   RO          656    x$fpl$dmul          fz_ws.l(dmul.o)
    0x0800730c   0x0000009c   Code   RO          781    x$fpl$dnaninf       fz_ws.l(dnaninf.o)
    0x080073a8   0x0000000c   Code   RO          783    x$fpl$dretinf       fz_ws.l(dretinf.o)
    0x080073b4   0x00000016   Code   RO          637    x$fpl$drsb          fz_ws.l(daddsub_clz.o)
    0x080073ca   0x00000002   PAD
    0x080073cc   0x000001d4   Code   RO          638    x$fpl$dsub          fz_ws.l(daddsub_clz.o)
    0x080075a0   0x000000c4   Code   RO          658    x$fpl$fadd          fz_ws.l(faddsub_clz.o)
    0x08007664   0x00000018   Code   RO          785    x$fpl$fcmpinf       fz_ws.l(fcmpi.o)
    0x0800767c   0x00000068   Code   RO          664    x$fpl$feqf          fz_ws.l(feqf.o)
    0x080076e4   0x00000036   Code   RO          666    x$fpl$ffix          fz_ws.l(ffix.o)
    0x0800771a   0x00000002   PAD
    0x0800771c   0x00000030   Code   RO          671    x$fpl$fflt          fz_ws.l(fflt_clz.o)
    0x0800774c   0x00000068   Code   RO          676    x$fpl$fleqf         fz_ws.l(fleqf.o)
    0x080077b4   0x00000102   Code   RO          678    x$fpl$fmul          fz_ws.l(fmul.o)
    0x080078b6   0x0000008c   Code   RO          787    x$fpl$fnaninf       fz_ws.l(fnaninf.o)
    0x08007942   0x0000000a   Code   RO          789    x$fpl$fretinf       fz_ws.l(fretinf.o)
    0x0800794c   0x00000062   Code   RO          680    x$fpl$frleqf        fz_ws.l(frleqf.o)
    0x080079ae   0x00000002   PAD
    0x080079b0   0x000000ea   Code   RO          660    x$fpl$fsub          fz_ws.l(faddsub_clz.o)
    0x08007a9a   0x00000004   Code   RO          682    x$fpl$printf1       fz_ws.l(printf1.o)
    0x08007a9e   0x00000064   Code   RO          970    x$fpl$retnan        fz_ws.l(retnan.o)
    0x08007b02   0x0000005c   Code   RO          893    x$fpl$scalbn        fz_ws.l(scalbn.o)
    0x08007b5e   0x00000030   Code   RO          983    x$fpl$trapveneer    fz_ws.l(trapv.o)
    0x08007b8e   0x00000000   Code   RO          791    x$fpl$usenofp       fz_ws.l(usenofp.o)
    0x08007b8e   0x00000011   Data   RO          619    .constdata          c_w.l(__printf_flags_ss_wp.o)
    0x08007b9f   0x00000001   PAD
    0x08007ba0   0x00000008   Data   RO          726    .constdata          c_w.l(_printf_wctomb.o)
    0x08007ba8   0x00000028   Data   RO          755    .constdata          c_w.l(_printf_hex_int_ll_ptr.o)
    0x08007bd0   0x00000030   Data   RO          793    .constdata          m_ws.l(cos_i.o)
    0x08007c00   0x000000c8   Data   RO          811    .constdata          m_ws.l(rred.o)
    0x08007cc8   0x00000028   Data   RO          815    .constdata          m_ws.l(sin_i.o)
    0x08007cf0   0x00000094   Data   RO          854    .constdata          c_w.l(bigflt0.o)
    0x08007d84   0x00000020   Data   RO         1042    Region$$Table       anon$$obj.o
    0x08007da4   0x0000001c   Data   RO          884    locale$$data        c_w.l(lc_numeric_c.o)
    0x08007dc0   0x00000110   Data   RO          963    locale$$data        c_w.l(lc_ctype_c.o)


    Execution Region RW_IRAM1 (Base: 0x20000000, Size: 0x00001c18, Max: 0x00010000, ABSOLUTE)

    Base Addr    Size         Type   Attr      Idx    E Section Name        Object

    0x20000000   0x00000014   Data   RW           75    .data               system_stm32f10x.o
    0x20000014   0x00000004   PAD
    0x20000018   0x00000088   Data   RW          153    .data               control.o
    0x200000a0   0x0000000a   Data   RW          183    .data               dealdata.o
    0x200000aa   0x00000002   PAD
    0x200000ac   0x00000004   Data   RW          269    .data               bsp_usart.o
    0x200000b0   0x00000014   Data   RW          353    .data               stm32f10x_rcc.o
    0x200000c4   0x00000024   Data   RW          419    .data               fsc_stos.o
    0x200000e8   0x00000001   Data   RW          448    .data               main_1.o
    0x200000e9   0x00000003   PAD
    0x200000ec   0x00000004   Data   RW          626    .data               c_w.l(strtok.o)
    0x200000f0   0x00000078   Zero   RW          152    .bss                control.o
    0x20000168   0x00000028   Zero   RW          211    .bss                encoder.o
    0x20000190   0x0000041a   Zero   RW          268    .bss                bsp_usart.o
    0x200005aa   0x00000006   PAD
    0x200005b0   0x00000608   Zero   RW          418    .bss                fsc_stos.o
    0x20000bb8   0x00000a00   Zero   RW          447    .bss                main_1.o
    0x200015b8   0x00000060   Zero   RW          900    .bss                c_w.l(libspace.o)
    0x20001618   0x00000200   Zero   RW          322    HEAP                startup_stm32f10x_hd.o
    0x20001818   0x00000400   Zero   RW          321    STACK               startup_stm32f10x_hd.o


==============================================================================

Image component sizes


      Code (inc. data)   RO Data    RW Data    ZI Data      Debug   Object Name

      1196         56          0          4       1050      18239   bsp_usart.o
      2560        200          0        136        120       6511   control.o
         0          0          0          0          0         32   core_cm3.o
       852         28          0         10          0       2685   dealdata.o
       672         22          0          0         40       2143   encoder.o
      2680        360          0         36       1544       8818   fsc_stos.o
       204          0          0          0          0       1010   gy85.o
       512        150          0          1       2560       2249   main_1.o
       220         22          0          0          0       1753   misc.o
       924          8          0          0          0       2958   myiic.o
        64         26        304          0       1536        772   startup_stm32f10x_hd.o
       596          8          0          0          0       4278   stm32f10x_dma.o
       860         38          0          0          0       5597   stm32f10x_gpio.o
        22          0          0          0          0      48883   stm32f10x_it.o
       932         36          0         20          0       8740   stm32f10x_rcc.o
      3610         88          0          0          0      22080   stm32f10x_tim.o
      1032         22          0          0          0       8320   stm32f10x_usart.o
        12          0          0          0          0        425   sys.o
       480         38          0         20          0       1667   system_stm32f10x.o
      1024         32          0          0          0     207059   timer.o

    ----------------------------------------------------------------------
     18454       1134        336        236       6856     354219   Object Totals
         0          0         32          0          0          0   (incl. Generated)
         2          0          0          9          6          0   (incl. Padding)

    ----------------------------------------------------------------------

      Code (inc. data)   RO Data    RW Data    ZI Data      Debug   Library Member Name

       304         16          0          0          0        352   fsc_stos.o
       476         20          0          0          0      59060   fsc_stos_a.o
        24          4          0          0          0         84   __2printf.o
         8          0          0          0          0         68   __main.o
       392          4         17          0          0         92   __printf_flags_ss_wp.o
        14          0          0          0          0         68   __printf_wp.o
         0          0          0          0          0          0   __rtentry.o
        12          0          0          0          0          0   __rtentry2.o
         6          0          0          0          0          0   __rtentry4.o
        52          8          0          0          0          0   __scatter.o
        26          0          0          0          0          0   __scatter_copy.o
        28          0          0          0          0          0   __scatter_zi.o
         6          0          0          0          0          0   _printf_a.o
         6          0          0          0          0          0   _printf_c.o
        44          0          0          0          0        108   _printf_char.o
        48          6          0          0          0         96   _printf_char_common.o
        36          4          0          0          0         80   _printf_char_file.o
        40          0          0          0          0         68   _printf_charcount.o
         6          0          0          0          0          0   _printf_d.o
       120         16          0          0          0         92   _printf_dec.o
         6          0          0          0          0          0   _printf_e.o
         6          0          0          0          0          0   _printf_f.o
      1050          0          0          0          0        216   _printf_fp_dec.o
       128         16          0          0          0         84   _printf_fp_infnan.o
         6          0          0          0          0          0   _printf_g.o
       148          4         40          0          0        160   _printf_hex_int_ll_ptr.o
         6          0          0          0          0          0   _printf_i.o
       178          0          0          0          0         88   _printf_intcommon.o
        10          0          0          0          0          0   _printf_l.o
         6          0          0          0          0          0   _printf_lc.o
        10          0          0          0          0          0   _printf_ll.o
         6          0          0          0          0          0   _printf_lld.o
         6          0          0          0          0          0   _printf_lli.o
         6          0          0          0          0          0   _printf_llo.o
         6          0          0          0          0          0   _printf_llu.o
         6          0          0          0          0          0   _printf_llx.o
       124         16          0          0          0         92   _printf_longlong_dec.o
         6          0          0          0          0          0   _printf_ls.o
         6          0          0          0          0          0   _printf_n.o
         6          0          0          0          0          0   _printf_o.o
       112          8          0          0          0        124   _printf_oct_int_ll.o
         6          0          0          0          0          0   _printf_p.o
        78          0          0          0          0        108   _printf_pad.o
         0          0          0          0          0          0   _printf_percent.o
         4          0          0          0          0          0   _printf_percent_end.o
         6          0          0          0          0          0   _printf_s.o
        82          0          0          0          0         80   _printf_str.o
        36          0          0          0          0         84   _printf_truncate.o
         6          0          0          0          0          0   _printf_u.o
        44          0          0          0          0        108   _printf_wchar.o
       188          6          8          0          0         92   _printf_wctomb.o
         6          0          0          0          0          0   _printf_x.o
        22          0          0          0          0        100   _rserrno.o
        16          0          0          0          0         68   _snputc.o
        10          0          0          0          0         68   _sputc.o
        64          0          0          0          0         92   _wcrtomb.o
       220          4        148          0          0         96   bigflt0.o
      1910        128          0          0          0        672   btod.o
        52          4          0          0          0         80   c89vsnprintf.o
        12          0          0          0          0         72   exit.o
         8          0          0          0          0         68   ferror.o
         6          0          0          0          0        152   heapauxi.o
        44         10        272          0          0         76   lc_ctype_c.o
        44         10         28          0          0         76   lc_numeric_c.o
         2          0          0          0          0          0   libinit.o
        30          0          0          0          0          0   libinit2.o
         2          0          0          0          0          0   libshutdown.o
         2          0          0          0          0          0   libshutdown2.o
         8          4          0          0         96         68   libspace.o
       138          0          0          0          0         80   lludiv10.o
        16          4          0          0          0         76   rt_ctype_table.o
         8          4          0          0          0         68   rt_errno_addr_intlibspace.o
         8          4          0          0          0         68   rt_locale_intlibspace.o
       138          0          0          0          0         68   rt_memcpy_v6.o
       100          0          0          0          0         80   rt_memcpy_w.o
         2          0          0          0          0          0   rtexit.o
        10          0          0          0          0          0   rtexit2.o
       128          0          0          0          0         68   strcmpv7m.o
        32          0          0          0          0         80   strcspn.o
        28          0          0          0          0         80   strspn.o
        12          6          0          4          0         68   strtok.o
        68          4          0          0          0         84   strtok_int.o
        74          0          0          0          0         80   sys_stackheap_outer.o
         2          0          0          0          0         68   use_no_semi.o
         2          0          0          0          0         68   use_no_semi_2.o
       826         16          0          0          0        348   daddsub_clz.o
        16          4          0          0          0         68   dcheck1.o
       688        140          0          0          0        208   ddiv.o
        94          4          0          0          0         92   dfix.o
        84          0          0          0          0        136   dflt_clz.o
       340         12          0          0          0        104   dmul.o
       156          4          0          0          0         92   dnaninf.o
        12          0          0          0          0         68   dretinf.o
       430          8          0          0          0        168   faddsub_clz.o
        24          0          0          0          0         68   fcmpi.o
       104          4          0          0          0         84   feqf.o
        54          4          0          0          0         84   ffix.o
        48          0          0          0          0         68   fflt_clz.o
       104          4          0          0          0         84   fleqf.o
       258          4          0          0          0         84   fmul.o
       140          4          0          0          0         84   fnaninf.o
        10          0          0          0          0         68   fretinf.o
        98          0          0          0          0         68   frleqf.o
         4          0          0          0          0         68   printf1.o
       100          0          0          0          0         68   retnan.o
        92          0          0          0          0         68   scalbn.o
        48          0          0          0          0         68   trapv.o
         0          0          0          0          0          0   usenofp.o
       156          8          0          0          0        104   cos.o
       252         22         48          0          0        124   cos_i.o
        34          6          0          0          0        204   dunder.o
        40          0          0          0          0         68   fpclassify.o
       170          0          0          0          0         96   poly.o
       904         76        200          0          0        140   rred.o
       160         10          0          0          0        108   sin.o
       236         12         40          0          0        128   sin_i.o

    ----------------------------------------------------------------------
     12872        652        802          4         96      67348   Library Totals
        30          0          1          0          0          0   (incl. Padding)

    ----------------------------------------------------------------------

      Code (inc. data)   RO Data    RW Data    ZI Data      Debug   Library Name

       780         36          0          0          0      59412   FSC_STOS.lib
      6380        274        513          4         96       4716   c_w.l
      3730        208          0          0          0       2248   fz_ws.l
      1952        134        288          0          0        972   m_ws.l

    ----------------------------------------------------------------------
     12872        652        802          4         96      67348   Library Totals

    ----------------------------------------------------------------------

==============================================================================


      Code (inc. data)   RO Data    RW Data    ZI Data      Debug   

     31326       1786       1138        240       6952     415271   Grand Totals
     31326       1786       1138        240       6952     415271   ELF Image Totals
     31326       1786       1138        240          0          0   ROM Totals

==============================================================================

    Total RO  Size (Code + RO Data)                32464 (  31.70kB)
    Total RW  Size (RW Data + ZI Data)              7192 (   7.02kB)
    Total ROM Size (Code + RO Data + RW Data)      32704 (  31.94kB)

==============================================================================

