Component: ARM Compiler 5.05 update 1 (build 106) Tool: armlink [4d0efa]

==============================================================================

Section Cross References

    system_stm32f10x.o(.text) refers to system_stm32f10x.o(.data) for SystemCoreClock
    timer.o(.text) refers to stm32f10x_rcc.o(.text) for RCC_APB2PeriphClockCmd
    timer.o(.text) refers to stm32f10x_gpio.o(.text) for GPIO_Init
    timer.o(.text) refers to stm32f10x_tim.o(.text) for TIM_TimeBaseInit
    led.o(.text) refers to stm32f10x_rcc.o(.text) for RCC_APB2PeriphClockCmd
    led.o(.text) refers to stm32f10x_gpio.o(.text) for GPIO_Init
    led.o(.text) refers to led.o(.data) for Buzzer_flag
    control.o(.text) refers to dflt_clz.o(x$fpl$dflt) for __aeabi_i2d
    control.o(.text) refers to ddiv.o(x$fpl$ddiv) for __aeabi_ddiv
    control.o(.text) refers to daddsub_clz.o(x$fpl$dadd) for __aeabi_dadd
    control.o(.text) refers to dfix.o(x$fpl$dfix) for __aeabi_d2iz
    control.o(.text) refers to stm32f10x_tim.o(.text) for TIM_SetCompare1
    control.o(.text) refers to fflt_clz.o(x$fpl$fflt) for __aeabi_i2f
    control.o(.text) refers to fmul.o(x$fpl$fmul) for __aeabi_fmul
    control.o(.text) refers to faddsub_clz.o(x$fpl$fsub) for __aeabi_fsub
    control.o(.text) refers to faddsub_clz.o(x$fpl$fadd) for __aeabi_fadd
    control.o(.text) refers to frleqf.o(x$fpl$frleqf) for __aeabi_cfrcmple
    control.o(.text) refers to fleqf.o(x$fpl$fleqf) for __aeabi_cfcmple
    control.o(.text) refers to ffix.o(x$fpl$ffix) for __aeabi_f2iz
    control.o(.text) refers to control.o(.bss) for LeftWheel
    control.o(.text) refers to control.o(.data) for Bias
    control.o(.text) refers to feqf.o(x$fpl$feqf) for __aeabi_cfcmpeq
    control.o(.text) refers to sin.o(i.sin) for sin
    control.o(.text) refers to dmul.o(x$fpl$dmul) for __aeabi_dmul
    control.o(.text) refers to cos.o(i.cos) for cos
    control.o(.text) refers to daddsub_clz.o(x$fpl$dsub) for __aeabi_dsub
    control.o(.text) refers to encoder.o(.bss) for GetEncoder
    dealdata.o(.text) refers to bsp_usart.o(.text) for USART2_DMA_TX
    dealdata.o(.text) refers to gy85.o(.text) for GetData
    dealdata.o(.text) refers to control.o(.text) for LeftWheelSpeedSet
    dealdata.o(.text) refers to bsp_usart.o(.bss) for TXData
    dealdata.o(.text) refers to control.o(.bss) for AllWheel
    dealdata.o(.text) refers to encoder.o(.bss) for GetEncoder
    encoder.o(.text) refers to encoder.o(.bss) for GetEncoder
    myiic.o(.text) refers to stm32f10x_rcc.o(.text) for RCC_APB2PeriphClockCmd
    myiic.o(.text) refers to stm32f10x_gpio.o(.text) for GPIO_Init
    gy85.o(.text) refers to myiic.o(.text) for I2C_GPIO_Config
    sys.o(.text) refers to misc.o(.text) for NVIC_PriorityGroupConfig
    bsp_usart.o(.text) refers to stm32f10x_dma.o(.text) for DMA_Cmd
    bsp_usart.o(.text) refers to rt_memcpy_v6.o(.text) for __aeabi_memcpy
    bsp_usart.o(.text) refers to stm32f10x_rcc.o(.text) for RCC_AHBPeriphClockCmd
    bsp_usart.o(.text) refers to stm32f10x_usart.o(.text) for USART_DMACmd
    bsp_usart.o(.text) refers to misc.o(.text) for NVIC_Init
    bsp_usart.o(.text) refers to stm32f10x_gpio.o(.text) for GPIO_Init
    bsp_usart.o(.text) refers to fsc_stos.o(.text) for OSIntEnter
    bsp_usart.o(.text) refers to dealdata.o(.text) for DealRXData
    bsp_usart.o(.text) refers to bsp_usart.o(.bss) for USART2_Tx_Buff
    usart.o(.text) refers (Special) to use_no_semi_2.o(.text) for __use_no_semihosting
    usart.o(.text) refers to stm32f10x_rcc.o(.text) for RCC_APB2PeriphClockCmd
    usart.o(.text) refers to stm32f10x_gpio.o(.text) for GPIO_Init
    usart.o(.text) refers to misc.o(.text) for NVIC_Init
    usart.o(.text) refers to stm32f10x_usart.o(.text) for USART_Init
    usart.o(.text) refers to usart.o(.data) for USART_RX_STA
    usart.o(.text) refers to usart.o(.bss) for USART_RX_BUF
    usart.o(.bss) refers (Special) to use_no_semi_2.o(.text) for __use_no_semihosting
    usart.o(.data) refers (Special) to use_no_semi_2.o(.text) for __use_no_semihosting
    startup_stm32f10x_hd.o(STACK) refers (Special) to heapauxi.o(.text) for __use_two_region_memory
    startup_stm32f10x_hd.o(HEAP) refers (Special) to heapauxi.o(.text) for __use_two_region_memory
    startup_stm32f10x_hd.o(RESET) refers (Special) to heapauxi.o(.text) for __use_two_region_memory
    startup_stm32f10x_hd.o(RESET) refers to startup_stm32f10x_hd.o(STACK) for __initial_sp
    startup_stm32f10x_hd.o(RESET) refers to startup_stm32f10x_hd.o(.text) for Reset_Handler
    startup_stm32f10x_hd.o(RESET) refers to stm32f10x_it.o(.text) for NMI_Handler
    startup_stm32f10x_hd.o(RESET) refers to fsc_stos.o(.text) for PendSV_Handler
    startup_stm32f10x_hd.o(RESET) refers to fsc_stos.o(.text) for SysTick_Handler
    startup_stm32f10x_hd.o(RESET) refers to bsp_usart.o(.text) for DMA1_Channel6_IRQHandler
    startup_stm32f10x_hd.o(RESET) refers to usart.o(.text) for USART3_IRQHandler
[...]
    x$fpl$fleqf                              0x08007070   Section      104  fleqf.o(x$fpl$fleqf)
    x$fpl$fmul                               0x080070d8   Section      258  fmul.o(x$fpl$fmul)
    x$fpl$fnaninf                            0x080071da   Section      140  fnaninf.o(x$fpl$fnaninf)
    x$fpl$fretinf                            0x08007266   Section       10  fretinf.o(x$fpl$fretinf)
    x$fpl$frleqf                             0x08007270   Section       98  frleqf.o(x$fpl$frleqf)
    x$fpl$fsub                               0x080072d4   Section      234  faddsub_clz.o(x$fpl$fsub)
    _fsub1                                   0x080072e3   Thumb Code     0  faddsub_clz.o(x$fpl$fsub)
    x$fpl$printf1                            0x080073be   Section        4  printf1.o(x$fpl$printf1)
    x$fpl$retnan                             0x080073c2   Section      100  retnan.o(x$fpl$retnan)
    x$fpl$scalbn                             0x08007426   Section       92  scalbn.o(x$fpl$scalbn)
    x$fpl$trapveneer                         0x08007482   Section       48  trapv.o(x$fpl$trapveneer)
    .constdata                               0x080074b2   Section       17  __printf_flags_wp.o(.constdata)
    x$fpl$usenofp                            0x080074b2   Section        0  usenofp.o(x$fpl$usenofp)
    maptable                                 0x080074b2   Data          17  __printf_flags_wp.o(.constdata)
    .constdata                               0x080074c8   Section       48  cos_i.o(.constdata)
    C                                        0x080074c8   Data          48  cos_i.o(.constdata)
    .constdata                               0x080074f8   Section      200  rred.o(.constdata)
    pio2s                                    0x080074f8   Data          48  rred.o(.constdata)
    twooverpi                                0x08007528   Data         152  rred.o(.constdata)
    .constdata                               0x080075c0   Section       40  sin_i.o(.constdata)
    S                                        0x080075c0   Data          40  sin_i.o(.constdata)
    .constdata                               0x080075e8   Section      148  bigflt0.o(.constdata)
    tenpwrs_x                                0x080075e8   Data          60  bigflt0.o(.constdata)
    tenpwrs_i                                0x08007624   Data          64  bigflt0.o(.constdata)
    locale$$data                             0x0800769c   Section       28  lc_numeric_c.o(locale$$data)
    __lcnum_c_name                           0x080076a0   Data           2  lc_numeric_c.o(locale$$data)
    __lcnum_c_start                          0x080076a8   Data           0  lc_numeric_c.o(locale$$data)
    __lcnum_c_point                          0x080076b4   Data           0  lc_numeric_c.o(locale$$data)
    __lcnum_c_thousands                      0x080076b6   Data           0  lc_numeric_c.o(locale$$data)
    __lcnum_c_grouping                       0x080076b7   Data           0  lc_numeric_c.o(locale$$data)
    __lcnum_c_end                            0x080076b8   Data           0  lc_numeric_c.o(locale$$data)
    .data                                    0x20000000   Section       20  system_stm32f10x.o(.data)
    .data                                    0x20000018   Section      136  control.o(.data)
    Bias                                     0x20000050   Data           4  control.o(.data)
    Pwm                                      0x20000054   Data           4  control.o(.data)
    Last_bias                                0x20000058   Data           4  control.o(.data)
    Bias                                     0x2000005c   Data           4  control.o(.data)
    Pwm                                      0x20000060   Data           4  control.o(.data)
    Last_bias                                0x20000064   Data           4  control.o(.data)
    Bias                                     0x20000068   Data           4  control.o(.data)
    Pwm                                      0x2000006c   Data           4  control.o(.data)
    Last_bias                                0x20000070   Data           4  control.o(.data)
    Bias                                     0x20000074   Data           4  control.o(.data)
    Pwm                                      0x20000078   Data           4  control.o(.data)
    Integral_bias                            0x2000007c   Data           4  control.o(.data)
    Last_Bias                                0x20000080   Data           4  control.o(.data)
    Va                                       0x20000088   Data           8  control.o(.data)
    Vb                                       0x20000090   Data           8  control.o(.data)
    Vc                                       0x20000098   Data           8  control.o(.data)
    .data                                    0x200000a0   Section        6  usart.o(.data)
    .data                                    0x200000a6   Section       20  stm32f10x_rcc.o(.data)
    APBAHBPrescTable                         0x200000a6   Data          16  stm32f10x_rcc.o(.data)
    ADCPrescTable                            0x200000b6   Data           4  stm32f10x_rcc.o(.data)
    .data                                    0x200000bc   Section       36  fsc_stos.o(.data)
    .data                                    0x200000e0   Section        4  strtok.o(.data)
    _strtok_saves1                           0x200000e0   Data           4  strtok.o(.data)
    .bss                                     0x200000e4   Section      120  control.o(.bss)
    .bss                                     0x2000015c   Section       40  encoder.o(.bss)
    .bss                                     0x20000184   Section      600  bsp_usart.o(.bss)
    USART2_Rx_Buff                           0x20000184   Data         200  bsp_usart.o(.bss)
    USART2_Tx_Buff                           0x2000024c   Data         200  bsp_usart.o(.bss)
    .bss                                     0x200003dc   Section      200  usart.o(.bss)
    .bss                                     0x200004a8   Section     1544  fsc_stos.o(.bss)
    .bss                                     0x20000ab0   Section     2560  main_1.o(.bss)
    .bss                                     0x200014b0   Section       96  libspace.o(.bss)
    HEAP                                     0x20001510   Section      512  startup_stm32f10x_hd.o(HEAP)
    Heap_Mem                                 0x20001510   Data         512  startup_stm32f10x_hd.o(HEAP)
    STACK                                    0x20001710   Section     1024  startup_stm32f10x_hd.o(STACK)
    Stack_Mem                                0x20001710   Data        1024  startup_stm32f10x_hd.o(STACK)
    __initial_sp                             0x20001b10   Data           0  startup_stm32f10x_hd.o(STACK)

    Global Symbols

    Symbol Name                              Value     Ov Type        Size  Object(Section)

    BuildAttributes$$THM_ISAv4$P$D$K$B$S$PE$A:L22UL41UL21$X:L11$S22US41US21$IEEE1$IW$USESV6$~STKCKD$USESV7$~SHL$OTIME$ROPI$IEEEX$EBA8$UX$STANDARDLIB$REQ8$PRES8$EABIv2 0x00000000   Number         0  anon$$obj.o ABSOLUTE
    __ARM_use_no_argv                        0x00000000   Number         0  main_1.o ABSOLUTE
    _printf_flags                            0x00000000   Number         0  printf_stubs.o ABSOLUTE
    _printf_return_value                     0x00000000   Number         0  printf_stubs.o ABSOLUTE
    _printf_sizespec                         0x00000000   Number         0  printf_stubs.o ABSOLUTE
    _printf_widthprec                        0x00000000   Number         0  printf_stubs.o ABSOLUTE
    __ARM_exceptions_init                     - Undefined Weak Reference
    __alloca_initialize                       - Undefined Weak Reference
    __arm_preinit_                            - Undefined Weak Reference
    __cpp_initialize__aeabi_                  - Undefined Weak Reference
    __cxa_finalize                            - Undefined Weak Reference
    __sigvec_lookup                           - Undefined Weak Reference
    _atexit_init                              - Undefined Weak Reference
    _call_atexit_fns                          - Undefined Weak Reference
    _clock_init                               - Undefined Weak Reference
    _fp_trap_init                             - Undefined Weak Reference
    _fp_trap_shutdown                         - Undefined Weak Reference
    _get_lc_collate                           - Undefined Weak Reference
    _get_lc_ctype                             - Undefined Weak Reference
    _get_lc_monetary                          - Undefined Weak Reference
    _get_lc_time                              - Undefined Weak Reference
    _getenv_init                              - Undefined Weak Reference
    _handle_redirection                       - Undefined Weak Reference
    _init_alloc                               - Undefined Weak Reference
    _init_user_alloc                          - Undefined Weak Reference
    _initio                                   - Undefined Weak Reference
    _mutex_acquire                            - Undefined Weak Reference
    _mutex_release                            - Undefined Weak Reference
    _printf_mbtowc                            - Undefined Weak Reference
    _printf_post_padding                      - Undefined Weak Reference
    _printf_pre_padding                       - Undefined Weak Reference
    _printf_truncate_signed                   - Undefined Weak Reference
    _printf_truncate_unsigned                 - Undefined Weak Reference
    _rand_init                                - Undefined Weak Reference
    _signal_finish                            - Undefined Weak Reference
    _signal_init                              - Undefined Weak Reference
    _terminate_alloc                          - Undefined Weak Reference
    _terminate_user_alloc                     - Undefined Weak Reference
    _terminateio                              - Undefined Weak Reference
    __Vectors_Size                           0x00000130   Number         0  startup_stm32f10x_hd.o ABSOLUTE
    __Vectors                                0x08000000   Data           4  startup_stm32f10x_hd.o(RESET)
    __Vectors_End                            0x08000130   Data           0  startup_stm32f10x_hd.o(RESET)
    __main                                   0x08000131   Thumb Code     8  __main.o(!!!main)
    __scatterload                            0x08000139   Thumb Code     0  __scatter.o(!!!scatter)
    __scatterload_rt2                        0x08000139   Thumb Code    44  __scatter.o(!!!scatter)
    __scatterload_rt2_thumb_only             0x08000139   Thumb Code     0  __scatter.o(!!!scatter)
    __scatterload_null                       0x08000147   Thumb Code     0  __scatter.o(!!!scatter)
    __scatterload_copy                       0x0800016d   Thumb Code    26  __scatter_copy.o(!!handler_copy)
    __scatterload_zeroinit                   0x08000189   Thumb Code    28  __scatter_zi.o(!!handler_zi)
    _printf_f                                0x080001a5   Thumb Code     0  _printf_f.o(.ARM.Collect$$_printf_percent$$00000003)
    _printf_percent                          0x080001a5   Thumb Code     0  _printf_percent.o(.ARM.Collect$$_printf_percent$$00000000)
    _printf_d                                0x080001ab   Thumb Code     0  _printf_d.o(.ARM.Collect$$_printf_percent$$00000009)
    _printf_s                                0x080001b1   Thumb Code     0  _printf_s.o(.ARM.Collect$$_printf_percent$$00000014)
    _printf_percent_end                      0x080001b7   Thumb Code     0  _printf_percent_end.o(.ARM.Collect$$_printf_percent$$00000017)
    __rt_lib_init                            0x080001bb   Thumb Code     0  libinit.o(.ARM.Collect$$libinit$$00000000)
    __rt_lib_init_fp_1                       0x080001bd   Thumb Code     0  libinit2.o(.ARM.Collect$$libinit$$00000002)
    __rt_lib_init_heap_1                     0x080001bd   Thumb Code     0  libinit2.o(.ARM.Collect$$libinit$$0000000A)
    __rt_lib_init_lc_common                  0x080001bd   Thumb Code     0  libinit2.o(.ARM.Collect$$libinit$$0000000F)
    __rt_lib_init_preinit_1                  0x080001bd   Thumb Code     0  libinit2.o(.ARM.Collect$$libinit$$00000004)
    __rt_lib_init_rand_1                     0x080001bd   Thumb Code     0  libinit2.o(.ARM.Collect$$libinit$$0000000E)
    __rt_lib_init_user_alloc_1               0x080001bd   Thumb Code     0  libinit2.o(.ARM.Collect$$libinit$$0000000C)
    __rt_lib_init_lc_collate_1               0x080001c3   Thumb Code     0  libinit2.o(.ARM.Collect$$libinit$$00000011)
    __rt_lib_init_lc_ctype_1                 0x080001c3   Thumb Code     0  libinit2.o(.ARM.Collect$$libinit$$00000013)
    __rt_lib_init_lc_monetary_1              0x080001c3   Thumb Code     0  libinit2.o(.ARM.Collect$$libinit$$00000015)
    __rt_lib_init_lc_numeric_2               0x080001c3   Thumb Code     0  libinit2.o(.ARM.Collect$$libinit$$00000016)
    __rt_lib_init_alloca_1                   0x080001cd   Thumb Code     0  libinit2.o(.ARM.Collect$$libinit$$0000002E)
    __rt_lib_init_argv_1                     0x080001cd   Thumb Code     0  libinit2.o(.ARM.Collect$$libinit$$0000002C)
    __rt_lib_init_atexit_1                   0x080001cd   Thumb Code     0  libinit2.o(.ARM.Collect$$libinit$$0000001B)
    __rt_lib_init_clock_1                    0x080001cd   Thumb Code     0  libinit2.o(.ARM.Collect$$libinit$$00000021)
    __rt_lib_init_cpp_1                      0x080001cd   Thumb Code     0  libinit2.o(.ARM.Collect$$libinit$$00000032)
    __rt_lib_init_exceptions_1               0x080001cd   Thumb Code     0  libinit2.o(.ARM.Collect$$libinit$$00000030)
    __rt_lib_init_fp_trap_1                  0x080001cd   Thumb Code     0  libinit2.o(.ARM.Collect$$libinit$$0000001F)
    __rt_lib_init_getenv_1                   0x080001cd   Thumb Code     0  libinit2.o(.ARM.Collect$$libinit$$00000023)
    __rt_lib_init_lc_numeric_1               0x080001cd   Thumb Code     0  libinit2.o(.ARM.Collect$$libinit$$00000017)
    __rt_lib_init_lc_time_1                  0x080001cd   Thumb Code     0  libinit2.o(.ARM.Collect$$libinit$$00000019)
    __rt_lib_init_return                     0x080001cd   Thumb Code     0  libinit2.o(.ARM.Collect$$libinit$$00000033)
    __rt_lib_init_signal_1                   0x080001cd   Thumb Code     0  libinit2.o(.ARM.Collect$$libinit$$0000001D)
    __rt_lib_init_stdio_1                    0x080001cd   Thumb Code     0  libinit2.o(.ARM.Collect$$libinit$$00000025)
    __rt_lib_shutdown                        0x080001cf   Thumb Code     0  libshutdown.o(.ARM.Collect$$libshutdown$$00000000)
    __rt_lib_shutdown_fp_trap_1              0x080001d1   Thumb Code     0  libshutdown2.o(.ARM.Collect$$libshutdown$$00000006)
    __rt_lib_shutdown_heap_1                 0x080001d1   Thumb Code     0  libshutdown2.o(.ARM.Collect$$libshutdown$$0000000E)
    __rt_lib_shutdown_return                 0x080001d1   Thumb Code     0  libshutdown2.o(.ARM.Collect$$libshutdown$$0000000F)
    __rt_lib_shutdown_signal_1               0x080001d1   Thumb Code     0  libshutdown2.o(.ARM.Collect$$libshutdown$$00000009)
    __rt_lib_shutdown_stdio_1                0x080001d1   Thumb Code     0  libshutdown2.o(.ARM.Collect$$libshutdown$$00000003)
    __rt_lib_shutdown_user_alloc_1           0x080001d1   Thumb Code     0  libshutdown2.o(.ARM.Collect$$libshutdown$$0000000B)
    __rt_entry                               0x080001d3   Thumb Code     0  __rtentry.o(.ARM.Collect$$rtentry$$00000000)
    __rt_entry_presh_1                       0x080001d3   Thumb Code     0  __rtentry2.o(.ARM.Collect$$rtentry$$00000002)
    __rt_entry_sh                            0x080001d3   Thumb Code     0  __rtentry4.o(.ARM.Collect$$rtentry$$00000004)
    __rt_entry_li                            0x080001d9   Thumb Code     0  __rtentry2.o(.ARM.Collect$$rtentry$$0000000A)
    __rt_entry_postsh_1                      0x080001d9   Thumb Code     0  __rtentry2.o(.ARM.Collect$$rtentry$$00000009)
    __rt_entry_main                          0x080001dd   Thumb Code     0  __rtentry2.o(.ARM.Collect$$rtentry$$0000000D)
    __rt_entry_postli_1                      0x080001dd   Thumb Code     0  __rtentry2.o(.ARM.Collect$$rtentry$$0000000C)
    __rt_exit                                0x080001e5   Thumb Code     0  rtexit.o(.ARM.Collect$$rtexit$$00000000)
    __rt_exit_ls                             0x080001e7   Thumb Code     0  rtexit2.o(.ARM.Collect$$rtexit$$00000003)
    __rt_exit_prels_1                        0x080001e7   Thumb Code     0  rtexit2.o(.ARM.Collect$$rtexit$$00000002)
    __rt_exit_exit                           0x080001eb   Thumb Code     0  rtexit2.o(.ARM.Collect$$rtexit$$00000004)
    NMI_Handler                              0x080001f1   Thumb Code     2  stm32f10x_it.o(.text)
    HardFault_Handler                        0x080001f3   Thumb Code     4  stm32f10x_it.o(.text)
    MemManage_Handler                        0x080001f7   Thumb Code     4  stm32f10x_it.o(.text)
    BusFault_Handler                         0x080001fb   Thumb Code     4  stm32f10x_it.o(.text)
    UsageFault_Handler                       0x080001ff   Thumb Code     4  stm32f10x_it.o(.text)
    SVC_Handler                              0x08000203   Thumb Code     2  stm32f10x_it.o(.text)
    DebugMon_Handler                         0x08000205   Thumb Code     2  stm32f10x_it.o(.text)
    SystemInit                               0x080002e7   Thumb Code    78  system_stm32f10x.o(.text)
    SystemCoreClockUpdate                    0x08000335   Thumb Code   142  system_stm32f10x.o(.text)
    TIM8_PWM_Init                            0x080003e9   Thumb Code   224  timer.o(.text)
    TIM1_PWM_Init                            0x080004c9   Thumb Code   224  timer.o(.text)
    TIM3_Configuration                       0x080005a9   Thumb Code   174  timer.o(.text)
    TIM4_Configuration                       0x08000657   Thumb Code   174  timer.o(.text)
    TIM5_Configuration                       0x08000705   Thumb Code   174  timer.o(.text)
    Time_Config                              0x080007b3   Thumb Code    36  timer.o(.text)
    LeftWheelSpeedSet                        0x080007f9   Thumb Code   126  control.o(.text)
    RightWheelSpeedSet                       0x08000877   Thumb Code   126  control.o(.text)
    ThreeWheelSpeedSet                       0x080008f5   Thumb Code   126  control.o(.text)
    SetThree_Pwm                             0x08000973   Thumb Code    56  control.o(.text)
    SetRight_Pwm                             0x080009ab   Thumb Code    56  control.o(.text)
    SetLeft_Pwm                              0x080009e3   Thumb Code    56  control.o(.text)
    Xianfu_Pwm                               0x08000a1b   Thumb Code   104  control.o(.text)
    ThreeIncremental_PI                      0x08000a83   Thumb Code   138  control.o(.text)
    myabs                                    0x08000b0d   Thumb Code    14  control.o(.text)
    RightIncremental_PI                      0x08000b1b   Thumb Code   138  control.o(.text)
    LeftIncremental_PI                       0x08000ba5   Thumb Code   242  control.o(.text)
    RunWheelcontrol                          0x08000c97   Thumb Code   206  control.o(.text)
    Position_PID                             0x08000d65   Thumb Code   126  control.o(.text)
    PID_AbsoluteMode                         0x08000de3   Thumb Code   206  control.o(.text)
    OmniWheelscontrol                        0x08000eb1   Thumb Code   832  control.o(.text)
    TestSendData_To_Ros                      0x08001205   Thumb Code    88  dealdata.o(.text)
    SendData_To_Ros                          0x0800125d   Thumb Code   398  dealdata.o(.text)
    DealRXData                               0x080013eb   Thumb Code   160  dealdata.o(.text)
    Get_Encoder_T2                           0x080014a1   Thumb Code   160  encoder.o(.text)
    Get_Encoder_T3                           0x08001541   Thumb Code   158  encoder.o(.text)
    Get_Encoder_T4                           0x080015df   Thumb Code   158  encoder.o(.text)
    Get_Encoder_T5                           0x0800167d   Thumb Code   158  encoder.o(.text)
    Get_Encoder                              0x0800171b   Thumb Code    16  encoder.o(.text)
    I2C_GPIO_Config                          0x08001741   Thumb Code    72  myiic.o(.text)
    IICdelay_us                              0x08001789   Thumb Code   158  myiic.o(.text)
    I2C_Start                                0x08001827   Thumb Code    92  myiic.o(.text)
    I2C_Stop                                 0x08001883   Thumb Code    60  myiic.o(.text)
    I2C_Ack                                  0x080018bf   Thumb Code    60  myiic.o(.text)
    I2C_NoAck                                0x080018fb   Thumb Code    60  myiic.o(.text)
    I2C_WaitAck                              0x08001937   Thumb Code    92  myiic.o(.text)
    I2C_SendByte                             0x08001993   Thumb Code    90  myiic.o(.text)
    I2C_RadeByte                             0x080019ed   Thumb Code    86  myiic.o(.text)
    IIC_Write_One_Byte                       0x08001a43   Thumb Code    66  myiic.o(.text)
    IIC_Read_One_Byte                        0x08001a85   Thumb Code    80  myiic.o(.text)
    InitGY85                                 0x08001add   Thumb Code   128  gy85.o(.text)
    GetData                                  0x08001b5d   Thumb Code    38  gy85.o(.text)
    GetQMC5883Data                           0x08001b83   Thumb Code    38  gy85.o(.text)
    NVIC_Configuration                       0x08001ba9   Thumb Code    12  sys.o(.text)
    USART2_DMA_TX                            0x08001bb5   Thumb Code    52  bsp_usart.o(.text)
    USART2_Config                            0x08001ccd   Thumb Code   150  bsp_usart.o(.text)
    USART2_IRQHandler                        0x08001d63   Thumb Code    96  bsp_usart.o(.text)
    DMA1_Channel6_IRQHandler                 0x08001dc3   Thumb Code    30  bsp_usart.o(.text)
    _sys_exit                                0x08001df9   Thumb Code     6  usart.o(.text)
    fputc                                    0x08001dff   Thumb Code    24  usart.o(.text)
    uart_init                                0x08001e17   Thumb Code   158  usart.o(.text)
    USART3_IRQHandler                        0x08001eb5   Thumb Code   122  usart.o(.text)
    Reset_Handler                            0x08001f41   Thumb Code     8  startup_stm32f10x_hd.o(.text)
    ADC1_2_IRQHandler                        0x08001f5b   Thumb Code     0  startup_stm32f10x_hd.o(.text)
    ADC3_IRQHandler                          0x08001f5b   Thumb Code     0  startup_stm32f10x_hd.o(.text)
    CAN1_RX1_IRQHandler                      0x08001f5b   Thumb Code     0  startup_stm32f10x_hd.o(.text)
    CAN1_SCE_IRQHandler                      0x08001f5b   Thumb Code     0  startup_stm32f10x_hd.o(.text)
    DMA1_Channel1_IRQHandler                 0x08001f5b   Thumb Code     0  startup_stm32f10x_hd.o(.text)
    DMA1_Channel2_IRQHandler                 0x08001f5b   Thumb Code     0  startup_stm32f10x_hd.o(.text)
    DMA1_Channel3_IRQHandler                 0x08001f5b   Thumb Code     0  startup_stm32f10x_hd.o(.text)
    DMA1_Channel4_IRQHandler                 0x08001f5b   Thumb Code     0  startup_stm32f10x_hd.o(.text)
    DMA1_Channel5_IRQHandler                 0x08001f5b   Thumb Code     0  startup_stm32f10x_hd.o(.text)
    DMA1_Channel7_IRQHandler                 0x08001f5b   Thumb Code     0  startup_stm32f10x_hd.o(.text)
    DMA2_Channel1_IRQHandler                 0x08001f5b   Thumb Code     0  startup_stm32f10x_hd.o(.text)
    DMA2_Channel2_IRQHandler                 0x08001f5b   Thumb Code     0  startup_stm32f10x_hd.o(.text)
    DMA2_Channel3_IRQHandler                 0x08001f5b   Thumb Code     0  startup_stm32f10x_hd.o(.text)
    DMA2_Channel4_5_IRQHandler               0x08001f5b   Thumb Code     0  startup_stm32f10x_hd.o(.text)
    EXTI0_IRQHandler                         0x08001f5b   Thumb Code     0  startup_stm32f10x_hd.o(.text)
    EXTI15_10_IRQHandler                     0x08001f5b   Thumb Code     0  startup_stm32f10x_hd.o(.text)
    EXTI1_IRQHandler                         0x08001f5b   Thumb Code     0  startup_stm32f10x_hd.o(.text)
    EXTI2_IRQHandler                         0x08001f5b   Thumb Code     0  startup_stm32f10x_hd.o(.text)
    EXTI3_IRQHandler                         0x08001f5b   Thumb Code     0  startup_stm32f10x_hd.o(.text)
    EXTI4_IRQHandler                         0x08001f5b   Thumb Code     0  startup_stm32f10x_hd.o(.text)
    EXTI9_5_IRQHandler                       0x08001f5b   Thumb Code     0  startup_stm32f10x_hd.o(.text)
    FLASH_IRQHandler                         0x08001f5b   Thumb Code     0  startup_stm32f10x_hd.o(.text)
    FSMC_IRQHandler                          0x08001f5b   Thumb Code     0  startup_stm32f10x_hd.o(.text)
    I2C1_ER_IRQHandler                       0x08001f5b   Thumb Code     0  startup_stm32f10x_hd.o(.text)
    I2C1_EV_IRQHandler                       0x08001f5b   Thumb Code     0  startup_stm32f10x_hd.o(.text)
    I2C2_ER_IRQHandler                       0x08001f5b   Thumb Code     0  startup_stm32f10x_hd.o(.text)
    I2C2_EV_IRQHandler                       0x08001f5b   Thumb Code     0  startup_stm32f10x_hd.o(.text)
    PVD_IRQHandler                           0x08001f5b   Thumb Code     0  startup_stm32f10x_hd.o(.text)
    RCC_IRQHandler                           0x08001f5b   Thumb Code     0  startup_stm32f10x_hd.o(.text)
    RTCAlarm_IRQHandler                      0x08001f5b   Thumb Code     0  startup_stm32f10x_hd.o(.text)
    RTC_IRQHandler                           0x08001f5b   Thumb Code     0  startup_stm32f10x_hd.o(.text)
    SDIO_IRQHandler                          0x08001f5b   Thumb Code     0  startup_stm32f10x_hd.o(.text)
    SPI1_IRQHandler                          0x08001f5b   Thumb Code     0  startup_stm32f10x_hd.o(.text)
    SPI2_IRQHandler                          0x08001f5b   Thumb Code     0  startup_stm32f10x_hd.o(.text)
    SPI3_IRQHandler                          0x08001f5b   Thumb Code     0  startup_stm32f10x_hd.o(.text)
    TAMPER_IRQHandler                        0x08001f5b   Thumb Code     0  startup_stm32f10x_hd.o(.text)
    TIM1_BRK_IRQHandler                      0x08001f5b   Thumb Code     0  startup_stm32f10x_hd.o(.text)
    TIM1_CC_IRQHandler                       0x08001f5b   Thumb Code     0  startup_stm32f10x_hd.o(.text)
    TIM1_TRG_COM_IRQHandler                  0x08001f5b   Thumb Code     0  startup_stm32f10x_hd.o(.text)
    TIM1_UP_IRQHandler                       0x08001f5b   Thumb Code     0  startup_stm32f10x_hd.o(.text)
    TIM2_IRQHandler                          0x08001f5b   Thumb Code     0  startup_stm32f10x_hd.o(.text)
    TIM3_IRQHandler                          0x08001f5b   Thumb Code     0  startup_stm32f10x_hd.o(.text)
    TIM4_IRQHandler                          0x08001f5b   Thumb Code     0  startup_stm32f10x_hd.o(.text)
    TIM5_IRQHandler                          0x08001f5b   Thumb Code     0  startup_stm32f10x_hd.o(.text)
    TIM6_IRQHandler                          0x08001f5b   Thumb Code     0  startup_stm32f10x_hd.o(.text)
    TIM7_IRQHandler                          0x08001f5b   Thumb Code     0  startup_stm32f10x_hd.o(.text)
    TIM8_BRK_IRQHandler                      0x08001f5b   Thumb Code     0  startup_stm32f10x_hd.o(.text)
    TIM8_CC_IRQHandler                       0x08001f5b   Thumb Code     0  startup_stm32f10x_hd.o(.text)
    TIM8_TRG_COM_IRQHandler                  0x08001f5b   Thumb Code     0  startup_stm32f10x_hd.o(.text)
    TIM8_UP_IRQHandler                       0x08001f5b   Thumb Code     0  startup_stm32f10x_hd.o(.text)
    UART4_IRQHandler                         0x08001f5b   Thumb Code     0  startup_stm32f10x_hd.o(.text)
    UART5_IRQHandler                         0x08001f5b   Thumb Code     0  startup_stm32f10x_hd.o(.text)
    USART1_IRQHandler                        0x08001f5b   Thumb Code     0  startup_stm32f10x_hd.o(.text)
    USBWakeUp_IRQHandler                     0x08001f5b   Thumb Code     0  startup_stm32f10x_hd.o(.text)
    USB_HP_CAN1_TX_IRQHandler                0x08001f5b   Thumb Code     0  startup_stm32f10x_hd.o(.text)
    USB_LP_CAN1_RX0_IRQHandler               0x08001f5b   Thumb Code     0  startup_stm32f10x_hd.o(.text)
    WWDG_IRQHandler                          0x08001f5b   Thumb Code     0  startup_stm32f10x_hd.o(.text)
    __user_initial_stackheap                 0x08001f5d   Thumb Code     0  startup_stm32f10x_hd.o(.text)
    NVIC_PriorityGroupConfig                 0x08001f81   Thumb Code    10  misc.o(.text)
    NVIC_Init                                0x08001f8b   Thumb Code   100  misc.o(.text)
    NVIC_SetVectorTable                      0x08001fef   Thumb Code    14  misc.o(.text)
    NVIC_SystemLPConfig                      0x08001ffd   Thumb Code    34  misc.o(.text)
    SysTick_CLKSourceConfig                  0x0800201f   Thumb Code    40  misc.o(.text)
    GPIO_DeInit                              0x0800205d   Thumb Code   172  stm32f10x_gpio.o(.text)
    GPIO_AFIODeInit                          0x08002109   Thumb Code    20  stm32f10x_gpio.o(.text)
    GPIO_Init                                0x0800211d   Thumb Code   278  stm32f10x_gpio.o(.text)
    GPIO_StructInit                          0x08002233   Thumb Code    16  stm32f10x_gpio.o(.text)
    GPIO_ReadInputDataBit                    0x08002243   Thumb Code    18  stm32f10x_gpio.o(.text)
    GPIO_ReadInputData                       0x08002255   Thumb Code     8  stm32f10x_gpio.o(.text)
    GPIO_ReadOutputDataBit                   0x0800225d   Thumb Code    18  stm32f10x_gpio.o(.text)
    GPIO_ReadOutputData                      0x0800226f   Thumb Code     8  stm32f10x_gpio.o(.text)
    GPIO_SetBits                             0x08002277   Thumb Code     4  stm32f10x_gpio.o(.text)
    GPIO_ResetBits                           0x0800227b   Thumb Code     4  stm32f10x_gpio.o(.text)
    GPIO_WriteBit                            0x0800227f   Thumb Code    10  stm32f10x_gpio.o(.text)
    GPIO_Write                               0x08002289   Thumb Code     4  stm32f10x_gpio.o(.text)
    GPIO_PinLockConfig                       0x0800228d   Thumb Code    18  stm32f10x_gpio.o(.text)
    GPIO_EventOutputConfig                   0x0800229f   Thumb Code    26  stm32f10x_gpio.o(.text)
    GPIO_EventOutputCmd                      0x080022b9   Thumb Code     6  stm32f10x_gpio.o(.text)
    GPIO_PinRemapConfig                      0x080022bf   Thumb Code   138  stm32f10x_gpio.o(.text)
    GPIO_EXTILineConfig                      0x08002349   Thumb Code    66  stm32f10x_gpio.o(.text)
    GPIO_ETH_MediaInterfaceConfig            0x0800238b   Thumb Code     8  stm32f10x_gpio.o(.text)
    RCC_DeInit                               0x080023b9   Thumb Code    64  stm32f10x_rcc.o(.text)
    RCC_HSEConfig                            0x080023f9   Thumb Code    70  stm32f10x_rcc.o(.text)
    RCC_GetFlagStatus                        0x0800243f   Thumb Code    56  stm32f10x_rcc.o(.text)
    RCC_WaitForHSEStartUp                    0x08002477   Thumb Code    56  stm32f10x_rcc.o(.text)
    RCC_AdjustHSICalibrationValue            0x080024af   Thumb Code    20  stm32f10x_rcc.o(.text)
    RCC_HSICmd                               0x080024c3   Thumb Code     6  stm32f10x_rcc.o(.text)
    RCC_PLLConfig                            0x080024c9   Thumb Code    24  stm32f10x_rcc.o(.text)
    RCC_PLLCmd                               0x080024e1   Thumb Code     6  stm32f10x_rcc.o(.text)
    RCC_SYSCLKConfig                         0x080024e7   Thumb Code    18  stm32f10x_rcc.o(.text)
    RCC_GetSYSCLKSource                      0x080024f9   Thumb Code    10  stm32f10x_rcc.o(.text)
    RCC_HCLKConfig                           0x08002503   Thumb Code    18  stm32f10x_rcc.o(.text)
    RCC_PCLK1Config                          0x08002515   Thumb Code    18  stm32f10x_rcc.o(.text)
    RCC_PCLK2Config                          0x08002527   Thumb Code    20  stm32f10x_rcc.o(.text)
    RCC_ITConfig                             0x0800253b   Thumb Code    26  stm32f10x_rcc.o(.text)
    RCC_USBCLKConfig                         0x08002555   Thumb Code     8  stm32f10x_rcc.o(.text)
    RCC_ADCCLKConfig                         0x0800255d   Thumb Code    18  stm32f10x_rcc.o(.text)
    RCC_LSEConfig                            0x0800256f   Thumb Code    50  stm32f10x_rcc.o(.text)
    RCC_LSICmd                               0x080025a1   Thumb Code     6  stm32f10x_rcc.o(.text)
    RCC_RTCCLKConfig                         0x080025a7   Thumb Code    12  stm32f10x_rcc.o(.text)
    RCC_RTCCLKCmd                            0x080025b3   Thumb Code     8  stm32f10x_rcc.o(.text)
    RCC_GetClocksFreq                        0x080025bb   Thumb Code   192  stm32f10x_rcc.o(.text)
    RCC_AHBPeriphClockCmd                    0x0800267b   Thumb Code    26  stm32f10x_rcc.o(.text)
    RCC_APB2PeriphClockCmd                   0x08002695   Thumb Code    26  stm32f10x_rcc.o(.text)
    RCC_APB1PeriphClockCmd                   0x080026af   Thumb Code    26  stm32f10x_rcc.o(.text)
    RCC_APB2PeriphResetCmd                   0x080026c9   Thumb Code    26  stm32f10x_rcc.o(.text)
    RCC_APB1PeriphResetCmd                   0x080026e3   Thumb Code    26  stm32f10x_rcc.o(.text)
    RCC_BackupResetCmd                       0x080026fd   Thumb Code     8  stm32f10x_rcc.o(.text)
    RCC_ClockSecuritySystemCmd               0x08002705   Thumb Code     6  stm32f10x_rcc.o(.text)
    RCC_MCOConfig                            0x0800270b   Thumb Code     6  stm32f10x_rcc.o(.text)
    RCC_ClearFlag                            0x08002711   Thumb Code    14  stm32f10x_rcc.o(.text)
    RCC_GetITStatus                          0x0800271f   Thumb Code    20  stm32f10x_rcc.o(.text)
    RCC_ClearITPendingBit                    0x08002733   Thumb Code     6  stm32f10x_rcc.o(.text)
    USART_DeInit                             0x0800275d   Thumb Code   134  stm32f10x_usart.o(.text)
    USART_Init                               0x080027e3   Thumb Code   210  stm32f10x_usart.o(.text)
    USART_StructInit                         0x080028b5   Thumb Code    24  stm32f10x_usart.o(.text)
    USART_ClockInit                          0x080028cd   Thumb Code    34  stm32f10x_usart.o(.text)
    USART_ClockStructInit                    0x080028ef   Thumb Code    12  stm32f10x_usart.o(.text)
    USART_Cmd                                0x080028fb   Thumb Code    24  stm32f10x_usart.o(.text)
    USART_ITConfig                           0x08002913   Thumb Code    74  stm32f10x_usart.o(.text)
    USART_DMACmd                             0x0800295d   Thumb Code    18  stm32f10x_usart.o(.text)
    USART_SetAddress                         0x0800296f   Thumb Code    18  stm32f10x_usart.o(.text)
    USART_WakeUpConfig                       0x08002981   Thumb Code    18  stm32f10x_usart.o(.text)
    USART_ReceiverWakeUpCmd                  0x08002993   Thumb Code    24  stm32f10x_usart.o(.text)
    USART_LINBreakDetectLengthConfig         0x080029ab   Thumb Code    18  stm32f10x_usart.o(.text)
    USART_LINCmd                             0x080029bd   Thumb Code    24  stm32f10x_usart.o(.text)
    USART_SendData                           0x080029d5   Thumb Code     8  stm32f10x_usart.o(.text)
    USART_ReceiveData                        0x080029dd   Thumb Code    10  stm32f10x_usart.o(.text)
    USART_SendBreak                          0x080029e7   Thumb Code    10  stm32f10x_usart.o(.text)
    USART_SetGuardTime                       0x080029f1   Thumb Code    16  stm32f10x_usart.o(.text)
    USART_SetPrescaler                       0x08002a01   Thumb Code    16  stm32f10x_usart.o(.text)
    USART_SmartCardCmd                       0x08002a11   Thumb Code    24  stm32f10x_usart.o(.text)
    USART_SmartCardNACKCmd                   0x08002a29   Thumb Code    24  stm32f10x_usart.o(.text)
    USART_HalfDuplexCmd                      0x08002a41   Thumb Code    24  stm32f10x_usart.o(.text)
    USART_OverSampling8Cmd                   0x08002a59   Thumb Code    22  stm32f10x_usart.o(.text)
    USART_OneBitMethodCmd                    0x08002a6f   Thumb Code    24  stm32f10x_usart.o(.text)
    USART_IrDAConfig                         0x08002a87   Thumb Code    18  stm32f10x_usart.o(.text)
    USART_IrDACmd                            0x08002a99   Thumb Code    24  stm32f10x_usart.o(.text)
    USART_GetFlagStatus                      0x08002ab1   Thumb Code    26  stm32f10x_usart.o(.text)
    USART_ClearFlag                          0x08002acb   Thumb Code    18  stm32f10x_usart.o(.text)
    USART_GetITStatus                        0x08002add   Thumb Code    84  stm32f10x_usart.o(.text)
    USART_ClearITPendingBit                  0x08002b31   Thumb Code    52  stm32f10x_usart.o(.text)
    TIM_DeInit                               0x08002b65   Thumb Code   424  stm32f10x_tim.o(.text)
    TIM_TimeBaseInit                         0x08002d0d   Thumb Code   122  stm32f10x_tim.o(.text)
    TIM_OC1Init                              0x08002d87   Thumb Code   132  stm32f10x_tim.o(.text)
    TIM_OC2Init                              0x08002e0b   Thumb Code   154  stm32f10x_tim.o(.text)
    TIM_OC3Init                              0x08002ea5   Thumb Code   150  stm32f10x_tim.o(.text)
    TIM_OC4Init                              0x08002f3b   Thumb Code   182  stm32f10x_tim.o(.text)
    TIM_SetIC4Prescaler                      0x08002ff1   Thumb Code    26  stm32f10x_tim.o(.text)
    TIM_SetIC3Prescaler                      0x0800308d   Thumb Code    18  stm32f10x_tim.o(.text)
    TIM_SetIC2Prescaler                      0x08003119   Thumb Code    26  stm32f10x_tim.o(.text)
    TIM_SetIC1Prescaler                      0x080031b5   Thumb Code    18  stm32f10x_tim.o(.text)
    TIM_ICInit                               0x08003233   Thumb Code   150  stm32f10x_tim.o(.text)
    TIM_PWMIConfig                           0x080032c9   Thumb Code   124  stm32f10x_tim.o(.text)
    TIM_BDTRConfig                           0x08003345   Thumb Code    32  stm32f10x_tim.o(.text)
    TIM_TimeBaseStructInit                   0x08003365   Thumb Code    18  stm32f10x_tim.o(.text)
    TIM_OCStructInit                         0x08003377   Thumb Code    20  stm32f10x_tim.o(.text)
    TIM_ICStructInit                         0x0800338b   Thumb Code    18  stm32f10x_tim.o(.text)
    TIM_BDTRStructInit                       0x0800339d   Thumb Code    40  stm32f10x_tim.o(.text)
    TIM_Cmd                                  0x080033c5   Thumb Code    24  stm32f10x_tim.o(.text)
    TIM_CtrlPWMOutputs                       0x080033dd   Thumb Code    30  stm32f10x_tim.o(.text)
    TIM_ITConfig                             0x080033fb   Thumb Code    18  stm32f10x_tim.o(.text)
    TIM_GenerateEvent                        0x0800340d   Thumb Code     4  stm32f10x_tim.o(.text)
    TIM_DMAConfig                            0x08003411   Thumb Code    10  stm32f10x_tim.o(.text)
    TIM_DMACmd                               0x0800341b   Thumb Code    18  stm32f10x_tim.o(.text)
    TIM_InternalClockConfig                  0x0800342d   Thumb Code    12  stm32f10x_tim.o(.text)
    TIM_SelectInputTrigger                   0x08003439   Thumb Code    18  stm32f10x_tim.o(.text)
    TIM_ITRxExternalClockConfig              0x0800344b   Thumb Code    24  stm32f10x_tim.o(.text)
    TIM_TIxExternalClockConfig               0x08003463   Thumb Code    62  stm32f10x_tim.o(.text)
    TIM_ETRConfig                            0x080034a1   Thumb Code    28  stm32f10x_tim.o(.text)
    TIM_ETRClockMode1Config                  0x080034bd   Thumb Code    54  stm32f10x_tim.o(.text)
    TIM_ETRClockMode2Config                  0x080034f3   Thumb Code    32  stm32f10x_tim.o(.text)
    TIM_PrescalerConfig                      0x08003513   Thumb Code     6  stm32f10x_tim.o(.text)
    TIM_CounterModeConfig                    0x08003519   Thumb Code    18  stm32f10x_tim.o(.text)
    TIM_EncoderInterfaceConfig               0x0800352b   Thumb Code    66  stm32f10x_tim.o(.text)
    TIM_ForcedOC1Config                      0x0800356d   Thumb Code    18  stm32f10x_tim.o(.text)
    TIM_ForcedOC2Config                      0x0800357f   Thumb Code    26  stm32f10x_tim.o(.text)
    TIM_ForcedOC3Config                      0x08003599   Thumb Code    18  stm32f10x_tim.o(.text)
    TIM_ForcedOC4Config                      0x080035ab   Thumb Code    26  stm32f10x_tim.o(.text)
    TIM_ARRPreloadConfig                     0x080035c5   Thumb Code    24  stm32f10x_tim.o(.text)
    TIM_SelectCOM                            0x080035dd   Thumb Code    24  stm32f10x_tim.o(.text)
    TIM_SelectCCDMA                          0x080035f5   Thumb Code    24  stm32f10x_tim.o(.text)
    TIM_CCPreloadControl                     0x0800360d   Thumb Code    24  stm32f10x_tim.o(.text)
    TIM_OC1PreloadConfig                     0x08003625   Thumb Code    18  stm32f10x_tim.o(.text)
    TIM_OC2PreloadConfig                     0x08003637   Thumb Code    26  stm32f10x_tim.o(.text)
    TIM_OC3PreloadConfig                     0x08003651   Thumb Code    18  stm32f10x_tim.o(.text)
    TIM_OC4PreloadConfig                     0x08003663   Thumb Code    26  stm32f10x_tim.o(.text)
    TIM_OC1FastConfig                        0x0800367d   Thumb Code    18  stm32f10x_tim.o(.text)
    TIM_OC2FastConfig                        0x0800368f   Thumb Code    26  stm32f10x_tim.o(.text)
    TIM_OC3FastConfig                        0x080036a9   Thumb Code    18  stm32f10x_tim.o(.text)
    TIM_OC4FastConfig                        0x080036bb   Thumb Code    26  stm32f10x_tim.o(.text)
    TIM_ClearOC1Ref                          0x080036d5   Thumb Code    18  stm32f10x_tim.o(.text)
    TIM_ClearOC2Ref                          0x080036e7   Thumb Code    24  stm32f10x_tim.o(.text)
    TIM_ClearOC3Ref                          0x080036ff   Thumb Code    18  stm32f10x_tim.o(.text)
    TIM_ClearOC4Ref                          0x08003711   Thumb Code    24  stm32f10x_tim.o(.text)
    TIM_OC1PolarityConfig                    0x08003729   Thumb Code    18  stm32f10x_tim.o(.text)
    TIM_OC1NPolarityConfig                   0x0800373b   Thumb Code    18  stm32f10x_tim.o(.text)
    TIM_OC2PolarityConfig                    0x0800374d   Thumb Code    26  stm32f10x_tim.o(.text)
    TIM_OC2NPolarityConfig                   0x08003767   Thumb Code    26  stm32f10x_tim.o(.text)
    TIM_OC3PolarityConfig                    0x08003781   Thumb Code    26  stm32f10x_tim.o(.text)
    TIM_OC3NPolarityConfig                   0x0800379b   Thumb Code    26  stm32f10x_tim.o(.text)
    TIM_OC4PolarityConfig                    0x080037b5   Thumb Code    26  stm32f10x_tim.o(.text)
    TIM_CCxCmd                               0x080037cf   Thumb Code    30  stm32f10x_tim.o(.text)
    TIM_CCxNCmd                              0x080037ed   Thumb Code    30  stm32f10x_tim.o(.text)
    TIM_SelectOCxM                           0x0800380b   Thumb Code    82  stm32f10x_tim.o(.text)
    TIM_UpdateDisableConfig                  0x0800385d   Thumb Code    24  stm32f10x_tim.o(.text)
    TIM_UpdateRequestConfig                  0x08003875   Thumb Code    24  stm32f10x_tim.o(.text)
    TIM_SelectHallSensor                     0x0800388d   Thumb Code    24  stm32f10x_tim.o(.text)
    TIM_SelectOnePulseMode                   0x080038a5   Thumb Code    18  stm32f10x_tim.o(.text)
    TIM_SelectOutputTrigger                  0x080038b7   Thumb Code    18  stm32f10x_tim.o(.text)
    TIM_SelectSlaveMode                      0x080038c9   Thumb Code    18  stm32f10x_tim.o(.text)
    TIM_SelectMasterSlaveMode                0x080038db   Thumb Code    18  stm32f10x_tim.o(.text)
    TIM_SetCounter                           0x080038ed   Thumb Code     4  stm32f10x_tim.o(.text)
    TIM_SetAutoreload                        0x080038f1   Thumb Code     4  stm32f10x_tim.o(.text)
    TIM_SetCompare1                          0x080038f5   Thumb Code     4  stm32f10x_tim.o(.text)
    TIM_SetCompare2                          0x080038f9   Thumb Code     4  stm32f10x_tim.o(.text)
    TIM_SetCompare3                          0x080038fd   Thumb Code     4  stm32f10x_tim.o(.text)
    TIM_SetCompare4                          0x08003901   Thumb Code     6  stm32f10x_tim.o(.text)
    TIM_SetClockDivision                     0x08003907   Thumb Code    18  stm32f10x_tim.o(.text)
    TIM_GetCapture1                          0x08003919   Thumb Code     6  stm32f10x_tim.o(.text)
    TIM_GetCapture2                          0x0800391f   Thumb Code     6  stm32f10x_tim.o(.text)
    TIM_GetCapture3                          0x08003925   Thumb Code     6  stm32f10x_tim.o(.text)
    TIM_GetCapture4                          0x0800392b   Thumb Code     8  stm32f10x_tim.o(.text)
    TIM_GetCounter                           0x08003933   Thumb Code     6  stm32f10x_tim.o(.text)
    TIM_GetPrescaler                         0x08003939   Thumb Code     6  stm32f10x_tim.o(.text)
    TIM_GetFlagStatus                        0x0800393f   Thumb Code    18  stm32f10x_tim.o(.text)
    TIM_ClearFlag                            0x08003951   Thumb Code     6  stm32f10x_tim.o(.text)
    TIM_GetITStatus                          0x08003957   Thumb Code    34  stm32f10x_tim.o(.text)
    TIM_ClearITPendingBit                    0x08003979   Thumb Code     6  stm32f10x_tim.o(.text)
    DMA_DeInit                               0x08003981   Thumb Code   324  stm32f10x_dma.o(.text)
    DMA_Init                                 0x08003ac5   Thumb Code    60  stm32f10x_dma.o(.text)
    DMA_StructInit                           0x08003b01   Thumb Code    26  stm32f10x_dma.o(.text)
    DMA_Cmd                                  0x08003b1b   Thumb Code    24  stm32f10x_dma.o(.text)
    DMA_ITConfig                             0x08003b33   Thumb Code    18  stm32f10x_dma.o(.text)
    DMA_SetCurrDataCounter                   0x08003b45   Thumb Code     4  stm32f10x_dma.o(.text)
    DMA_GetCurrDataCounter                   0x08003b49   Thumb Code     8  stm32f10x_dma.o(.text)
    DMA_GetFlagStatus                        0x08003b51   Thumb Code    40  stm32f10x_dma.o(.text)
    DMA_ClearFlag                            0x08003b79   Thumb Code    22  stm32f10x_dma.o(.text)
    DMA_GetITStatus                          0x08003b8f   Thumb Code    40  stm32f10x_dma.o(.text)
    DMA_ClearITPendingBit                    0x08003bb7   Thumb Code    22  stm32f10x_dma.o(.text)
    OSTaskStkInit                            0x08003bd5   Thumb Code   156  fsc_stos.o(.text)
    SysTickInit                              0x08003c71   Thumb Code    58  fsc_stos.o(.text)
    OS_delayMs                               0x08003cab   Thumb Code    48  fsc_stos.o(.text)
    OSSchedUnlock                            0x08003cdb   Thumb Code    72  fsc_stos.o(.text)
    OSTaskStateSet                           0x08003d23   Thumb Code   128  fsc_stos.o(.text)
    OSSchedLock                              0x08003da3   Thumb Code    44  fsc_stos.o(.text)
    OS_TaskManage                            0x08003dcf   Thumb Code   614  fsc_stos.o(.text)
    OSCreatTaskManage                        0x08004035   Thumb Code   340  fsc_stos.o(.text)
    OS_TaskIdle                              0x08004189   Thumb Code     4  fsc_stos.o(.text)
    OS_CreatTaskIdle                         0x0800418d   Thumb Code    38  fsc_stos.o(.text)
    OSInit                                   0x080041b3   Thumb Code   264  fsc_stos.o(.text)
    OSTaskCreate                             0x080042bb   Thumb Code   160  fsc_stos.o(.text)
    SysTick_Handler                          0x0800435b   Thumb Code    20  fsc_stos.o(.text)
    OSTaskStateGet                           0x0800436f   Thumb Code    58  fsc_stos.o(.text)
    OSTaskSwitchBack                         0x080043a9   Thumb Code   100  fsc_stos.o(.text)
    OSTaskSwitch                             0x0800440d   Thumb Code   114  fsc_stos.o(.text)
    OSIntEnter                               0x0800447f   Thumb Code    30  fsc_stos.o(.text)
    OSIntExit                                0x0800449d   Thumb Code    30  fsc_stos.o(.text)
    OSTaskSwISR                              0x080044bb   Thumb Code    20  fsc_stos.o(.text)
    OSFlagPost                               0x080044cf   Thumb Code    10  fsc_stos.o(.text)
    OSFlagPend                               0x080044d9   Thumb Code    22  fsc_stos.o(.text)
    OSMutexPost                              0x080044ef   Thumb Code    36  fsc_stos.o(.text)
    OSMutexPend                              0x08004513   Thumb Code    44  fsc_stos.o(.text)
    OSMboxPost                               0x0800453f   Thumb Code    10  fsc_stos.o(.text)
    OSMboxPend                               0x08004549   Thumb Code    80  fsc_stos.o(.text)
    GetOSSliceTime                           0x08004599   Thumb Code     6  fsc_stos.o(.text)
    GetOSTimerVal                            0x0800459f   Thumb Code     8  fsc_stos.o(.text)
    delay_us                                 0x080045a7   Thumb Code   104  fsc_stos.o(.text)
    delay_ms                                 0x0800460f   Thumb Code    44  fsc_stos.o(.text)
    Task5                                    0x0800464d   Thumb Code    12  main_1.o(.text)
    Task4                                    0x08004659   Thumb Code    90  main_1.o(.text)
    Task3                                    0x080046b3   Thumb Code    10  main_1.o(.text)
    Task2                                    0x080046bd   Thumb Code    14  main_1.o(.text)
    Task1                                    0x080046cb   Thumb Code    14  main_1.o(.text)
    main                                     0x080046d9   Thumb Code   112  main_1.o(.text)
    OS_INT_OFF                               0x080047d1   Thumb Code     0  fsc_stos.o(.text)
    OS_INT_ON                                0x080047d5   Thumb Code     0  fsc_stos.o(.text)
    OSStart                                  0x080047d9   Thumb Code     0  fsc_stos.o(.text)
    PendSV_Handler                           0x080047f7   Thumb Code     0  fsc_stos.o(.text)
    OSCtxSw                                  0x08004893   Thumb Code     0  fsc_stos.o(.text)
    __use_no_semihosting                     0x08004901   Thumb Code     2  use_no_semi_2.o(.text)
    __2printf                                0x08004905   Thumb Code    20  noretval__2printf.o(.text)
    _printf_str                              0x0800491d   Thumb Code    82  _printf_str.o(.text)
    _printf_int_dec                          0x08004971   Thumb Code   104  _printf_dec.o(.text)
    __printf                                 0x080049e9   Thumb Code   308  __printf_flags_wp.o(.text)
    strtok                                   0x08004b21   Thumb Code     6  strtok.o(.text)
    __aeabi_memcpy                           0x08004b2d   Thumb Code     0  rt_memcpy_v6.o(.text)
    __rt_memcpy                              0x08004b2d   Thumb Code   138  rt_memcpy_v6.o(.text)
    _memcpy_lastbytes                        0x08004b93   Thumb Code     0  rt_memcpy_v6.o(.text)
    strcmp                                   0x08004bb9   Thumb Code   128  strcmpv7m.o(.text)
    __use_two_region_memory                  0x08004c39   Thumb Code     2  heapauxi.o(.text)
    __rt_heap_escrow$2region                 0x08004c3b   Thumb Code     2  heapauxi.o(.text)
    __rt_heap_expand$2region                 0x08004c3d   Thumb Code     2  heapauxi.o(.text)
    __I$use$semihosting                      0x08004c3f   Thumb Code     0  use_no_semi.o(.text)
    __use_no_semihosting_swi                 0x08004c3f   Thumb Code     2  use_no_semi.o(.text)
    __read_errno                             0x08004c41   Thumb Code    10  _rserrno.o(.text)
    __set_errno                              0x08004c4b   Thumb Code    12  _rserrno.o(.text)
    _printf_int_common                       0x08004c57   Thumb Code   178  _printf_intcommon.o(.text)
    __lib_sel_fp_printf                      0x08004d09   Thumb Code     2  _printf_fp_dec.o(.text)
    _printf_fp_dec_real                      0x08004eb7   Thumb Code   620  _printf_fp_dec.o(.text)
    _printf_cs_common                        0x08005123   Thumb Code    20  _printf_char.o(.text)
    _printf_char                             0x08005137   Thumb Code    16  _printf_char.o(.text)
    _printf_string                           0x08005147   Thumb Code     8  _printf_char.o(.text)
    _printf_char_file                        0x08005151   Thumb Code    32  _printf_char_file.o(.text)
    __strtok_internal                        0x08005175   Thumb Code    64  strtok_int.o(.text)
    __aeabi_memcpy4                          0x080051b9   Thumb Code     0  rt_memcpy_w.o(.text)
    __aeabi_memcpy8                          0x080051b9   Thumb Code     0  rt_memcpy_w.o(.text)
    __rt_memcpy_w                            0x080051b9   Thumb Code   100  rt_memcpy_w.o(.text)
    _memcpy_lastbytes_aligned                0x08005201   Thumb Code     0  rt_memcpy_w.o(.text)
    __rt_locale                              0x0800521d   Thumb Code     8  rt_locale_intlibspace.o(.text)
    __aeabi_errno_addr                       0x08005225   Thumb Code     8  rt_errno_addr_intlibspace.o(.text)
    __errno$intlibspace                      0x08005225   Thumb Code     0  rt_errno_addr_intlibspace.o(.text)
    __rt_errno_addr$intlibspace              0x08005225   Thumb Code     0  rt_errno_addr_intlibspace.o(.text)
    _ll_udiv10                               0x0800522d   Thumb Code   138  lludiv10.o(.text)
    _printf_char_common                      0x080052c3   Thumb Code    32  _printf_char_common.o(.text)
    _printf_fp_infnan                        0x080052e9   Thumb Code   112  _printf_fp_infnan.o(.text)
    _btod_etento                             0x08005369   Thumb Code   216  bigflt0.o(.text)
    ferror                                   0x08005445   Thumb Code     8  ferror.o(.text)
    strcspn                                  0x0800544d   Thumb Code    32  strcspn.o(.text)
    strspn                                   0x0800546d   Thumb Code    28  strspn.o(.text)
    __user_libspace                          0x08005489   Thumb Code     8  libspace.o(.text)
    __user_perproc_libspace                  0x08005489   Thumb Code     0  libspace.o(.text)
    __user_perthread_libspace                0x08005489   Thumb Code     0  libspace.o(.text)
    __user_setup_stackheap                   0x08005491   Thumb Code    74  sys_stackheap_outer.o(.text)
    exit                                     0x080054db   Thumb Code    12  exit.o(.text)
    _btod_d2e                                0x080054e7   Thumb Code    62  btod.o(CL$$btod_d2e)
    _d2e_denorm_low                          0x08005525   Thumb Code    70  btod.o(CL$$btod_d2e_denorm_low)
    _d2e_norm_op1                            0x0800556b   Thumb Code    96  btod.o(CL$$btod_d2e_norm_op1)
    __btod_div_common                        0x080055cb   Thumb Code   696  btod.o(CL$$btod_div_common)
    _e2e                                     0x08005903   Thumb Code   198  btod.o(CL$$btod_e2e)
    _btod_ediv                               0x080059c9   Thumb Code    40  btod.o(CL$$btod_ediv)
    _btod_emul                               0x080059f1   Thumb Code    40  btod.o(CL$$btod_emul)
    __btod_mult_common                       0x08005a19   Thumb Code   580  btod.o(CL$$btod_mult_common)
    OSCoreSW                                 0x08005c5d   Thumb Code   456  fsc_stos_a.o(i.OSCoreSW)
    __ARM_fpclassify                         0x08005e39   Thumb Code    40  fpclassify.o(i.__ARM_fpclassify)
    __ieee754_rem_pio2                       0x08005e61   Thumb Code   828  rred.o(i.__ieee754_rem_pio2)
    __kernel_cos                             0x080061e9   Thumb Code   230  cos_i.o(i.__kernel_cos)
    __kernel_poly                            0x080062e5   Thumb Code   170  poly.o(i.__kernel_poly)
    __kernel_sin                             0x08006391   Thumb Code   224  sin_i.o(i.__kernel_sin)
    __mathlib_dbl_infnan                     0x0800647d   Thumb Code     6  dunder.o(i.__mathlib_dbl_infnan)
    __mathlib_dbl_invalid                    0x08006483   Thumb Code    12  dunder.o(i.__mathlib_dbl_invalid)
    __mathlib_dbl_underflow                  0x08006491   Thumb Code    10  dunder.o(i.__mathlib_dbl_underflow)
    _is_digit                                0x080064a1   Thumb Code    14  __printf_wp.o(i._is_digit)
    cos                                      0x080064b1   Thumb Code   148  cos.o(i.cos)
    sin                                      0x0800654d   Thumb Code   150  sin.o(i.sin)
    _get_lc_numeric                          0x080065ed   Thumb Code    44  lc_numeric_c.o(locale$$code)
    __aeabi_dadd                             0x08006619   Thumb Code     0  daddsub_clz.o(x$fpl$dadd)
    _dadd                                    0x08006619   Thumb Code   332  daddsub_clz.o(x$fpl$dadd)
    __fpl_dcheck_NaN1                        0x08006769   Thumb Code    10  dcheck1.o(x$fpl$dcheck1)
    __aeabi_ddiv                             0x08006779   Thumb Code     0  ddiv.o(x$fpl$ddiv)
    _ddiv                                    0x08006779   Thumb Code   552  ddiv.o(x$fpl$ddiv)
    __aeabi_d2iz                             0x08006a29   Thumb Code     0  dfix.o(x$fpl$dfix)
    _dfix                                    0x08006a29   Thumb Code    94  dfix.o(x$fpl$dfix)
    __aeabi_i2d                              0x08006a87   Thumb Code     0  dflt_clz.o(x$fpl$dflt)
    _dflt                                    0x08006a87   Thumb Code    46  dflt_clz.o(x$fpl$dflt)
    __aeabi_ui2d                             0x08006ab5   Thumb Code     0  dflt_clz.o(x$fpl$dfltu)
    _dfltu                                   0x08006ab5   Thumb Code    38  dflt_clz.o(x$fpl$dfltu)
    __aeabi_dmul                             0x08006add   Thumb Code     0  dmul.o(x$fpl$dmul)
    _dmul                                    0x08006add   Thumb Code   332  dmul.o(x$fpl$dmul)
    __fpl_dnaninf                            0x08006c31   Thumb Code   156  dnaninf.o(x$fpl$dnaninf)
    __fpl_dretinf                            0x08006ccd   Thumb Code    12  dretinf.o(x$fpl$dretinf)
    __aeabi_drsub                            0x08006cd9   Thumb Code     0  daddsub_clz.o(x$fpl$drsb)
    _drsb                                    0x08006cd9   Thumb Code    22  daddsub_clz.o(x$fpl$drsb)
    __aeabi_dsub                             0x08006cf1   Thumb Code     0  daddsub_clz.o(x$fpl$dsub)
    _dsub                                    0x08006cf1   Thumb Code   464  daddsub_clz.o(x$fpl$dsub)
    __aeabi_fadd                             0x08006ec5   Thumb Code     0  faddsub_clz.o(x$fpl$fadd)
    _fadd                                    0x08006ec5   Thumb Code   196  faddsub_clz.o(x$fpl$fadd)
    __fpl_fcmp_Inf                           0x08006f89   Thumb Code    24  fcmpi.o(x$fpl$fcmpinf)
    __aeabi_cfcmpeq                          0x08006fa1   Thumb Code     0  feqf.o(x$fpl$feqf)
    _fcmpeq                                  0x08006fa1   Thumb Code   104  feqf.o(x$fpl$feqf)
    __aeabi_f2iz                             0x08007009   Thumb Code     0  ffix.o(x$fpl$ffix)
    _ffix                                    0x08007009   Thumb Code    54  ffix.o(x$fpl$ffix)
    __aeabi_i2f                              0x08007041   Thumb Code     0  fflt_clz.o(x$fpl$fflt)
    _fflt                                    0x08007041   Thumb Code    48  fflt_clz.o(x$fpl$fflt)
    __aeabi_cfcmple                          0x08007071   Thumb Code     0  fleqf.o(x$fpl$fleqf)
    _fcmple                                  0x08007071   Thumb Code   104  fleqf.o(x$fpl$fleqf)
    __fpl_fcmple_InfNaN                      0x080070c3   Thumb Code     0  fleqf.o(x$fpl$fleqf)
    __aeabi_fmul                             0x080070d9   Thumb Code     0  fmul.o(x$fpl$fmul)
    _fmul                                    0x080070d9   Thumb Code   258  fmul.o(x$fpl$fmul)
    __fpl_fnaninf                            0x080071db   Thumb Code   140  fnaninf.o(x$fpl$fnaninf)
    __fpl_fretinf                            0x08007267   Thumb Code    10  fretinf.o(x$fpl$fretinf)
    __aeabi_cfrcmple                         0x08007271   Thumb Code     0  frleqf.o(x$fpl$frleqf)
    _frcmple                                 0x08007271   Thumb Code    98  frleqf.o(x$fpl$frleqf)
    __aeabi_fsub                             0x080072d5   Thumb Code     0  faddsub_clz.o(x$fpl$fsub)
    _fsub                                    0x080072d5   Thumb Code   234  faddsub_clz.o(x$fpl$fsub)
    _printf_fp_dec                           0x080073bf   Thumb Code     4  printf1.o(x$fpl$printf1)
    __fpl_return_NaN                         0x080073c3   Thumb Code   100  retnan.o(x$fpl$retnan)
    __ARM_scalbn                             0x08007427   Thumb Code    92  scalbn.o(x$fpl$scalbn)
    __fpl_cmpreturn                          0x08007483   Thumb Code    48  trapv.o(x$fpl$trapveneer)
    __I$use$fp                               0x080074b2   Number         0  usenofp.o(x$fpl$usenofp)
    Region$$Table$$Base                      0x0800767c   Number         0  anon$$obj.o(Region$$Table)
    Region$$Table$$Limit                     0x0800769c   Number         0  anon$$obj.o(Region$$Table)
    SystemCoreClock                          0x20000000   Data           4  system_stm32f10x.o(.data)
    AHBPrescTable                            0x20000004   Data          16  system_stm32f10x.o(.data)
    Amplitude_PKP                            0x20000018   Data           4  control.o(.data)
    Amplitude_PKI                            0x2000001c   Data           4  control.o(.data)
    Amplitude_PKD                            0x20000020   Data           4  control.o(.data)
    Amplitude_VKP                            0x20000024   Data           4  control.o(.data)
    Amplitude_VKI                            0x20000028   Data           4  control.o(.data)
    LVelocity_KP                             0x2000002c   Data           4  control.o(.data)
    LVelocity_KI                             0x20000030   Data           4  control.o(.data)
    RVelocity_KP                             0x20000034   Data           4  control.o(.data)
    RVelocity_KI                             0x20000038   Data           4  control.o(.data)
    TVelocity_KP                             0x2000003c   Data           4  control.o(.data)
    TVelocity_KI                             0x20000040   Data           4  control.o(.data)
    Position_KP                              0x20000044   Data           4  control.o(.data)
    Position_KI                              0x20000048   Data           4  control.o(.data)
    Position_KD                              0x2000004c   Data           4  control.o(.data)
    __stdout                                 0x200000a0   Data           4  usart.o(.data)
    USART_RX_STA                             0x200000a4   Data           2  usart.o(.data)
    Systick_priority                         0x200000bc   Data           4  fsc_stos.o(.data)
    Null                                     0x200000c0   Data           4  fsc_stos.o(.data)
    MutexOSTaskNum                           0x200000c4   Data           8  fsc_stos.o(.data)
    OSTCBRun                                 0x200000cc   Data           4  fsc_stos.o(.data)
    OSTCBCur                                 0x200000d0   Data           4  fsc_stos.o(.data)
    OSTCBNext                                0x200000d4   Data           4  fsc_stos.o(.data)
    cmd                                      0x200000d8   Data           8  fsc_stos.o(.data)
    LeftWheel                                0x200000e4   Data          20  control.o(.bss)
    RightWheel                               0x200000f8   Data          20  control.o(.bss)
    ThreeWheel                               0x2000010c   Data          20  control.o(.bss)
    AllWheel                                 0x20000120   Data          20  control.o(.bss)
    PID_Control                              0x20000134   Data          40  control.o(.bss)
    GetEncoder                               0x2000015c   Data          40  encoder.o(.bss)
    TXData                                   0x20000314   Data         100  bsp_usart.o(.bss)
    RXData                                   0x20000378   Data         100  bsp_usart.o(.bss)
    USART_RX_BUF                             0x200003dc   Data         200  usart.o(.bss)
    TASK_IDLE_STK                            0x200004a8   Data          64  fsc_stos.o(.bss)
    TASK_MANAGE_STK                          0x200004e8   Data         512  fsc_stos.o(.bss)
    OS_Sys                                   0x200006e8   Data          80  fsc_stos.o(.bss)
    OS_Perip                                 0x20000738   Data          33  fsc_stos.o(.bss)
    OS_System                                0x2000075c   Data          20  fsc_stos.o(.bss)
    OSTCBTbl                                 0x20000770   Data         832  fsc_stos.o(.bss)
    Task1_Stk                                0x20000ab0   Data         512  main_1.o(.bss)
    Task2_Stk                                0x20000cb0   Data         512  main_1.o(.bss)
    Task3_Stk                                0x20000eb0   Data         512  main_1.o(.bss)
    Task4_Stk                                0x200010b0   Data         512  main_1.o(.bss)
    Task5_Stk                                0x200012b0   Data         512  main_1.o(.bss)
    __libspace_start                         0x200014b0   Data          96  libspace.o(.bss)
    __temporary_stack_top$libspace           0x20001510   Data           0  libspace.o(.bss)



==============================================================================

Memory Map of the image

  Image Entry point : 0x08000131

  Load Region LR_IROM1 (Base: 0x08000000, Size: 0x0000779c, Max: 0x00080000, ABSOLUTE)

    Execution Region ER_IROM1 (Base: 0x08000000, Size: 0x000076b8, Max: 0x00080000, ABSOLUTE)

    Base Addr    Size         Type   Attr      Idx    E Section Name        Object

    0x08000000   0x00000130   Data   RO          338    RESET               startup_stm32f10x_hd.o
    0x08000130   0x00000008   Code   RO          646  * !!!main             c_w.l(__main.o)
    0x08000138   0x00000034   Code   RO          986    !!!scatter          c_w.l(__scatter.o)
    0x0800016c   0x0000001a   Code   RO          988    !!handler_copy      c_w.l(__scatter_copy.o)
    0x08000186   0x00000002   PAD
    0x08000188   0x0000001c   Code   RO          990    !!handler_zi        c_w.l(__scatter_zi.o)
    0x080001a4   0x00000000   Code   RO          636    .ARM.Collect$$_printf_percent$$00000000  c_w.l(_printf_percent.o)
    0x080001a4   0x00000006   Code   RO          635    .ARM.Collect$$_printf_percent$$00000003  c_w.l(_printf_f.o)
    0x080001aa   0x00000006   Code   RO          634    .ARM.Collect$$_printf_percent$$00000009  c_w.l(_printf_d.o)
    0x080001b0   0x00000006   Code   RO          633    .ARM.Collect$$_printf_percent$$00000014  c_w.l(_printf_s.o)
    0x080001b6   0x00000004   Code   RO          725    .ARM.Collect$$_printf_percent$$00000017  c_w.l(_printf_percent_end.o)
    0x080001ba   0x00000002   Code   RO          858    .ARM.Collect$$libinit$$00000000  c_w.l(libinit.o)
    0x080001bc   0x00000000   Code   RO          860    .ARM.Collect$$libinit$$00000002  c_w.l(libinit2.o)
    0x080001bc   0x00000000   Code   RO          862    .ARM.Collect$$libinit$$00000004  c_w.l(libinit2.o)
    0x080001bc   0x00000000   Code   RO          865    .ARM.Collect$$libinit$$0000000A  c_w.l(libinit2.o)
    0x080001bc   0x00000000   Code   RO          867    .ARM.Collect$$libinit$$0000000C  c_w.l(libinit2.o)
    0x080001bc   0x00000000   Code   RO          869    .ARM.Collect$$libinit$$0000000E  c_w.l(libinit2.o)
    0x080001bc   0x00000006   Code   RO          870    .ARM.Collect$$libinit$$0000000F  c_w.l(libinit2.o)
    0x080001c2   0x00000000   Code   RO          872    .ARM.Collect$$libinit$$00000011  c_w.l(libinit2.o)
    0x080001c2   0x00000000   Code   RO          874    .ARM.Collect$$libinit$$00000013  c_w.l(libinit2.o)
    0x080001c2   0x00000000   Code   RO          876    .ARM.Collect$$libinit$$00000015  c_w.l(libinit2.o)
    0x080001c2   0x0000000a   Code   RO          877    .ARM.Collect$$libinit$$00000016  c_w.l(libinit2.o)
    0x080001cc   0x00000000   Code   RO          878    .ARM.Collect$$libinit$$00000017  c_w.l(libinit2.o)
    0x080001cc   0x00000000   Code   RO          880    .ARM.Collect$$libinit$$00000019  c_w.l(libinit2.o)
    0x080001cc   0x00000000   Code   RO          882    .ARM.Collect$$libinit$$0000001B  c_w.l(libinit2.o)
    0x080001cc   0x00000000   Code   RO          884    .ARM.Collect$$libinit$$0000001D  c_w.l(libinit2.o)
    0x080001cc   0x00000000   Code   RO          886    .ARM.Collect$$libinit$$0000001F  c_w.l(libinit2.o)
    0x080001cc   0x00000000   Code   RO          888    .ARM.Collect$$libinit$$00000021  c_w.l(libinit2.o)
    0x080001cc   0x00000000   Code   RO          890    .ARM.Collect$$libinit$$00000023  c_w.l(libinit2.o)
    0x080001cc   0x00000000   Code   RO          892    .ARM.Collect$$libinit$$00000025  c_w.l(libinit2.o)
    0x080001cc   0x00000000   Code   RO          896    .ARM.Collect$$libinit$$0000002C  c_w.l(libinit2.o)
    0x080001cc   0x00000000   Code   RO          898    .ARM.Collect$$libinit$$0000002E  c_w.l(libinit2.o)
    0x080001cc   0x00000000   Code   RO          900    .ARM.Collect$$libinit$$00000030  c_w.l(libinit2.o)
    0x080001cc   0x00000000   Code   RO          902    .ARM.Collect$$libinit$$00000032  c_w.l(libinit2.o)
    0x080001cc   0x00000002   Code   RO          903    .ARM.Collect$$libinit$$00000033  c_w.l(libinit2.o)
    0x080001ce   0x00000002   Code   RO          937    .ARM.Collect$$libshutdown$$00000000  c_w.l(libshutdown.o)
    0x080001d0   0x00000000   Code   RO          947    .ARM.Collect$$libshutdown$$00000003  c_w.l(libshutdown2.o)
    0x080001d0   0x00000000   Code   RO          950    .ARM.Collect$$libshutdown$$00000006  c_w.l(libshutdown2.o)
    0x080001d0   0x00000000   Code   RO          953    .ARM.Collect$$libshutdown$$00000009  c_w.l(libshutdown2.o)
    0x080001d0   0x00000000   Code   RO          955    .ARM.Collect$$libshutdown$$0000000B  c_w.l(libshutdown2.o)
    0x080001d0   0x00000000   Code   RO          958    .ARM.Collect$$libshutdown$$0000000E  c_w.l(libshutdown2.o)
    0x080001d0   0x00000002   Code   RO          959    .ARM.Collect$$libshutdown$$0000000F  c_w.l(libshutdown2.o)
    0x080001d2   0x00000000   Code   RO          714    .ARM.Collect$$rtentry$$00000000  c_w.l(__rtentry.o)
    0x080001d2   0x00000000   Code   RO          770    .ARM.Collect$$rtentry$$00000002  c_w.l(__rtentry2.o)
    0x080001d2   0x00000006   Code   RO          782    .ARM.Collect$$rtentry$$00000004  c_w.l(__rtentry4.o)
    0x080001d8   0x00000000   Code   RO          772    .ARM.Collect$$rtentry$$00000009  c_w.l(__rtentry2.o)
    0x080001d8   0x00000004   Code   RO          773    .ARM.Collect$$rtentry$$0000000A  c_w.l(__rtentry2.o)
    0x080001dc   0x00000000   Code   RO          775    .ARM.Collect$$rtentry$$0000000C  c_w.l(__rtentry2.o)
    0x080001dc   0x00000008   Code   RO          776    .ARM.Collect$$rtentry$$0000000D  c_w.l(__rtentry2.o)
    0x080001e4   0x00000002   Code   RO          906    .ARM.Collect$$rtexit$$00000000  c_w.l(rtexit.o)
    0x080001e6   0x00000000   Code   RO          915    .ARM.Collect$$rtexit$$00000002  c_w.l(rtexit2.o)
    0x080001e6   0x00000004   Code   RO          916    .ARM.Collect$$rtexit$$00000003  c_w.l(rtexit2.o)
    0x080001ea   0x00000006   Code   RO          917    .ARM.Collect$$rtexit$$00000004  c_w.l(rtexit2.o)
    0x080001f0   0x00000016   Code   RO            1    .text               stm32f10x_it.o
    0x08000206   0x00000002   PAD
    0x08000208   0x000001e0   Code   RO           74    .text               system_stm32f10x.o
    0x080003e8   0x00000410   Code   RO           92    .text               timer.o
    0x080007f8   0x00000a0c   Code   RO          151    .text               control.o
    0x08001204   0x0000029c   Code   RO          182    .text               dealdata.o
    0x080014a0   0x000002a0   Code   RO          207    .text               encoder.o
    0x08001740   0x0000039c   Code   RO          225    .text               myiic.o
    0x08001adc   0x000000cc   Code   RO          240    .text               gy85.o
    0x08001ba8   0x0000000c   Code   RO          252    .text               sys.o
    0x08001bb4   0x00000244   Code   RO          264    .text               bsp_usart.o
    0x08001df8   0x00000148   Code   RO          302    .text               usart.o
    0x08001f40   0x00000040   Code   RO          339    .text               startup_stm32f10x_hd.o
    0x08001f80   0x000000dc   Code   RO          343    .text               misc.o
    0x0800205c   0x0000035c   Code   RO          355    .text               stm32f10x_gpio.o
    0x080023b8   0x000003a4   Code   RO          367    .text               stm32f10x_rcc.o
    0x0800275c   0x00000408   Code   RO          381    .text               stm32f10x_usart.o
    0x08002b64   0x00000e1a   Code   RO          393    .text               stm32f10x_tim.o
    0x0800397e   0x00000002   PAD
    0x08003980   0x00000254   Code   RO          420    .text               stm32f10x_dma.o
    0x08003bd4   0x00000a78   Code   RO          432    .text               fsc_stos.o
    0x0800464c   0x00000184   Code   RO          461    .text               main_1.o
    0x080047d0   0x00000130   Code   RO          484    .text               FSC_STOS.lib(fsc_stos.o)
    0x08004900   0x00000002   Code   RO          601    .text               c_w.l(use_no_semi_2.o)
    0x08004902   0x00000002   PAD
    0x08004904   0x00000018   Code   RO          605    .text               c_w.l(noretval__2printf.o)
    0x0800491c   0x00000052   Code   RO          609    .text               c_w.l(_printf_str.o)
    0x0800496e   0x00000002   PAD
    0x08004970   0x00000078   Code   RO          611    .text               c_w.l(_printf_dec.o)
    0x080049e8   0x00000138   Code   RO          625    .text               c_w.l(__printf_flags_wp.o)
    0x08004b20   0x0000000c   Code   RO          637    .text               c_w.l(strtok.o)
    0x08004b2c   0x0000008a   Code   RO          640    .text               c_w.l(rt_memcpy_v6.o)
    0x08004bb6   0x00000002   PAD
    0x08004bb8   0x00000080   Code   RO          642    .text               c_w.l(strcmpv7m.o)
    0x08004c38   0x00000006   Code   RO          644    .text               c_w.l(heapauxi.o)
    0x08004c3e   0x00000002   Code   RO          712    .text               c_w.l(use_no_semi.o)
    0x08004c40   0x00000016   Code   RO          715    .text               c_w.l(_rserrno.o)
    0x08004c56   0x000000b2   Code   RO          717    .text               c_w.l(_printf_intcommon.o)
    0x08004d08   0x0000041a   Code   RO          719    .text               c_w.l(_printf_fp_dec.o)
    0x08005122   0x0000002c   Code   RO          721    .text               c_w.l(_printf_char.o)
    0x0800514e   0x00000002   PAD
    0x08005150   0x00000024   Code   RO          723    .text               c_w.l(_printf_char_file.o)
    0x08005174   0x00000044   Code   RO          726    .text               c_w.l(strtok_int.o)
    0x080051b8   0x00000064   Code   RO          728    .text               c_w.l(rt_memcpy_w.o)
    0x0800521c   0x00000008   Code   RO          787    .text               c_w.l(rt_locale_intlibspace.o)
    0x08005224   0x00000008   Code   RO          792    .text               c_w.l(rt_errno_addr_intlibspace.o)
    0x0800522c   0x0000008a   Code   RO          794    .text               c_w.l(lludiv10.o)
    0x080052b6   0x00000002   PAD
    0x080052b8   0x00000030   Code   RO          796    .text               c_w.l(_printf_char_common.o)
    0x080052e8   0x00000080   Code   RO          798    .text               c_w.l(_printf_fp_infnan.o)
    0x08005368   0x000000dc   Code   RO          800    .text               c_w.l(bigflt0.o)
    0x08005444   0x00000008   Code   RO          825    .text               c_w.l(ferror.o)
    0x0800544c   0x00000020   Code   RO          832    .text               c_w.l(strcspn.o)
    0x0800546c   0x0000001c   Code   RO          834    .text               c_w.l(strspn.o)
    0x08005488   0x00000008   Code   RO          844    .text               c_w.l(libspace.o)
    0x08005490   0x0000004a   Code   RO          847    .text               c_w.l(sys_stackheap_outer.o)
    0x080054da   0x0000000c   Code   RO          851    .text               c_w.l(exit.o)
    0x080054e6   0x0000003e   Code   RO          803    CL$$btod_d2e        c_w.l(btod.o)
    0x08005524   0x00000046   Code   RO          805    CL$$btod_d2e_denorm_low  c_w.l(btod.o)
    0x0800556a   0x00000060   Code   RO          804    CL$$btod_d2e_norm_op1  c_w.l(btod.o)
    0x080055ca   0x00000338   Code   RO          813    CL$$btod_div_common  c_w.l(btod.o)
    0x08005902   0x000000c6   Code   RO          810    CL$$btod_e2e        c_w.l(btod.o)
    0x080059c8   0x00000028   Code   RO          807    CL$$btod_ediv       c_w.l(btod.o)
    0x080059f0   0x00000028   Code   RO          806    CL$$btod_emul       c_w.l(btod.o)
    0x08005a18   0x00000244   Code   RO          812    CL$$btod_mult_common  c_w.l(btod.o)
    0x08005c5c   0x000001dc   Code   RO          487    i.OSCoreSW          FSC_STOS.lib(fsc_stos_a.o)
    0x08005e38   0x00000028   Code   RO          840    i.__ARM_fpclassify  m_ws.l(fpclassify.o)
    0x08005e60   0x00000388   Code   RO          758    i.__ieee754_rem_pio2  m_ws.l(rred.o)
    0x080061e8   0x000000fc   Code   RO          741    i.__kernel_cos      m_ws.l(cos_i.o)
    0x080062e4   0x000000aa   Code   RO          842    i.__kernel_poly     m_ws.l(poly.o)
    0x0800638e   0x00000002   PAD
    0x08006390   0x000000ec   Code   RO          763    i.__kernel_sin      m_ws.l(sin_i.o)
    0x0800647c   0x00000006   Code   RO          745    i.__mathlib_dbl_infnan  m_ws.l(dunder.o)
    0x08006482   0x0000000c   Code   RO          747    i.__mathlib_dbl_invalid  m_ws.l(dunder.o)
    0x0800648e   0x00000002   PAD
    0x08006490   0x00000010   Code   RO          750    i.__mathlib_dbl_underflow  m_ws.l(dunder.o)
    0x080064a0   0x0000000e   Code   RO          623    i._is_digit         c_w.l(__printf_wp.o)
    0x080064ae   0x00000002   PAD
    0x080064b0   0x0000009c   Code   RO          697    i.cos               m_ws.l(cos.o)
    0x0800654c   0x000000a0   Code   RO          705    i.sin               m_ws.l(sin.o)
    0x080065ec   0x0000002c   Code   RO          830    locale$$code        c_w.l(lc_numeric_c.o)
    0x08006618   0x00000150   Code   RO          648    x$fpl$dadd          fz_ws.l(daddsub_clz.o)
    0x08006768   0x00000010   Code   RO          904    x$fpl$dcheck1       fz_ws.l(dcheck1.o)
    0x08006778   0x000002b0   Code   RO          655    x$fpl$ddiv          fz_ws.l(ddiv.o)
    0x08006a28   0x0000005e   Code   RO          658    x$fpl$dfix          fz_ws.l(dfix.o)
    0x08006a86   0x0000002e   Code   RO          663    x$fpl$dflt          fz_ws.l(dflt_clz.o)
    0x08006ab4   0x00000026   Code   RO          662    x$fpl$dfltu         fz_ws.l(dflt_clz.o)
    0x08006ada   0x00000002   PAD
    0x08006adc   0x00000154   Code   RO          668    x$fpl$dmul          fz_ws.l(dmul.o)
    0x08006c30   0x0000009c   Code   RO          730    x$fpl$dnaninf       fz_ws.l(dnaninf.o)
    0x08006ccc   0x0000000c   Code   RO          732    x$fpl$dretinf       fz_ws.l(dretinf.o)
    0x08006cd8   0x00000016   Code   RO          649    x$fpl$drsb          fz_ws.l(daddsub_clz.o)
    0x08006cee   0x00000002   PAD
    0x08006cf0   0x000001d4   Code   RO          650    x$fpl$dsub          fz_ws.l(daddsub_clz.o)
    0x08006ec4   0x000000c4   Code   RO          670    x$fpl$fadd          fz_ws.l(faddsub_clz.o)
    0x08006f88   0x00000018   Code   RO          734    x$fpl$fcmpinf       fz_ws.l(fcmpi.o)
    0x08006fa0   0x00000068   Code   RO          676    x$fpl$feqf          fz_ws.l(feqf.o)
    0x08007008   0x00000036   Code   RO          678    x$fpl$ffix          fz_ws.l(ffix.o)
    0x0800703e   0x00000002   PAD
    0x08007040   0x00000030   Code   RO          683    x$fpl$fflt          fz_ws.l(fflt_clz.o)
    0x08007070   0x00000068   Code   RO          688    x$fpl$fleqf         fz_ws.l(fleqf.o)
    0x080070d8   0x00000102   Code   RO          690    x$fpl$fmul          fz_ws.l(fmul.o)
    0x080071da   0x0000008c   Code   RO          736    x$fpl$fnaninf       fz_ws.l(fnaninf.o)
    0x08007266   0x0000000a   Code   RO          738    x$fpl$fretinf       fz_ws.l(fretinf.o)
    0x08007270   0x00000062   Code   RO          692    x$fpl$frleqf        fz_ws.l(frleqf.o)
    0x080072d2   0x00000002   PAD
    0x080072d4   0x000000ea   Code   RO          672    x$fpl$fsub          fz_ws.l(faddsub_clz.o)
    0x080073be   0x00000004   Code   RO          694    x$fpl$printf1       fz_ws.l(printf1.o)
    0x080073c2   0x00000064   Code   RO          912    x$fpl$retnan        fz_ws.l(retnan.o)
    0x08007426   0x0000005c   Code   RO          838    x$fpl$scalbn        fz_ws.l(scalbn.o)
    0x08007482   0x00000030   Code   RO          925    x$fpl$trapveneer    fz_ws.l(trapv.o)
    0x080074b2   0x00000000   Code   RO          740    x$fpl$usenofp       fz_ws.l(usenofp.o)
    0x080074b2   0x00000011   Data   RO          626    .constdata          c_w.l(__printf_flags_wp.o)
    0x080074c3   0x00000005   PAD
    0x080074c8   0x00000030   Data   RO          742    .constdata          m_ws.l(cos_i.o)
    0x080074f8   0x000000c8   Data   RO          760    .constdata          m_ws.l(rred.o)
    0x080075c0   0x00000028   Data   RO          764    .constdata          m_ws.l(sin_i.o)
    0x080075e8   0x00000094   Data   RO          801    .constdata          c_w.l(bigflt0.o)
    0x0800767c   0x00000020   Data   RO          984    Region$$Table       anon$$obj.o
    0x0800769c   0x0000001c   Data   RO          829    locale$$data        c_w.l(lc_numeric_c.o)


    Execution Region RW_IRAM1 (Base: 0x20000000, Size: 0x00001b10, Max: 0x00010000, ABSOLUTE)

    Base Addr    Size         Type   Attr      Idx    E Section Name        Object

    0x20000000   0x00000014   Data   RW           75    .data               system_stm32f10x.o
    0x20000014   0x00000004   PAD
    0x20000018   0x00000088   Data   RW          153    .data               control.o
    0x200000a0   0x00000006   Data   RW          304    .data               usart.o
    0x200000a6   0x00000014   Data   RW          368    .data               stm32f10x_rcc.o
    0x200000ba   0x00000002   PAD
    0x200000bc   0x00000024   Data   RW          434    .data               fsc_stos.o
    0x200000e0   0x00000004   Data   RW          638    .data               c_w.l(strtok.o)
    0x200000e4   0x00000078   Zero   RW          152    .bss                control.o
    0x2000015c   0x00000028   Zero   RW          208    .bss                encoder.o
    0x20000184   0x00000258   Zero   RW          265    .bss                bsp_usart.o
    0x200003dc   0x000000c8   Zero   RW          303    .bss                usart.o
    0x200004a4   0x00000004   PAD
    0x200004a8   0x00000608   Zero   RW          433    .bss                fsc_stos.o
    0x20000ab0   0x00000a00   Zero   RW          462    .bss                main_1.o
    0x200014b0   0x00000060   Zero   RW          845    .bss                c_w.l(libspace.o)
    0x20001510   0x00000200   Zero   RW          337    HEAP                startup_stm32f10x_hd.o
    0x20001710   0x00000400   Zero   RW          336    STACK               startup_stm32f10x_hd.o


==============================================================================

Image component sizes


      Code (inc. data)   RO Data    RW Data    ZI Data      Debug   Object Name

       580         24          0          0        600      14286   bsp_usart.o
      2572        212          0        136        120       6459   control.o
         0          0          0          0          0         32   core_cm3.o
       668         22          0          0          0       1181   dealdata.o
       672         22          0          0         40       2143   encoder.o
      2680        360          0         36       1544       8818   fsc_stos.o
       204          0          0          0          0       1010   gy85.o
       388        136          0          0       2560       2153   main_1.o
       220         22          0          0          0       1753   misc.o
       924          8          0          0          0       2958   myiic.o
        64         26        304          0       1536        772   startup_stm32f10x_hd.o
       596          8          0          0          0       4278   stm32f10x_dma.o
       860         38          0          0          0       5597   stm32f10x_gpio.o
        22          0          0          0          0      48883   stm32f10x_it.o
       932         36          0         20          0       8740   stm32f10x_rcc.o
      3610         88          0          0          0      22080   stm32f10x_tim.o
      1032         22          0          0          0       8320   stm32f10x_usart.o
        12          0          0          0          0        425   sys.o
       480         38          0         20          0       1667   system_stm32f10x.o
      1040         34          0          0          0     207063   timer.o
       328         18          0          6        200       3074   usart.o

    ----------------------------------------------------------------------
     17888       1114        336        224       6604     351692   Object Totals
         0          0         32          0          0          0   (incl. Generated)
         4          0          0          6          4          0   (incl. Padding)

    ----------------------------------------------------------------------

      Code (inc. data)   RO Data    RW Data    ZI Data      Debug   Library Member Name

       304         16          0          0          0        352   fsc_stos.o
       476         20          0          0          0      59060   fsc_stos_a.o
         8          0          0          0          0         68   __main.o
       312          4         17          0          0         92   __printf_flags_wp.o
        14          0          0          0          0         68   __printf_wp.o
         0          0          0          0          0          0   __rtentry.o
        12          0          0          0          0          0   __rtentry2.o
         6          0          0          0          0          0   __rtentry4.o
        52          8          0          0          0          0   __scatter.o
        26          0          0          0          0          0   __scatter_copy.o
        28          0          0          0          0          0   __scatter_zi.o
        44          0          0          0          0        108   _printf_char.o
        48          6          0          0          0         96   _printf_char_common.o
        36          4          0          0          0         80   _printf_char_file.o
         6          0          0          0          0          0   _printf_d.o
       120         16          0          0          0         92   _printf_dec.o
         6          0          0          0          0          0   _printf_f.o
      1050          0          0          0          0        216   _printf_fp_dec.o
       128         16          0          0          0         84   _printf_fp_infnan.o
       178          0          0          0          0         88   _printf_intcommon.o
         0          0          0          0          0          0   _printf_percent.o
         4          0          0          0          0          0   _printf_percent_end.o
         6          0          0          0          0          0   _printf_s.o
        82          0          0          0          0         80   _printf_str.o
        22          0          0          0          0        100   _rserrno.o
       220          4        148          0          0         96   bigflt0.o
      1910        128          0          0          0        672   btod.o
        12          0          0          0          0         72   exit.o
         8          0          0          0          0         68   ferror.o
         6          0          0          0          0        152   heapauxi.o
        44         10         28          0          0         76   lc_numeric_c.o
         2          0          0          0          0          0   libinit.o
        18          0          0          0          0          0   libinit2.o
         2          0          0          0          0          0   libshutdown.o
         2          0          0          0          0          0   libshutdown2.o
         8          4          0          0         96         68   libspace.o
       138          0          0          0          0         80   lludiv10.o
        24          4          0          0          0         84   noretval__2printf.o
         8          4          0          0          0         68   rt_errno_addr_intlibspace.o
         8          4          0          0          0         68   rt_locale_intlibspace.o
       138          0          0          0          0         68   rt_memcpy_v6.o
       100          0          0          0          0         80   rt_memcpy_w.o
         2          0          0          0          0          0   rtexit.o
        10          0          0          0          0          0   rtexit2.o
       128          0          0          0          0         68   strcmpv7m.o
        32          0          0          0          0         80   strcspn.o
        28          0          0          0          0         80   strspn.o
        12          6          0          4          0         68   strtok.o
        68          4          0          0          0         84   strtok_int.o
        74          0          0          0          0         80   sys_stackheap_outer.o
         2          0          0          0          0         68   use_no_semi.o
         2          0          0          0          0         68   use_no_semi_2.o
       826         16          0          0          0        348   daddsub_clz.o
        16          4          0          0          0         68   dcheck1.o
       688        140          0          0          0        208   ddiv.o
        94          4          0          0          0         92   dfix.o
        84          0          0          0          0        136   dflt_clz.o
       340         12          0          0          0        104   dmul.o
       156          4          0          0          0         92   dnaninf.o
        12          0          0          0          0         68   dretinf.o
       430          8          0          0          0        168   faddsub_clz.o
        24          0          0          0          0         68   fcmpi.o
       104          4          0          0          0         84   feqf.o
        54          4          0          0          0         84   ffix.o
        48          0          0          0          0         68   fflt_clz.o
       104          4          0          0          0         84   fleqf.o
       258          4          0          0          0         84   fmul.o
       140          4          0          0          0         84   fnaninf.o
        10          0          0          0          0         68   fretinf.o
        98          0          0          0          0         68   frleqf.o
         4          0          0          0          0         68   printf1.o
       100          0          0          0          0         68   retnan.o
        92          0          0          0          0         68   scalbn.o
        48          0          0          0          0         68   trapv.o
         0          0          0          0          0          0   usenofp.o
       156          8          0          0          0        104   cos.o
       252         22         48          0          0        124   cos_i.o
        34          6          0          0          0        204   dunder.o
        40          0          0          0          0         68   fpclassify.o
       170          0          0          0          0         96   poly.o
       904         76        200          0          0        140   rred.o
       160         10          0          0          0        108   sin.o
       236         12         40          0          0        128   sin_i.o

    ----------------------------------------------------------------------
     11682        600        486          4         96      66052   Library Totals
        26          0          5          0          0          0   (incl. Padding)

    ----------------------------------------------------------------------

      Code (inc. data)   RO Data    RW Data    ZI Data      Debug   Library Name

       780         36          0          0          0      59412   FSC_STOS.lib
      5194        222        193          4         96       3420   c_w.l
      3730        208          0          0          0       2248   fz_ws.l
      1952        134        288          0          0        972   m_ws.l

    ----------------------------------------------------------------------
     11682        600        486          4         96      66052   Library Totals

    ----------------------------------------------------------------------

==============================================================================


      Code (inc. data)   RO Data    RW Data    ZI Data      Debug   

     29570       1714        822        228       6700     412228   Grand Totals
     29570       1714        822        228       6700     412228   ELF Image Totals
     29570       1714        822        228          0          0   ROM Totals

==============================================================================

    Total RO  Size (Code + RO Data)                30392 (  29.68kB)
    Total RW  Size (RW Data + ZI Data)              6928 (   6.77kB)
    Total ROM Size (Code + RO Data + RW Data)      30620 (  29.90kB)

==============================================================================

